INFO:root:info started
INFO:werkzeug: * Restarting with stat
INFO:root:info started
WARNING:werkzeug: * Debugger is active!
INFO:werkzeug: * Debugger PIN: 184-035-845
INFO:werkzeug: * Running on http://localhost:8080/ (Press CTRL+C to quit)
INFO:root:info started
INFO:werkzeug: * Restarting with stat
INFO:root:info started
WARNING:werkzeug: * Debugger is active!
INFO:werkzeug: * Debugger PIN: 184-035-845
INFO:werkzeug: * Running on http://localhost:8080/ (Press CTRL+C to quit)
INFO:werkzeug:127.0.0.1 - - [02/Oct/2019 11:20:00] "GET /html_test HTTP/1.1" 200 -
INFO:werkzeug:127.0.0.1 - - [02/Oct/2019 11:20:01] "GET /favicon.ico HTTP/1.1" 404 -
ERROR:root:info started
INFO:werkzeug: * Restarting with stat
ERROR:root:info started
WARNING:werkzeug: * Debugger is active!
INFO:werkzeug: * Debugger PIN: 184-035-845
INFO:werkzeug: * Running on http://localhost:8080/ (Press CTRL+C to quit)
INFO:werkzeug:127.0.0.1 - - [02/Oct/2019 11:26:36] "GET /html_test HTTP/1.1" 200 -
INFO:werkzeug: * Detected change in 'C:\\Users\\admin\\PycharmProjects\\web_service\\web_service.py', reloading
INFO:werkzeug: * Restarting with stat
ERROR:root:info started
WARNING:werkzeug: * Debugger is active!
INFO:werkzeug: * Debugger PIN: 184-035-845
INFO:werkzeug: * Running on http://localhost:8080/ (Press CTRL+C to quit)
INFO:werkzeug: * Detected change in 'C:\\Users\\admin\\PycharmProjects\\web_service\\web_service.py', reloading
INFO:werkzeug: * Restarting with stat
ERROR:root:info started
WARNING:werkzeug: * Debugger is active!
INFO:werkzeug: * Debugger PIN: 184-035-845
INFO:werkzeug: * Running on http://localhost:8080/ (Press CTRL+C to quit)
INFO:werkzeug: * Detected change in 'C:\\Users\\admin\\PycharmProjects\\web_service\\web_service.py', reloading
INFO:werkzeug: * Restarting with stat
ERROR:root:info started
WARNING:werkzeug: * Debugger is active!
INFO:werkzeug: * Debugger PIN: 184-035-845
INFO:werkzeug: * Running on http://localhost:8080/ (Press CTRL+C to quit)
INFO:root:befor_request
INFO:werkzeug:127.0.0.1 - - [02/Oct/2019 11:30:52] "GET /html_test HTTP/1.1" 200 -
INFO:root:befor_request
INFO:werkzeug:127.0.0.1 - - [02/Oct/2019 11:31:23] "POST /login HTTP/1.1" 200 -
INFO:root:befor_request
INFO:werkzeug:127.0.0.1 - - [02/Oct/2019 11:31:40] "GET / HTTP/1.1" 200 -
INFO:werkzeug: * Detected change in 'C:\\Users\\admin\\PycharmProjects\\web_service\\web_service.py', reloading
INFO:werkzeug: * Restarting with stat
ERROR:root:info started
WARNING:werkzeug: * Debugger is active!
INFO:werkzeug: * Debugger PIN: 184-035-845
INFO:werkzeug: * Running on http://localhost:8080/ (Press CTRL+C to quit)
INFO:werkzeug: * Detected change in 'C:\\Users\\admin\\PycharmProjects\\web_service\\web_service.py', reloading
INFO:werkzeug: * Restarting with stat
ERROR:root:info started
WARNING:werkzeug: * Debugger is active!
INFO:werkzeug: * Debugger PIN: 184-035-845
INFO:werkzeug: * Running on http://localhost:8080/ (Press CTRL+C to quit)
INFO:werkzeug: * Detected change in 'C:\\Users\\admin\\PycharmProjects\\web_service\\web_service.py', reloading
INFO:werkzeug: * Restarting with stat
ERROR:root:info started
INFO:werkzeug: * Restarting with stat
ERROR:root:info started
WARNING:werkzeug: * Debugger is active!
INFO:werkzeug: * Debugger PIN: 184-035-845
INFO:werkzeug: * Running on http://localhost:8080/ (Press CTRL+C to quit)
INFO:root:before_request
INFO:werkzeug:127.0.0.1 - - [02/Oct/2019 12:01:04] "GET /news/main HTTP/1.1" 404 -
INFO:root:before_request
INFO:werkzeug:127.0.0.1 - - [02/Oct/2019 12:01:17] "GET /news/sport HTTP/1.1" 404 -
INFO:root:before_request
INFO:werkzeug:127.0.0.1 - - [02/Oct/2019 12:01:22] "GET /news/sports HTTP/1.1" 404 -
INFO:werkzeug: * Restarting with stat
WARNING:werkzeug: * Debugger is active!
INFO:werkzeug: * Debugger PIN: 184-035-845
INFO:werkzeug: * Running on http://localhost:8080/ (Press CTRL+C to quit)
INFO:werkzeug:127.0.0.1 - - [02/Oct/2019 12:18:54] "GET /html_test HTTP/1.1" 200 -
INFO:werkzeug: * Restarting with stat
WARNING:werkzeug: * Debugger is active!
INFO:werkzeug: * Debugger PIN: 184-035-845
INFO:werkzeug: * Running on http://localhost:8080/ (Press CTRL+C to quit)
INFO:werkzeug:127.0.0.1 - - [02/Oct/2019 12:28:55] "GET /html_test HTTP/1.1" 200 -
INFO:werkzeug:127.0.0.1 - - [02/Oct/2019 12:28:55] "GET /css/bootstrap.min.css HTTP/1.1" 404 -
INFO:werkzeug:127.0.0.1 - - [02/Oct/2019 12:28:55] "GET /js/bootstrap.min.js HTTP/1.1" 404 -
INFO:werkzeug:127.0.0.1 - - [02/Oct/2019 12:29:52] "GET /html_test HTTP/1.1" 200 -
INFO:werkzeug:127.0.0.1 - - [02/Oct/2019 12:29:52] "GET /js/bootstrap.min.js HTTP/1.1" 404 -
INFO:werkzeug:127.0.0.1 - - [02/Oct/2019 12:30:32] "GET /html_test HTTP/1.1" 200 -
INFO:werkzeug:127.0.0.1 - - [02/Oct/2019 12:30:32] "GET /css/bootstrap.min.css HTTP/1.1" 404 -
INFO:werkzeug:127.0.0.1 - - [02/Oct/2019 12:30:33] "GET /js/bootstrap.min.js HTTP/1.1" 404 -
INFO:werkzeug:127.0.0.1 - - [02/Oct/2019 12:30:50] "GET /html_test HTTP/1.1" 200 -
INFO:werkzeug:127.0.0.1 - - [02/Oct/2019 12:30:50] "GET /css/bootstrap.min.css HTTP/1.1" 404 -
INFO:werkzeug:127.0.0.1 - - [02/Oct/2019 12:30:50] "GET /js/bootstrap.min.js HTTP/1.1" 404 -
INFO:werkzeug:127.0.0.1 - - [02/Oct/2019 12:31:08] "GET /html_test HTTP/1.1" 200 -
INFO:werkzeug:127.0.0.1 - - [02/Oct/2019 12:31:08] "GET /css/bootstrap.min.css HTTP/1.1" 404 -
INFO:werkzeug:127.0.0.1 - - [02/Oct/2019 12:31:08] "GET /js/bootstrap.min.js HTTP/1.1" 404 -
INFO:werkzeug:127.0.0.1 - - [02/Oct/2019 12:31:09] "GET /html_test HTTP/1.1" 200 -
INFO:werkzeug:127.0.0.1 - - [02/Oct/2019 12:31:09] "GET /css/bootstrap.min.css HTTP/1.1" 404 -
INFO:werkzeug:127.0.0.1 - - [02/Oct/2019 12:31:09] "GET /js/bootstrap.min.js HTTP/1.1" 404 -
INFO:werkzeug:127.0.0.1 - - [02/Oct/2019 12:32:56] "GET /html_test HTTP/1.1" 200 -
INFO:werkzeug:127.0.0.1 - - [02/Oct/2019 12:32:56] "GET /static/css/bootstrap.min.css HTTP/1.1" 200 -
INFO:werkzeug:127.0.0.1 - - [02/Oct/2019 12:32:56] "GET /static/js/bootstrap.min.js HTTP/1.1" 200 -
INFO:werkzeug:127.0.0.1 - - [02/Oct/2019 12:32:56] "GET /static/css/bootstrap.min.css.map HTTP/1.1" 200 -
INFO:werkzeug:127.0.0.1 - - [02/Oct/2019 12:32:56] "GET /static/js/bootstrap.min.js.map HTTP/1.1" 200 -
INFO:werkzeug:127.0.0.1 - - [02/Oct/2019 12:32:57] "GET /html_test HTTP/1.1" 200 -
INFO:werkzeug:127.0.0.1 - - [02/Oct/2019 12:32:59] "GET /html_test HTTP/1.1" 200 -
INFO:werkzeug:127.0.0.1 - - [02/Oct/2019 12:33:36] "GET /html_test HTTP/1.1" 200 -
INFO:werkzeug:127.0.0.1 - - [02/Oct/2019 12:33:36] "GET /html_test HTTP/1.1" 200 -
INFO:werkzeug:127.0.0.1 - - [02/Oct/2019 12:33:36] "GET /html_test HTTP/1.1" 200 -
INFO:werkzeug: * Detected change in 'C:\\Users\\admin\\PycharmProjects\\web_service\\web_service.py', reloading
INFO:werkzeug: * Restarting with stat
WARNING:werkzeug: * Debugger is active!
INFO:werkzeug: * Debugger PIN: 184-035-845
INFO:werkzeug: * Running on http://localhost:8080/ (Press CTRL+C to quit)
INFO:werkzeug: * Detected change in 'C:\\Users\\admin\\PycharmProjects\\web_service\\web_service.py', reloading
INFO:werkzeug: * Restarting with stat
WARNING:werkzeug: * Debugger is active!
INFO:werkzeug: * Debugger PIN: 184-035-845
INFO:werkzeug: * Running on http://localhost:8080/ (Press CTRL+C to quit)
INFO:werkzeug:127.0.0.1 - - [02/Oct/2019 12:34:35] "GET /html_test HTTP/1.1" 404 -
INFO:werkzeug:127.0.0.1 - - [02/Oct/2019 12:34:36] "GET /news HTTP/1.1" 404 -
INFO:werkzeug:127.0.0.1 - - [02/Oct/2019 12:34:39] "GET / HTTP/1.1" 200 -
INFO:werkzeug: * Detected change in 'C:\\Users\\admin\\PycharmProjects\\web_service\\web_service.py', reloading
INFO:werkzeug: * Restarting with stat
WARNING:werkzeug: * Debugger is active!
INFO:werkzeug: * Debugger PIN: 184-035-845
INFO:werkzeug: * Running on http://localhost:8080/ (Press CTRL+C to quit)
INFO:werkzeug:127.0.0.1 - - [02/Oct/2019 12:36:28] "GET / HTTP/1.1" 200 -
INFO:werkzeug:127.0.0.1 - - [02/Oct/2019 12:42:16] "GET / HTTP/1.1" 200 -
INFO:werkzeug:127.0.0.1 - - [02/Oct/2019 12:43:52] "GET / HTTP/1.1" 200 -
INFO:werkzeug:127.0.0.1 - - [02/Oct/2019 12:44:06] "GET / HTTP/1.1" 200 -
INFO:werkzeug:127.0.0.1 - - [02/Oct/2019 12:44:20] "GET / HTTP/1.1" 200 -
INFO:werkzeug:127.0.0.1 - - [02/Oct/2019 12:47:36] "GET / HTTP/1.1" 200 -
INFO:werkzeug:127.0.0.1 - - [02/Oct/2019 12:47:48] "GET / HTTP/1.1" 200 -
INFO:werkzeug:127.0.0.1 - - [02/Oct/2019 12:48:46] "GET / HTTP/1.1" 200 -
INFO:werkzeug:127.0.0.1 - - [02/Oct/2019 12:48:59] "GET / HTTP/1.1" 200 -
INFO:werkzeug:127.0.0.1 - - [02/Oct/2019 12:49:52] "GET / HTTP/1.1" 200 -
INFO:werkzeug:127.0.0.1 - - [02/Oct/2019 12:50:01] "GET / HTTP/1.1" 200 -
INFO:werkzeug: * Restarting with stat
WARNING:werkzeug: * Debugger is active!
INFO:werkzeug: * Debugger PIN: 184-035-845
INFO:werkzeug: * Running on http://localhost:8080/ (Press CTRL+C to quit)
INFO:werkzeug:127.0.0.1 - - [08/Oct/2019 11:08:47] "GET / HTTP/1.1" 200 -
INFO:werkzeug:127.0.0.1 - - [08/Oct/2019 11:08:47] "GET /static/css/bootstrap.min.css HTTP/1.1" 304 -
INFO:werkzeug:127.0.0.1 - - [08/Oct/2019 11:08:47] "GET /static/js/bootstrap.min.js HTTP/1.1" 304 -
INFO:werkzeug:127.0.0.1 - - [08/Oct/2019 11:08:48] "GET /favicon.ico HTTP/1.1" 404 -
INFO:werkzeug:127.0.0.1 - - [08/Oct/2019 11:08:56] "GET /news/sports HTTP/1.1" 404 -
INFO:werkzeug:127.0.0.1 - - [08/Oct/2019 11:08:59] "GET /news/sport HTTP/1.1" 404 -
INFO:werkzeug:127.0.0.1 - - [08/Oct/2019 11:09:03] "GET /news/main HTTP/1.1" 404 -
INFO:werkzeug:127.0.0.1 - - [08/Oct/2019 11:42:05] "GET / HTTP/1.1" 200 -
INFO:werkzeug:127.0.0.1 - - [08/Oct/2019 11:43:20] "GET / HTTP/1.1" 200 -
INFO:werkzeug:127.0.0.1 - - [08/Oct/2019 11:43:45] "GET / HTTP/1.1" 200 -
INFO:werkzeug:127.0.0.1 - - [08/Oct/2019 11:44:14] "GET / HTTP/1.1" 200 -
INFO:werkzeug:127.0.0.1 - - [08/Oct/2019 11:44:26] "GET / HTTP/1.1" 200 -
INFO:werkzeug:127.0.0.1 - - [08/Oct/2019 11:46:05] "GET / HTTP/1.1" 200 -
INFO:werkzeug:127.0.0.1 - - [08/Oct/2019 11:47:26] "GET / HTTP/1.1" 200 -
INFO:werkzeug:127.0.0.1 - - [08/Oct/2019 11:47:38] "GET / HTTP/1.1" 200 -
INFO:werkzeug:127.0.0.1 - - [08/Oct/2019 11:47:50] "GET / HTTP/1.1" 200 -
INFO:werkzeug:127.0.0.1 - - [08/Oct/2019 11:50:10] "GET / HTTP/1.1" 200 -
INFO:werkzeug:127.0.0.1 - - [08/Oct/2019 11:51:42] "GET / HTTP/1.1" 200 -
INFO:werkzeug:127.0.0.1 - - [08/Oct/2019 11:51:58] "GET / HTTP/1.1" 200 -
INFO:werkzeug:127.0.0.1 - - [08/Oct/2019 12:08:36] "GET / HTTP/1.1" 200 -
INFO:werkzeug:127.0.0.1 - - [08/Oct/2019 12:08:49] "GET / HTTP/1.1" 200 -
INFO:werkzeug:127.0.0.1 - - [08/Oct/2019 12:09:16] "GET / HTTP/1.1" 200 -
INFO:werkzeug:127.0.0.1 - - [08/Oct/2019 12:09:22] "GET / HTTP/1.1" 200 -
INFO:werkzeug:127.0.0.1 - - [08/Oct/2019 12:11:32] "GET / HTTP/1.1" 200 -
INFO:werkzeug:127.0.0.1 - - [08/Oct/2019 12:15:17] "GET / HTTP/1.1" 200 -
INFO:werkzeug:127.0.0.1 - - [08/Oct/2019 12:15:17] "GET / HTTP/1.1" 200 -
INFO:werkzeug:127.0.0.1 - - [08/Oct/2019 12:15:39] "GET / HTTP/1.1" 200 -
INFO:werkzeug:127.0.0.1 - - [08/Oct/2019 12:16:14] "GET / HTTP/1.1" 200 -
INFO:werkzeug:127.0.0.1 - - [08/Oct/2019 12:16:17] "GET / HTTP/1.1" 200 -
INFO:werkzeug:127.0.0.1 - - [08/Oct/2019 12:16:21] "GET / HTTP/1.1" 200 -
INFO:werkzeug:127.0.0.1 - - [08/Oct/2019 12:16:25] "GET / HTTP/1.1" 200 -
INFO:werkzeug:127.0.0.1 - - [08/Oct/2019 12:16:56] "GET / HTTP/1.1" 200 -
INFO:werkzeug:127.0.0.1 - - [08/Oct/2019 12:17:06] "GET / HTTP/1.1" 200 -
INFO:werkzeug:127.0.0.1 - - [08/Oct/2019 12:17:11] "GET / HTTP/1.1" 200 -
INFO:werkzeug:127.0.0.1 - - [08/Oct/2019 12:18:33] "GET / HTTP/1.1" 200 -
INFO:werkzeug:127.0.0.1 - - [08/Oct/2019 12:20:13] "GET / HTTP/1.1" 200 -
INFO:werkzeug:127.0.0.1 - - [08/Oct/2019 12:20:26] "GET / HTTP/1.1" 200 -
INFO:werkzeug:127.0.0.1 - - [08/Oct/2019 12:22:52] "GET / HTTP/1.1" 200 -
INFO:werkzeug:127.0.0.1 - - [08/Oct/2019 12:23:09] "GET / HTTP/1.1" 200 -
INFO:werkzeug:127.0.0.1 - - [08/Oct/2019 12:23:16] "GET / HTTP/1.1" 200 -
INFO:werkzeug:127.0.0.1 - - [08/Oct/2019 12:23:54] "GET / HTTP/1.1" 200 -
INFO:werkzeug:127.0.0.1 - - [08/Oct/2019 12:24:29] "GET / HTTP/1.1" 200 -
INFO:werkzeug:127.0.0.1 - - [08/Oct/2019 12:24:53] "GET / HTTP/1.1" 200 -
INFO:werkzeug:127.0.0.1 - - [08/Oct/2019 12:25:00] "GET / HTTP/1.1" 200 -
INFO:werkzeug:127.0.0.1 - - [08/Oct/2019 12:25:24] "GET / HTTP/1.1" 200 -
INFO:werkzeug:127.0.0.1 - - [08/Oct/2019 12:26:55] "GET / HTTP/1.1" 200 -
INFO:werkzeug:127.0.0.1 - - [08/Oct/2019 12:26:55] "GET / HTTP/1.1" 200 -
INFO:werkzeug:127.0.0.1 - - [08/Oct/2019 12:28:07] "GET / HTTP/1.1" 200 -
INFO:werkzeug:127.0.0.1 - - [08/Oct/2019 12:28:49] "GET / HTTP/1.1" 200 -
INFO:werkzeug:127.0.0.1 - - [08/Oct/2019 12:28:58] "GET / HTTP/1.1" 200 -
INFO:werkzeug:127.0.0.1 - - [08/Oct/2019 12:29:49] "GET / HTTP/1.1" 200 -
INFO:werkzeug:127.0.0.1 - - [08/Oct/2019 12:29:49] "GET / HTTP/1.1" 200 -
INFO:werkzeug:127.0.0.1 - - [08/Oct/2019 12:32:48] "GET / HTTP/1.1" 200 -
INFO:werkzeug:127.0.0.1 - - [08/Oct/2019 12:32:48] "GET /images/card-image.png HTTP/1.1" 404 -
INFO:werkzeug:127.0.0.1 - - [08/Oct/2019 12:33:32] "GET / HTTP/1.1" 200 -
INFO:werkzeug:127.0.0.1 - - [08/Oct/2019 12:34:54] "GET / HTTP/1.1" 200 -
INFO:werkzeug:127.0.0.1 - - [08/Oct/2019 12:35:31] "GET / HTTP/1.1" 200 -
INFO:werkzeug:127.0.0.1 - - [08/Oct/2019 12:37:15] "GET / HTTP/1.1" 200 -
INFO:werkzeug:127.0.0.1 - - [08/Oct/2019 12:37:16] "GET / HTTP/1.1" 200 -
INFO:werkzeug:127.0.0.1 - - [08/Oct/2019 12:38:14] "GET / HTTP/1.1" 200 -
INFO:werkzeug:127.0.0.1 - - [08/Oct/2019 12:38:47] "GET / HTTP/1.1" 200 -
INFO:werkzeug:127.0.0.1 - - [08/Oct/2019 12:39:04] "GET / HTTP/1.1" 200 -
INFO:werkzeug:127.0.0.1 - - [08/Oct/2019 12:39:42] "GET / HTTP/1.1" 200 -
INFO:werkzeug:127.0.0.1 - - [08/Oct/2019 12:41:02] "GET / HTTP/1.1" 200 -
INFO:werkzeug:127.0.0.1 - - [08/Oct/2019 12:41:38] "GET / HTTP/1.1" 200 -
INFO:werkzeug:127.0.0.1 - - [08/Oct/2019 12:42:07] "GET / HTTP/1.1" 200 -
INFO:werkzeug:127.0.0.1 - - [08/Oct/2019 12:45:22] "GET / HTTP/1.1" 200 -
INFO:werkzeug:127.0.0.1 - - [08/Oct/2019 12:45:22] "GET /images/card-image.png HTTP/1.1" 404 -
INFO:werkzeug:127.0.0.1 - - [08/Oct/2019 12:46:08] "GET / HTTP/1.1" 200 -
INFO:werkzeug:127.0.0.1 - - [08/Oct/2019 12:46:57] "GET / HTTP/1.1" 200 -
INFO:werkzeug:127.0.0.1 - - [08/Oct/2019 12:48:30] "GET / HTTP/1.1" 200 -
INFO:werkzeug: * Restarting with stat
WARNING:werkzeug: * Debugger is active!
INFO:werkzeug: * Debugger PIN: 184-035-845
INFO:werkzeug: * Running on http://localhost:8080/ (Press CTRL+C to quit)
INFO:werkzeug:127.0.0.1 - - [22/Oct/2019 12:04:46] "GET / HTTP/1.1" 200 -
INFO:werkzeug:127.0.0.1 - - [22/Oct/2019 12:04:46] "GET /static/css/bootstrap.min.css HTTP/1.1" 304 -
INFO:werkzeug:127.0.0.1 - - [22/Oct/2019 12:04:46] "GET /static/js/bootstrap.min.js HTTP/1.1" 304 -
INFO:werkzeug:127.0.0.1 - - [22/Oct/2019 12:04:46] "GET /favicon.ico HTTP/1.1" 404 -
INFO:werkzeug: * Detected change in 'C:\\Users\\admin\\PycharmProjects\\web_service\\web_service.py', reloading
INFO:werkzeug: * Restarting with stat
WARNING:werkzeug: * Debugger is active!
INFO:werkzeug: * Debugger PIN: 184-035-845
INFO:werkzeug: * Running on http://localhost:8080/ (Press CTRL+C to quit)
INFO:werkzeug: * Restarting with stat
WARNING:werkzeug: * Debugger is active!
INFO:werkzeug: * Debugger PIN: 184-035-845
INFO:werkzeug: * Running on http://localhost:8080/ (Press CTRL+C to quit)
INFO:werkzeug:127.0.0.1 - - [22/Oct/2019 12:39:48] "GET /resource/ressource_check HTTP/1.1" 404 -
INFO:werkzeug:127.0.0.1 - - [22/Oct/2019 12:40:01] "GET /resource/resource_check HTTP/1.1" 404 -
INFO:werkzeug: * Restarting with stat
WARNING:werkzeug: * Debugger is active!
INFO:werkzeug: * Debugger PIN: 184-035-845
INFO:werkzeug: * Running on http://localhost:8080/ (Press CTRL+C to quit)
INFO:werkzeug:127.0.0.1 - - [22/Oct/2019 12:41:38] "GET / HTTP/1.1" 200 -
INFO:werkzeug:127.0.0.1 - - [22/Oct/2019 12:41:50] "GET /resource/resource_check HTTP/1.1" 404 -
INFO:werkzeug:127.0.0.1 - - [22/Oct/2019 12:42:52] "GET /news HTTP/1.1" 404 -
INFO:werkzeug:127.0.0.1 - - [22/Oct/2019 12:42:55] "GET /news/ HTTP/1.1" 404 -
INFO:werkzeug:127.0.0.1 - - [22/Oct/2019 12:42:58] "GET /news/main HTTP/1.1" 404 -
INFO:werkzeug:127.0.0.1 - - [22/Oct/2019 12:43:03] "GET /news/sports HTTP/1.1" 404 -
INFO:werkzeug: * Restarting with stat
WARNING:werkzeug: * Debugger is active!
INFO:werkzeug: * Debugger PIN: 184-035-845
INFO:werkzeug: * Running on http://localhost:8080/ (Press CTRL+C to quit)
INFO:werkzeug:127.0.0.1 - - [22/Oct/2019 12:43:19] "GET /news/sports HTTP/1.1" 404 -
INFO:werkzeug:127.0.0.1 - - [22/Oct/2019 12:43:22] "GET /resource/resource_check HTTP/1.1" 404 -
INFO:werkzeug:127.0.0.1 - - [22/Oct/2019 12:43:22] "GET /resource/resource_check HTTP/1.1" 404 -
INFO:werkzeug:127.0.0.1 - - [22/Oct/2019 12:45:41] "GET /resource/resource_check HTTP/1.1" 404 -
INFO:werkzeug:127.0.0.1 - - [22/Oct/2019 12:45:41] "GET /resource/resource_check HTTP/1.1" 404 -
INFO:werkzeug:127.0.0.1 - - [22/Oct/2019 12:45:42] "GET /resource/resource_check HTTP/1.1" 404 -
INFO:werkzeug:127.0.0.1 - - [22/Oct/2019 12:46:38] "GET /resource/resource_check HTTP/1.1" 404 -
INFO:werkzeug:127.0.0.1 - - [22/Oct/2019 12:46:38] "GET /resource/resource_check HTTP/1.1" 404 -
INFO:werkzeug:127.0.0.1 - - [22/Oct/2019 12:46:38] "GET /resource/resource_check HTTP/1.1" 404 -
INFO:werkzeug:127.0.0.1 - - [22/Oct/2019 12:46:39] "GET /resource/resource_check HTTP/1.1" 404 -
INFO:werkzeug:127.0.0.1 - - [22/Oct/2019 12:46:39] "GET /resource/resource_check HTTP/1.1" 404 -
INFO:werkzeug:127.0.0.1 - - [22/Oct/2019 12:46:39] "GET /resource/resource_check HTTP/1.1" 404 -
INFO:werkzeug:127.0.0.1 - - [22/Oct/2019 12:46:39] "GET /resource/resource_check HTTP/1.1" 404 -
INFO:werkzeug:127.0.0.1 - - [22/Oct/2019 12:46:40] "GET /resource/resource_check HTTP/1.1" 404 -
INFO:werkzeug:127.0.0.1 - - [22/Oct/2019 12:46:40] "GET /resource/resource_check HTTP/1.1" 404 -
INFO:werkzeug:127.0.0.1 - - [22/Oct/2019 12:46:47] "GET /resource/resource_check/ HTTP/1.1" 404 -
INFO:werkzeug:127.0.0.1 - - [22/Oct/2019 12:47:03] "GET /news/main HTTP/1.1" 404 -
INFO:werkzeug:127.0.0.1 - - [22/Oct/2019 12:47:11] "GET /news/sports HTTP/1.1" 404 -
INFO:werkzeug:127.0.0.1 - - [22/Oct/2019 12:47:19] "GET /news/sceince HTTP/1.1" 404 -
INFO:werkzeug: * Restarting with stat
WARNING:werkzeug: * Debugger is active!
INFO:werkzeug: * Debugger PIN: 184-035-845
INFO:werkzeug: * Running on http://localhost:8080/ (Press CTRL+C to quit)
INFO:werkzeug: * Restarting with stat
WARNING:werkzeug: * Debugger is active!
INFO:werkzeug: * Debugger PIN: 184-035-845
INFO:werkzeug: * Running on http://localhost:8080/ (Press CTRL+C to quit)
INFO:werkzeug:127.0.0.1 - - [23/Oct/2019 11:45:02] "GET / HTTP/1.1" 200 -
INFO:werkzeug:127.0.0.1 - - [23/Oct/2019 11:45:02] "GET /static/css/bootstrap.min.css HTTP/1.1" 304 -
INFO:werkzeug:127.0.0.1 - - [23/Oct/2019 11:45:02] "GET /static/js/bootstrap.min.js HTTP/1.1" 304 -
INFO:werkzeug:127.0.0.1 - - [23/Oct/2019 11:45:03] "GET /favicon.ico HTTP/1.1" 404 -
INFO:werkzeug:127.0.0.1 - - [23/Oct/2019 11:45:15] "GET /resource/t2 HTTP/1.1" 404 -
INFO:werkzeug:127.0.0.1 - - [23/Oct/2019 11:45:19] "GET /resource/t1 HTTP/1.1" 404 -
INFO:werkzeug:127.0.0.1 - - [23/Oct/2019 11:45:48] "GET /resource/ HTTP/1.1" 404 -
INFO:werkzeug: * Detected change in 'C:\\Users\\admin\\PycharmProjects\\web_service\\application.py', reloading
INFO:werkzeug: * Restarting with stat
WARNING:werkzeug: * Debugger is active!
INFO:werkzeug: * Debugger PIN: 184-035-845
INFO:werkzeug: * Running on http://localhost:8080/ (Press CTRL+C to quit)
INFO:werkzeug:127.0.0.1 - - [23/Oct/2019 11:46:20] "GET /resource/ HTTP/1.1" 404 -
INFO:werkzeug:127.0.0.1 - - [23/Oct/2019 11:46:25] "GET /resource/t1 HTTP/1.1" 200 -
INFO:werkzeug:127.0.0.1 - - [23/Oct/2019 11:46:31] "GET /resource/t3 HTTP/1.1" 404 -
INFO:werkzeug:127.0.0.1 - - [23/Oct/2019 11:46:34] "GET /resource/t2 HTTP/1.1" 200 -
INFO:werkzeug:127.0.0.1 - - [23/Oct/2019 11:46:51] "GET /news/main HTTP/1.1" 404 -
INFO:werkzeug:127.0.0.1 - - [23/Oct/2019 11:46:54] "GET /news/main/ HTTP/1.1" 404 -
INFO:werkzeug:127.0.0.1 - - [23/Oct/2019 11:47:01] "GET /resource/t2 HTTP/1.1" 200 -
INFO:werkzeug:127.0.0.1 - - [23/Oct/2019 12:18:48] "GET /resource/t1 HTTP/1.1" 200 -
INFO:werkzeug:127.0.0.1 - - [23/Oct/2019 12:18:56] "GET /resource/t1 HTTP/1.1" 200 -
INFO:werkzeug:127.0.0.1 - - [23/Oct/2019 12:21:30] "DELETE /resource/t1 HTTP/1.1" 204 -
INFO:werkzeug:127.0.0.1 - - [23/Oct/2019 12:21:58] "GET /resource/t1 HTTP/1.1" 404 -
INFO:werkzeug:127.0.0.1 - - [23/Oct/2019 12:22:20] "GET /resource/t2 HTTP/1.1" 200 -
INFO:werkzeug:127.0.0.1 - - [23/Oct/2019 12:22:36] "GET /resource/t2 HTTP/1.1" 200 -
INFO:werkzeug:127.0.0.1 - - [23/Oct/2019 12:22:37] "GET /resource/t2 HTTP/1.1" 200 -
INFO:werkzeug:127.0.0.1 - - [23/Oct/2019 12:22:38] "GET /resource/t2 HTTP/1.1" 200 -
INFO:werkzeug:127.0.0.1 - - [23/Oct/2019 12:22:39] "GET /resource/t2 HTTP/1.1" 200 -
INFO:werkzeug:127.0.0.1 - - [23/Oct/2019 12:22:41] "GET /resource/t2 HTTP/1.1" 200 -
INFO:werkzeug:127.0.0.1 - - [23/Oct/2019 12:22:48] "DELETE /resource/t1 HTTP/1.1" 404 -
INFO:werkzeug:127.0.0.1 - - [23/Oct/2019 12:22:49] "DELETE /resource/t1 HTTP/1.1" 404 -
INFO:werkzeug:127.0.0.1 - - [23/Oct/2019 12:22:50] "DELETE /resource/t1 HTTP/1.1" 404 -
INFO:werkzeug:127.0.0.1 - - [23/Oct/2019 12:22:51] "DELETE /resource/t1 HTTP/1.1" 404 -
INFO:werkzeug:127.0.0.1 - - [23/Oct/2019 12:22:52] "DELETE /resource/t1 HTTP/1.1" 404 -
INFO:werkzeug:127.0.0.1 - - [23/Oct/2019 12:22:53] "DELETE /resource/t1 HTTP/1.1" 404 -
INFO:werkzeug:127.0.0.1 - - [23/Oct/2019 12:23:04] "DELETE /resource/t1 HTTP/1.1" 404 -
INFO:werkzeug: * Detected change in 'C:\\Users\\admin\\PycharmProjects\\web_service\\rest_server\\resource.py', reloading
INFO:werkzeug: * Restarting with stat
WARNING:werkzeug: * Debugger is active!
INFO:werkzeug: * Debugger PIN: 184-035-845
INFO:werkzeug: * Running on http://localhost:8080/ (Press CTRL+C to quit)
INFO:werkzeug:127.0.0.1 - - [23/Oct/2019 12:24:01] "DELETE /resource/t1 HTTP/1.1" 204 -
INFO:werkzeug:127.0.0.1 - - [23/Oct/2019 12:24:03] "DELETE /resource/t1 HTTP/1.1" 204 -
INFO:werkzeug:127.0.0.1 - - [23/Oct/2019 12:24:04] "DELETE /resource/t1 HTTP/1.1" 204 -
INFO:werkzeug:127.0.0.1 - - [23/Oct/2019 12:24:05] "DELETE /resource/t1 HTTP/1.1" 204 -
INFO:werkzeug:127.0.0.1 - - [23/Oct/2019 12:24:51] "GET /resource/t2 HTTP/1.1" 200 -
INFO:werkzeug:127.0.0.1 - - [23/Oct/2019 12:25:45] "PUT /resource/t2?temperature=100 HTTP/1.1" 200 -
INFO:werkzeug:127.0.0.1 - - [23/Oct/2019 12:25:53] "GET /resource/t2 HTTP/1.1" 200 -
INFO:werkzeug:127.0.0.1 - - [23/Oct/2019 12:30:54] "PUT /resource/t2?= HTTP/1.1" 200 -
INFO:werkzeug:127.0.0.1 - - [23/Oct/2019 12:30:59] "GET /resource/t2?= HTTP/1.1" 200 -
INFO:werkzeug:127.0.0.1 - - [23/Oct/2019 12:33:32] "PUT /resource/t2?= HTTP/1.1" 200 -
INFO:werkzeug:127.0.0.1 - - [23/Oct/2019 12:33:46] "GET /resource/t2?= HTTP/1.1" 200 -
INFO:werkzeug:127.0.0.1 - - [23/Oct/2019 12:33:48] "GET /resource/t2?= HTTP/1.1" 200 -
INFO:werkzeug: * Detected change in 'C:\\Users\\admin\\PycharmProjects\\web_service\\application.py', reloading
INFO:werkzeug: * Restarting with stat
WARNING:werkzeug: * Debugger is active!
INFO:werkzeug: * Debugger PIN: 184-035-845
INFO:werkzeug: * Running on http://localhost:8080/ (Press CTRL+C to quit)
INFO:werkzeug: * Detected change in 'C:\\Users\\admin\\PycharmProjects\\web_service\\application.py', reloading
INFO:werkzeug: * Restarting with stat
WARNING:werkzeug: * Debugger is active!
INFO:werkzeug: * Debugger PIN: 184-035-845
INFO:werkzeug: * Running on http://localhost:8080/ (Press CTRL+C to quit)
INFO:werkzeug:127.0.0.1 - - [23/Oct/2019 12:40:27] "POST /resource_creation HTTP/1.1" 201 -
INFO:werkzeug:127.0.0.1 - - [23/Oct/2019 12:40:37] "GET /resource/t9 HTTP/1.1" 404 -
INFO:werkzeug:127.0.0.1 - - [23/Oct/2019 12:40:41] "GET /resource/t9 HTTP/1.1" 404 -
INFO:werkzeug:127.0.0.1 - - [23/Oct/2019 12:40:46] "POST /resource_creation HTTP/1.1" 201 -
INFO:werkzeug:127.0.0.1 - - [23/Oct/2019 12:41:22] "GET /resource/resource HTTP/1.1" 404 -
INFO:werkzeug:127.0.0.1 - - [23/Oct/2019 12:41:33] "GET /resource/resource_check HTTP/1.1" 404 -
INFO:werkzeug: * Detected change in 'C:\\Users\\admin\\PycharmProjects\\web_service\\rest_server\\resource.py', reloading
INFO:werkzeug: * Restarting with stat
WARNING:werkzeug: * Debugger is active!
INFO:werkzeug: * Debugger PIN: 184-035-845
INFO:werkzeug: * Running on http://localhost:8080/ (Press CTRL+C to quit)
INFO:werkzeug: * Detected change in 'C:\\Users\\admin\\PycharmProjects\\web_service\\rest_server\\resource.py', reloading
INFO:werkzeug: * Restarting with stat
WARNING:werkzeug: * Debugger is active!
INFO:werkzeug: * Debugger PIN: 184-035-845
INFO:werkzeug: * Running on http://localhost:8080/ (Press CTRL+C to quit)
INFO:werkzeug: * Restarting with stat
WARNING:werkzeug: * Debugger is active!
INFO:werkzeug: * Debugger PIN: 184-035-845
INFO:werkzeug: * Running on http://localhost:8080/ (Press CTRL+C to quit)
INFO:werkzeug: * Restarting with stat
WARNING:werkzeug: * Debugger is active!
INFO:werkzeug: * Debugger PIN: 184-035-845
INFO:werkzeug: * Running on http://localhost:8080/ (Press CTRL+C to quit)
INFO:werkzeug:127.0.0.1 - - [29/Oct/2019 11:13:35] "GET /resource HTTP/1.1" 404 -
INFO:werkzeug:127.0.0.1 - - [29/Oct/2019 11:13:35] "GET /favicon.ico HTTP/1.1" 404 -
INFO:werkzeug:127.0.0.1 - - [29/Oct/2019 11:13:39] "GET  HTTP/1.1" 308 -
INFO:werkzeug:127.0.0.1 - - [29/Oct/2019 11:13:40] "GET / HTTP/1.1" 200 -
INFO:werkzeug:127.0.0.1 - - [29/Oct/2019 11:13:40] "GET /static/js/bootstrap.min.js HTTP/1.1" 304 -
INFO:werkzeug:127.0.0.1 - - [29/Oct/2019 11:13:40] "GET /static/css/bootstrap.min.css HTTP/1.1" 304 -
INFO:werkzeug:127.0.0.1 - - [29/Oct/2019 11:13:45] "GET /resource/t1 HTTP/1.1" 404 -
INFO:werkzeug:127.0.0.1 - - [29/Oct/2019 11:14:22] "GET / HTTP/1.1" 200 -
INFO:werkzeug:127.0.0.1 - - [29/Oct/2019 11:14:51] "PUT /resource/t2?= HTTP/1.1" 200 -
INFO:werkzeug:127.0.0.1 - - [29/Oct/2019 11:15:00] "GET /resource/t2?= HTTP/1.1" 200 -
INFO:werkzeug:127.0.0.1 - - [29/Oct/2019 11:16:03] "PUT /resource/t2?temperature=1000000 HTTP/1.1" 200 -
INFO:werkzeug:127.0.0.1 - - [29/Oct/2019 11:16:12] "GET /resource/t2 HTTP/1.1" 200 -
INFO:werkzeug:127.0.0.1 - - [29/Oct/2019 11:16:23] "DELETE /resource/t2 HTTP/1.1" 204 -
INFO:werkzeug:127.0.0.1 - - [29/Oct/2019 11:16:33] "GET /resource/t2 HTTP/1.1" 404 -
INFO:werkzeug:127.0.0.1 - - [29/Oct/2019 11:16:47] "GET /resource/t2?= HTTP/1.1" 404 -
INFO:werkzeug:127.0.0.1 - - [29/Oct/2019 11:17:47] "GET /resource/ HTTP/1.1" 404 -
INFO:werkzeug:127.0.0.1 - - [29/Oct/2019 11:17:50] "GET /resource HTTP/1.1" 404 -
INFO:werkzeug:127.0.0.1 - - [29/Oct/2019 11:18:05] "GET /news HTTP/1.1" 404 -
INFO:werkzeug:127.0.0.1 - - [29/Oct/2019 11:18:10] "GET /news/main HTTP/1.1" 404 -
INFO:werkzeug: * Detected change in 'C:\\Users\\admin\\PycharmProjects\\web_service\\application.py', reloading
INFO:werkzeug: * Restarting with stat
INFO:root:Flask Web Server Started!!!
WARNING:werkzeug: * Debugger is active!
INFO:werkzeug: * Debugger PIN: 184-035-845
INFO:werkzeug: * Running on http://localhost:8080/ (Press CTRL+C to quit)
INFO:root:Flask Web Server Started!!!
INFO:werkzeug: * Restarting with stat
INFO:root:Flask Web Server Started!!!
WARNING:werkzeug: * Debugger is active!
INFO:werkzeug: * Debugger PIN: 184-035-845
INFO:werkzeug: * Running on http://localhost:8080/ (Press CTRL+C to quit)
INFO:werkzeug:127.0.0.1 - - [29/Oct/2019 11:20:03] "GET / HTTP/1.1" 200 -
INFO:werkzeug:127.0.0.1 - - [29/Oct/2019 11:20:06] "GET / HTTP/1.1" 200 -
INFO:werkzeug:127.0.0.1 - - [29/Oct/2019 11:20:12] "GET /news/main HTTP/1.1" 200 -
INFO:werkzeug:127.0.0.1 - - [29/Oct/2019 11:20:17] "GET /news/sport HTTP/1.1" 404 -
INFO:werkzeug:127.0.0.1 - - [29/Oct/2019 11:20:21] "GET /news/sports HTTP/1.1" 200 -
INFO:werkzeug:127.0.0.1 - - [29/Oct/2019 11:20:28] "GET /resource HTTP/1.1" 404 -
INFO:werkzeug:127.0.0.1 - - [29/Oct/2019 11:20:34] "GET /resource/t1 HTTP/1.1" 404 -
INFO:werkzeug:127.0.0.1 - - [29/Oct/2019 11:20:41] "GET /resource_creation HTTP/1.1" 404 -
INFO:werkzeug:127.0.0.1 - - [29/Oct/2019 11:20:46] "GET /resource HTTP/1.1" 404 -
INFO:werkzeug:127.0.0.1 - - [29/Oct/2019 11:21:12] "GET /resource/t1 HTTP/1.1" 404 -
INFO:werkzeug:127.0.0.1 - - [29/Oct/2019 11:21:20] "GET /resource/resource_check HTTP/1.1" 200 -
INFO:werkzeug: * Restarting with stat
WARNING:werkzeug: * Debugger is active!
INFO:werkzeug: * Debugger PIN: 184-035-845
INFO:werkzeug: * Running on http://localhost:8080/ (Press CTRL+C to quit)
INFO:werkzeug:127.0.0.1 - - [29/Oct/2019 11:22:32] "GET /news/main HTTP/1.1" 404 -
INFO:werkzeug:127.0.0.1 - - [29/Oct/2019 11:22:39] "GET /resource/t1 HTTP/1.1" 404 -
INFO:werkzeug:127.0.0.1 - - [29/Oct/2019 11:22:48] "GET /resource/resource_check HTTP/1.1" 404 -
INFO:werkzeug: * Detected change in 'C:\\Users\\admin\\PycharmProjects\\web_service\\application.py', reloading
INFO:werkzeug: * Restarting with stat
INFO:root:Flask Web Server Started!!!
WARNING:werkzeug: * Debugger is active!
INFO:werkzeug: * Debugger PIN: 184-035-845
INFO:werkzeug: * Running on http://localhost:8080/ (Press CTRL+C to quit)
INFO:root:Flask Web Server Started!!!
INFO:werkzeug: * Restarting with stat
INFO:root:Flask Web Server Started!!!
WARNING:werkzeug: * Debugger is active!
INFO:werkzeug: * Debugger PIN: 184-035-845
INFO:werkzeug: * Running on http://localhost:8080/ (Press CTRL+C to quit)
INFO:werkzeug:127.0.0.1 - - [29/Oct/2019 11:23:13] "GET /resource/resource_check HTTP/1.1" 200 -
INFO:werkzeug: * Detected change in 'C:\\Users\\admin\\PycharmProjects\\web_service\\application.py', reloading
INFO:werkzeug: * Restarting with stat
INFO:root:Flask Web Server Started!!!
WARNING:werkzeug: * Debugger is active!
INFO:werkzeug: * Debugger PIN: 184-035-845
INFO:werkzeug: * Running on http://localhost:8080/ (Press CTRL+C to quit)
INFO:werkzeug:127.0.0.1 - - [29/Oct/2019 11:25:00] "GET /resource/resource_check HTTP/1.1" 200 -
INFO:werkzeug:127.0.0.1 - - [29/Oct/2019 11:30:25] "POST /resource/creation HTTP/1.1" 201 -
INFO:werkzeug:127.0.0.1 - - [29/Oct/2019 11:30:49] "GET /resource/resource_check HTTP/1.1" 200 -
INFO:werkzeug:127.0.0.1 - - [29/Oct/2019 11:30:50] "GET /resource/resource_check HTTP/1.1" 200 -
INFO:werkzeug:127.0.0.1 - - [29/Oct/2019 11:30:51] "GET /resource/resource_check HTTP/1.1" 200 -
INFO:werkzeug:127.0.0.1 - - [29/Oct/2019 11:31:04] "POST /resource/creation HTTP/1.1" 201 -
INFO:werkzeug:127.0.0.1 - - [29/Oct/2019 11:31:05] "POST /resource/creation HTTP/1.1" 201 -
INFO:werkzeug:127.0.0.1 - - [29/Oct/2019 11:31:06] "POST /resource/creation HTTP/1.1" 201 -
INFO:werkzeug:127.0.0.1 - - [29/Oct/2019 11:31:07] "POST /resource/creation HTTP/1.1" 201 -
INFO:werkzeug:127.0.0.1 - - [29/Oct/2019 11:31:09] "GET /resource/resource_check HTTP/1.1" 200 -
INFO:werkzeug:127.0.0.1 - - [29/Oct/2019 11:31:43] "GET /resource/t2?= HTTP/1.1" 404 -
INFO:werkzeug:127.0.0.1 - - [29/Oct/2019 11:31:57] "GET /resource/none HTTP/1.1" 404 -
INFO:root:Flask Web Server Started!!!
INFO:werkzeug: * Restarting with stat
INFO:root:Flask Web Server Started!!!
WARNING:werkzeug: * Debugger is active!
INFO:werkzeug: * Debugger PIN: 184-035-845
INFO:werkzeug: * Running on http://localhost:8080/ (Press CTRL+C to quit)
INFO:root:Flask Web Server Started!!!
INFO:werkzeug: * Restarting with stat
INFO:root:Flask Web Server Started!!!
WARNING:werkzeug: * Debugger is active!
INFO:werkzeug: * Debugger PIN: 184-035-845
INFO:werkzeug: * Running on http://localhost:8080/ (Press CTRL+C to quit)
INFO:werkzeug:127.0.0.1 - - [29/Oct/2019 11:32:42] "GET /resource/resource_check HTTP/1.1" 200 -
INFO:werkzeug:127.0.0.1 - - [29/Oct/2019 11:32:51] "GET /resource/t2 HTTP/1.1" 200 -
INFO:werkzeug:127.0.0.1 - - [29/Oct/2019 11:33:58] "POST /resource_creation HTTP/1.1" 404 -
INFO:werkzeug:127.0.0.1 - - [29/Oct/2019 11:34:02] "GET /resource/resource_check HTTP/1.1" 200 -
INFO:werkzeug:127.0.0.1 - - [29/Oct/2019 11:34:03] "GET /resource/resource_check HTTP/1.1" 200 -
INFO:werkzeug:127.0.0.1 - - [29/Oct/2019 11:34:19] "POST /resource_creation HTTP/1.1" 404 -
INFO:werkzeug:127.0.0.1 - - [29/Oct/2019 11:34:22] "GET /resource/resource_check HTTP/1.1" 200 -
INFO:werkzeug:127.0.0.1 - - [29/Oct/2019 11:34:40] "POST /resource/creation HTTP/1.1" 201 -
INFO:werkzeug:127.0.0.1 - - [29/Oct/2019 11:34:43] "GET /resource/resource_check HTTP/1.1" 200 -
INFO:werkzeug:127.0.0.1 - - [29/Oct/2019 11:34:44] "GET /resource/resource_check HTTP/1.1" 200 -
INFO:werkzeug:127.0.0.1 - - [29/Oct/2019 11:34:44] "GET /resource/resource_check HTTP/1.1" 200 -
INFO:werkzeug:127.0.0.1 - - [29/Oct/2019 11:34:44] "GET /resource/resource_check HTTP/1.1" 200 -
INFO:werkzeug:127.0.0.1 - - [29/Oct/2019 11:34:56] "POST /resource/creation HTTP/1.1" 201 -
INFO:werkzeug:127.0.0.1 - - [29/Oct/2019 11:35:03] "GET /resource/resource_check HTTP/1.1" 200 -
INFO:werkzeug:127.0.0.1 - - [29/Oct/2019 11:35:03] "GET /resource/resource_check HTTP/1.1" 200 -
INFO:werkzeug:127.0.0.1 - - [29/Oct/2019 11:35:16] "POST /resource/creation HTTP/1.1" 201 -
INFO:werkzeug:127.0.0.1 - - [29/Oct/2019 11:35:19] "GET /resource/resource_check HTTP/1.1" 200 -
INFO:werkzeug:127.0.0.1 - - [29/Oct/2019 11:35:45] "POST /resource/creation HTTP/1.1" 201 -
INFO:werkzeug:127.0.0.1 - - [29/Oct/2019 11:35:47] "GET /resource/resource_check HTTP/1.1" 200 -
INFO:werkzeug: * Detected change in 'C:\\Users\\admin\\PycharmProjects\\web_service\\application.py', reloading
INFO:werkzeug: * Restarting with stat
INFO:root:Flask Web Server Started!!!
WARNING:werkzeug: * Debugger is active!
INFO:werkzeug: * Debugger PIN: 184-035-845
INFO:werkzeug: * Running on http://localhost:8080/ (Press CTRL+C to quit)
INFO:root:Flask Web Server Started!!!
INFO:werkzeug: * Restarting with stat
INFO:root:Flask Web Server Started!!!
WARNING:werkzeug: * Debugger is active!
INFO:werkzeug: * Debugger PIN: 184-035-845
INFO:werkzeug: * Running on http://localhost:8080/ (Press CTRL+C to quit)
INFO:werkzeug:127.0.0.1 - - [29/Oct/2019 11:36:08] "POST /resource_creation HTTP/1.1" 201 -
INFO:werkzeug:127.0.0.1 - - [29/Oct/2019 11:36:12] "GET /resource/resource_check HTTP/1.1" 200 -
INFO:werkzeug:127.0.0.1 - - [29/Oct/2019 11:36:16] "POST /resource_creation HTTP/1.1" 201 -
INFO:werkzeug:127.0.0.1 - - [29/Oct/2019 11:36:39] "POST /resource_creation HTTP/1.1" 201 -
INFO:werkzeug:127.0.0.1 - - [29/Oct/2019 11:36:41] "GET /resource/resource_check HTTP/1.1" 200 -
INFO:werkzeug:127.0.0.1 - - [29/Oct/2019 11:36:53] "DELETE /null HTTP/1.1" 404 -
INFO:werkzeug:127.0.0.1 - - [29/Oct/2019 11:37:52] "DELETE /resource/null HTTP/1.1" 204 -
INFO:werkzeug:127.0.0.1 - - [29/Oct/2019 11:37:53] "GET /resource/resource_check HTTP/1.1" 200 -
INFO:werkzeug:127.0.0.1 - - [29/Oct/2019 11:37:55] "GET /resource/resource_check HTTP/1.1" 200 -
INFO:werkzeug:127.0.0.1 - - [29/Oct/2019 11:38:03] "DELETE /resource/None HTTP/1.1" 204 -
INFO:werkzeug:127.0.0.1 - - [29/Oct/2019 11:38:03] "GET /resource/resource_check HTTP/1.1" 200 -
INFO:werkzeug:127.0.0.1 - - [29/Oct/2019 11:38:05] "GET /resource/resource_check HTTP/1.1" 200 -
INFO:werkzeug:127.0.0.1 - - [29/Oct/2019 11:38:05] "GET /resource/resource_check HTTP/1.1" 200 -
INFO:werkzeug:127.0.0.1 - - [29/Oct/2019 11:38:14] "DELETE /resource/null HTTP/1.1" 204 -
INFO:werkzeug:127.0.0.1 - - [29/Oct/2019 11:38:28] "DELETE /resource/t2 HTTP/1.1" 204 -
INFO:werkzeug:127.0.0.1 - - [29/Oct/2019 11:38:29] "GET /resource/resource_check HTTP/1.1" 200 -
INFO:werkzeug: * Detected change in 'C:\\Users\\admin\\PycharmProjects\\web_service\\rest_server\\resource.py', reloading
INFO:werkzeug: * Restarting with stat
INFO:root:Flask Web Server Started!!!
WARNING:werkzeug: * Debugger is active!
INFO:werkzeug: * Debugger PIN: 184-035-845
INFO:werkzeug: * Running on http://localhost:8080/ (Press CTRL+C to quit)
INFO:werkzeug: * Detected change in 'C:\\Users\\admin\\PycharmProjects\\web_service\\rest_server\\resource.py', reloading
INFO:werkzeug: * Restarting with stat
INFO:root:Flask Web Server Started!!!
WARNING:werkzeug: * Debugger is active!
INFO:werkzeug: * Debugger PIN: 184-035-845
INFO:werkzeug: * Running on http://localhost:8080/ (Press CTRL+C to quit)
INFO:werkzeug: * Detected change in 'C:\\Users\\admin\\PycharmProjects\\web_service\\application.py', reloading
INFO:werkzeug: * Restarting with stat
INFO:root:Flask Web Server Started!!!
WARNING:werkzeug: * Debugger is active!
INFO:werkzeug: * Debugger PIN: 184-035-845
INFO:werkzeug: * Running on http://localhost:8080/ (Press CTRL+C to quit)
INFO:werkzeug:127.0.0.1 - - [29/Oct/2019 11:45:54] "GET /resource_location/KoreaTech HTTP/1.1" 200 -
INFO:werkzeug:127.0.0.1 - - [29/Oct/2019 11:46:19] "GET /resource/resource_location/Koreatech HTTP/1.1" 404 -
INFO:werkzeug:127.0.0.1 - - [29/Oct/2019 11:46:25] "GET /resource_location/KoreaTech HTTP/1.1" 200 -
INFO:werkzeug:127.0.0.1 - - [29/Oct/2019 11:46:36] "GET /resource/resource_check HTTP/1.1" 200 -
INFO:werkzeug:127.0.0.1 - - [29/Oct/2019 11:46:36] "GET /resource/resource_check HTTP/1.1" 200 -
INFO:werkzeug:127.0.0.1 - - [29/Oct/2019 11:48:03] "POST /resource_creation HTTP/1.1" 201 -
INFO:werkzeug:127.0.0.1 - - [29/Oct/2019 11:48:07] "GET /resource/resource_check HTTP/1.1" 200 -
INFO:werkzeug:127.0.0.1 - - [29/Oct/2019 11:48:20] "GET /resource_location/life HTTP/1.1" 200 -
INFO:werkzeug:127.0.0.1 - - [29/Oct/2019 11:48:29] "GET /resource_location/life HTTP/1.1" 200 -
INFO:werkzeug: * Detected change in 'C:\\Users\\admin\\PycharmProjects\\web_service\\database\\resource_db_access.py', reloading
INFO:werkzeug: * Restarting with stat
INFO:root:Flask Web Server Started!!!
WARNING:werkzeug: * Debugger is active!
INFO:werkzeug: * Debugger PIN: 184-035-845
INFO:werkzeug: * Running on http://localhost:8080/ (Press CTRL+C to quit)
INFO:werkzeug: * Detected change in 'C:\\Users\\admin\\PycharmProjects\\web_service\\database\\resource_db_access.py', reloading
INFO:werkzeug: * Restarting with stat
INFO:root:Flask Web Server Started!!!
WARNING:werkzeug: * Debugger is active!
INFO:werkzeug: * Debugger PIN: 184-035-845
INFO:werkzeug: * Running on http://localhost:8080/ (Press CTRL+C to quit)
INFO:werkzeug:127.0.0.1 - - [29/Oct/2019 12:21:25] "GET /resource/resource_check HTTP/1.1" 200 -
INFO:werkzeug:127.0.0.1 - - [29/Oct/2019 12:22:06] "GET /resource/resource_check HTTP/1.1" 200 -
INFO:werkzeug:127.0.0.1 - - [29/Oct/2019 12:22:06] "GET /resource/resource_check HTTP/1.1" 200 -
INFO:werkzeug:127.0.0.1 - - [29/Oct/2019 12:22:06] "GET /resource/resource_check HTTP/1.1" 200 -
INFO:werkzeug:127.0.0.1 - - [29/Oct/2019 12:22:07] "GET /resource/resource_check HTTP/1.1" 200 -
INFO:werkzeug:127.0.0.1 - - [29/Oct/2019 12:22:07] "GET /resource/resource_check HTTP/1.1" 200 -
INFO:werkzeug:127.0.0.1 - - [29/Oct/2019 12:22:07] "GET /resource/resource_check HTTP/1.1" 200 -
INFO:werkzeug:127.0.0.1 - - [29/Oct/2019 12:22:08] "GET /resource/resource_check HTTP/1.1" 200 -
INFO:werkzeug:127.0.0.1 - - [29/Oct/2019 12:22:46] "GET /resource/resource_check HTTP/1.1" 200 -
INFO:werkzeug:127.0.0.1 - - [29/Oct/2019 12:22:46] "GET /resource/resource_check HTTP/1.1" 200 -
INFO:werkzeug:127.0.0.1 - - [29/Oct/2019 12:22:46] "GET /resource/resource_check HTTP/1.1" 200 -
INFO:werkzeug:127.0.0.1 - - [29/Oct/2019 12:23:44] "GET /resource/t2 HTTP/1.1" 200 -
INFO:werkzeug:127.0.0.1 - - [29/Oct/2019 12:24:00] "GET /resource/t2 HTTP/1.1" 200 -
INFO:werkzeug:127.0.0.1 - - [29/Oct/2019 12:24:24] "PUT /resource/t1 HTTP/1.1" 200 -
INFO:werkzeug:127.0.0.1 - - [29/Oct/2019 12:24:27] "GET /resource/t2 HTTP/1.1" 200 -
INFO:werkzeug:127.0.0.1 - - [29/Oct/2019 12:24:27] "GET /resource_location/4th HTTP/1.1" 200 -
INFO:werkzeug:127.0.0.1 - - [29/Oct/2019 12:24:35] "POST /resource_creation HTTP/1.1" 201 -
INFO:werkzeug:127.0.0.1 - - [29/Oct/2019 12:24:39] "GET /resource/resource_check HTTP/1.1" 200 -
INFO:werkzeug:127.0.0.1 - - [29/Oct/2019 12:24:39] "GET /resource/resource_check HTTP/1.1" 200 -
INFO:werkzeug:127.0.0.1 - - [29/Oct/2019 12:24:46] "DELETE /resource/t1 HTTP/1.1" 204 -
INFO:werkzeug:127.0.0.1 - - [29/Oct/2019 12:25:00] "GET /resource/resource_check HTTP/1.1" 200 -
INFO:werkzeug:127.0.0.1 - - [29/Oct/2019 12:25:00] "GET /resource/resource_check HTTP/1.1" 200 -
INFO:werkzeug:127.0.0.1 - - [29/Oct/2019 12:25:01] "GET /resource/resource_check HTTP/1.1" 200 -
INFO:werkzeug:127.0.0.1 - - [29/Oct/2019 12:26:24] "POST /resource_creation HTTP/1.1" 409 -
INFO:werkzeug:127.0.0.1 - - [29/Oct/2019 12:26:35] "POST /resource_creation HTTP/1.1" 201 -
INFO:werkzeug:127.0.0.1 - - [29/Oct/2019 12:26:37] "GET /resource/resource_check HTTP/1.1" 200 -
INFO:werkzeug:127.0.0.1 - - [29/Oct/2019 12:28:49] "DELETE /None HTTP/1.1" 404 -
INFO:werkzeug:127.0.0.1 - - [29/Oct/2019 12:28:55] "DELETE /null HTTP/1.1" 404 -
INFO:werkzeug:127.0.0.1 - - [29/Oct/2019 12:29:00] "DELETE /Null HTTP/1.1" 404 -
INFO:werkzeug:127.0.0.1 - - [29/Oct/2019 12:29:17] "GET /resource_check HTTP/1.1" 404 -
INFO:werkzeug:127.0.0.1 - - [29/Oct/2019 12:29:26] "GET /resource/resource_check HTTP/1.1" 200 -
INFO:werkzeug:127.0.0.1 - - [29/Oct/2019 12:29:44] "POST /resource/resource_check HTTP/1.1" 405 -
INFO:werkzeug:127.0.0.1 - - [29/Oct/2019 12:29:49] "GET /resource/resource_check HTTP/1.1" 200 -
INFO:werkzeug:127.0.0.1 - - [29/Oct/2019 12:30:18] "GET /resource/None HTTP/1.1" 404 -
INFO:werkzeug:127.0.0.1 - - [29/Oct/2019 12:30:25] "GET /resource/None HTTP/1.1" 404 -
INFO:werkzeug:127.0.0.1 - - [29/Oct/2019 12:30:33] "GET /resource/Null HTTP/1.1" 404 -
INFO:werkzeug:127.0.0.1 - - [29/Oct/2019 12:30:39] "GET /resource/null HTTP/1.1" 404 -
INFO:werkzeug:127.0.0.1 - - [29/Oct/2019 12:31:16] "GET /resource/t2 HTTP/1.1" 200 -
INFO:werkzeug:127.0.0.1 - - [29/Oct/2019 12:31:16] "GET /resource_location/4th HTTP/1.1" 200 -
INFO:werkzeug:127.0.0.1 - - [29/Oct/2019 12:35:29] "GET /resource/t2 HTTP/1.1" 200 -
INFO:werkzeug:127.0.0.1 - - [29/Oct/2019 12:35:29] "GET /resource_location/4th HTTP/1.1" 200 -
INFO:werkzeug: * Detected change in 'C:\\Users\\admin\\PycharmProjects\\web_service\\rest_server\\resource.py', reloading
INFO:werkzeug: * Restarting with stat
INFO:root:Flask Web Server Started!!!
WARNING:werkzeug: * Debugger is active!
INFO:werkzeug: * Debugger PIN: 184-035-845
INFO:werkzeug: * Running on http://localhost:8080/ (Press CTRL+C to quit)
INFO:werkzeug: * Detected change in 'C:\\Users\\admin\\PycharmProjects\\web_service\\rest_server\\resource.py', reloading
INFO:werkzeug: * Restarting with stat
INFO:root:Flask Web Server Started!!!
WARNING:werkzeug: * Debugger is active!
INFO:werkzeug: * Debugger PIN: 184-035-845
INFO:werkzeug: * Running on http://localhost:8080/ (Press CTRL+C to quit)
INFO:werkzeug: * Detected change in 'C:\\Users\\admin\\PycharmProjects\\web_service\\rest_server\\resource.py', reloading
INFO:werkzeug: * Restarting with stat
INFO:root:Flask Web Server Started!!!
INFO:werkzeug: * Restarting with stat
INFO:root:Flask Web Server Started!!!
WARNING:werkzeug: * Debugger is active!
INFO:werkzeug: * Debugger PIN: 184-035-845
INFO:werkzeug: * Running on http://localhost:8080/ (Press CTRL+C to quit)
INFO:werkzeug:127.0.0.1 - - [05/Nov/2019 11:07:05] "GET / HTTP/1.1" 200 -
INFO:werkzeug:127.0.0.1 - - [05/Nov/2019 11:07:05] "GET /static/css/bootstrap.min.css HTTP/1.1" 304 -
INFO:werkzeug:127.0.0.1 - - [05/Nov/2019 11:07:06] "GET /static/js/bootstrap.min.js HTTP/1.1" 304 -
INFO:werkzeug:127.0.0.1 - - [05/Nov/2019 11:07:06] "GET /favicon.ico HTTP/1.1" 404 -
INFO:werkzeug: * Detected change in 'C:\\Users\\admin\\PycharmProjects\\web_service\\news.py', reloading
INFO:werkzeug: * Restarting with stat
INFO:root:Flask Web Server Started!!!
WARNING:werkzeug: * Debugger is active!
INFO:werkzeug: * Debugger PIN: 184-035-845
INFO:werkzeug: * Running on http://localhost:8080/ (Press CTRL+C to quit)
INFO:werkzeug: * Detected change in 'C:\\Users\\admin\\PycharmProjects\\web_service\\news.py', reloading
INFO:werkzeug: * Restarting with stat
INFO:root:Flask Web Server Started!!!
INFO:werkzeug: * Restarting with stat
INFO:root:Flask Web Server Started!!!
WARNING:werkzeug: * Debugger is active!
INFO:werkzeug: * Debugger PIN: 184-035-845
INFO:werkzeug: * Running on http://localhost:8080/ (Press CTRL+C to quit)
DEBUG:urllib3.connectionpool:Starting new HTTPS connection (1): dapi.kakao.com:443
DEBUG:urllib3.connectionpool:https://dapi.kakao.com:443 "GET /v2/search/inage?query=%EC%9B%B0%EC%8B%9C%EC%BD%94%EA%B8%B0 HTTP/1.1" 404 None
INFO:werkzeug:127.0.0.1 - - [05/Nov/2019 11:17:45] "GET /news/images HTTP/1.1" 500 -
INFO:werkzeug:127.0.0.1 - - [05/Nov/2019 11:17:45] "GET /news/images?__debugger__=yes&cmd=resource&f=style.css HTTP/1.1" 200 -
INFO:werkzeug:127.0.0.1 - - [05/Nov/2019 11:17:45] "GET /news/images?__debugger__=yes&cmd=resource&f=jquery.js HTTP/1.1" 200 -
INFO:werkzeug:127.0.0.1 - - [05/Nov/2019 11:17:45] "GET /news/images?__debugger__=yes&cmd=resource&f=debugger.js HTTP/1.1" 200 -
INFO:werkzeug:127.0.0.1 - - [05/Nov/2019 11:17:46] "GET /news/images?__debugger__=yes&cmd=resource&f=ubuntu.ttf HTTP/1.1" 200 -
INFO:werkzeug:127.0.0.1 - - [05/Nov/2019 11:17:46] "GET /news/images?__debugger__=yes&cmd=resource&f=console.png HTTP/1.1" 200 -
INFO:werkzeug:127.0.0.1 - - [05/Nov/2019 11:17:46] "GET /news/images?__debugger__=yes&cmd=resource&f=console.png HTTP/1.1" 200 -
INFO:werkzeug:127.0.0.1 - - [05/Nov/2019 11:17:59] "GET /news/sprots HTTP/1.1" 404 -
INFO:werkzeug:127.0.0.1 - - [05/Nov/2019 11:18:05] "GET /news/main HTTP/1.1" 200 -
DEBUG:urllib3.connectionpool:Starting new HTTPS connection (1): dapi.kakao.com:443
DEBUG:urllib3.connectionpool:https://dapi.kakao.com:443 "GET /v2/search/inage?query=%EC%9B%B0%EC%8B%9C%EC%BD%94%EA%B8%B0 HTTP/1.1" 404 None
INFO:werkzeug:127.0.0.1 - - [05/Nov/2019 11:18:09] "GET /news/images HTTP/1.1" 500 -
INFO:werkzeug:127.0.0.1 - - [05/Nov/2019 11:18:09] "GET /news/images?__debugger__=yes&cmd=resource&f=style.css HTTP/1.1" 200 -
INFO:werkzeug:127.0.0.1 - - [05/Nov/2019 11:18:09] "GET /news/images?__debugger__=yes&cmd=resource&f=debugger.js HTTP/1.1" 200 -
INFO:werkzeug:127.0.0.1 - - [05/Nov/2019 11:18:09] "GET /news/images?__debugger__=yes&cmd=resource&f=jquery.js HTTP/1.1" 200 -
INFO:werkzeug:127.0.0.1 - - [05/Nov/2019 11:18:10] "GET /news/images?__debugger__=yes&cmd=resource&f=ubuntu.ttf HTTP/1.1" 200 -
INFO:werkzeug:127.0.0.1 - - [05/Nov/2019 11:18:10] "GET /news/images?__debugger__=yes&cmd=resource&f=console.png HTTP/1.1" 200 -
INFO:werkzeug: * Detected change in 'C:\\Users\\admin\\PycharmProjects\\web_service\\news.py', reloading
INFO:werkzeug: * Restarting with stat
INFO:root:Flask Web Server Started!!!
WARNING:werkzeug: * Debugger is active!
INFO:werkzeug: * Debugger PIN: 184-035-845
INFO:werkzeug: * Running on http://localhost:8080/ (Press CTRL+C to quit)
INFO:werkzeug: * Detected change in 'C:\\Users\\admin\\PycharmProjects\\web_service\\news.py', reloading
INFO:werkzeug: * Restarting with stat
INFO:root:Flask Web Server Started!!!
WARNING:werkzeug: * Debugger is active!
INFO:werkzeug: * Debugger PIN: 184-035-845
INFO:werkzeug: * Running on http://localhost:8080/ (Press CTRL+C to quit)
DEBUG:urllib3.connectionpool:Starting new HTTPS connection (1): dapi.kakao.com:443
DEBUG:urllib3.connectionpool:https://dapi.kakao.com:443 "GET /v2/search/inage?query=%EC%9B%B0%EC%8B%9C%EC%BD%94%EA%B8%B0 HTTP/1.1" 404 None
INFO:werkzeug:127.0.0.1 - - [05/Nov/2019 11:19:06] "GET /news/images HTTP/1.1" 500 -
INFO:werkzeug:127.0.0.1 - - [05/Nov/2019 11:19:06] "GET /news/images?__debugger__=yes&cmd=resource&f=style.css HTTP/1.1" 200 -
INFO:werkzeug:127.0.0.1 - - [05/Nov/2019 11:19:06] "GET /news/images?__debugger__=yes&cmd=resource&f=jquery.js HTTP/1.1" 200 -
INFO:werkzeug:127.0.0.1 - - [05/Nov/2019 11:19:07] "GET /news/images?__debugger__=yes&cmd=resource&f=debugger.js HTTP/1.1" 200 -
INFO:werkzeug:127.0.0.1 - - [05/Nov/2019 11:19:07] "GET /news/images?__debugger__=yes&cmd=resource&f=ubuntu.ttf HTTP/1.1" 200 -
INFO:werkzeug:127.0.0.1 - - [05/Nov/2019 11:19:07] "GET /news/images?__debugger__=yes&cmd=resource&f=console.png HTTP/1.1" 200 -
INFO:werkzeug:127.0.0.1 - - [05/Nov/2019 11:19:07] "GET /news/images?__debugger__=yes&cmd=resource&f=console.png HTTP/1.1" 200 -
INFO:werkzeug: * Detected change in 'C:\\Users\\admin\\PycharmProjects\\web_service\\news.py', reloading
INFO:werkzeug: * Restarting with stat
INFO:root:Flask Web Server Started!!!
WARNING:werkzeug: * Debugger is active!
INFO:werkzeug: * Debugger PIN: 184-035-845
INFO:werkzeug: * Running on http://localhost:8080/ (Press CTRL+C to quit)
INFO:werkzeug: * Detected change in 'C:\\Users\\admin\\PycharmProjects\\web_service\\news.py', reloading
INFO:werkzeug: * Restarting with stat
INFO:root:Flask Web Server Started!!!
WARNING:werkzeug: * Debugger is active!
INFO:werkzeug: * Debugger PIN: 184-035-845
INFO:werkzeug: * Running on http://localhost:8080/ (Press CTRL+C to quit)
DEBUG:urllib3.connectionpool:Starting new HTTPS connection (1): dapi.kakao.com:443
DEBUG:urllib3.connectionpool:https://dapi.kakao.com:443 "GET /v2/search/inage?query=%EC%9B%B0%EC%8B%9C%EC%BD%94%EA%B8%B0 HTTP/1.1" 404 None
INFO:werkzeug:127.0.0.1 - - [05/Nov/2019 11:19:23] "GET /news/images HTTP/1.1" 500 -
INFO:werkzeug:127.0.0.1 - - [05/Nov/2019 11:19:23] "GET /news/images?__debugger__=yes&cmd=resource&f=style.css HTTP/1.1" 200 -
INFO:werkzeug:127.0.0.1 - - [05/Nov/2019 11:19:23] "GET /news/images?__debugger__=yes&cmd=resource&f=jquery.js HTTP/1.1" 200 -
INFO:werkzeug:127.0.0.1 - - [05/Nov/2019 11:19:23] "GET /news/images?__debugger__=yes&cmd=resource&f=debugger.js HTTP/1.1" 200 -
INFO:werkzeug:127.0.0.1 - - [05/Nov/2019 11:19:24] "GET /news/images?__debugger__=yes&cmd=resource&f=ubuntu.ttf HTTP/1.1" 200 -
INFO:werkzeug:127.0.0.1 - - [05/Nov/2019 11:19:24] "GET /news/images?__debugger__=yes&cmd=resource&f=console.png HTTP/1.1" 200 -
INFO:werkzeug:127.0.0.1 - - [05/Nov/2019 11:19:24] "GET /news/images?__debugger__=yes&cmd=resource&f=console.png HTTP/1.1" 200 -
INFO:werkzeug: * Detected change in 'C:\\Users\\admin\\PycharmProjects\\web_service\\news.py', reloading
INFO:werkzeug: * Restarting with stat
INFO:root:Flask Web Server Started!!!
WARNING:werkzeug: * Debugger is active!
INFO:werkzeug: * Debugger PIN: 184-035-845
INFO:werkzeug: * Running on http://localhost:8080/ (Press CTRL+C to quit)
INFO:root:Flask Web Server Started!!!
INFO:werkzeug: * Restarting with stat
INFO:root:Flask Web Server Started!!!
WARNING:werkzeug: * Debugger is active!
INFO:werkzeug: * Debugger PIN: 184-035-845
INFO:werkzeug: * Running on http://localhost:8080/ (Press CTRL+C to quit)
DEBUG:urllib3.connectionpool:Starting new HTTPS connection (1): dapi.kakao.com:443
DEBUG:urllib3.connectionpool:https://dapi.kakao.com:443 "GET /v2/search/inage?query=%EC%9B%B0%EC%8B%9C%EC%BD%94%EA%B8%B0 HTTP/1.1" 404 None
INFO:werkzeug:127.0.0.1 - - [05/Nov/2019 11:22:13] "GET /news/images HTTP/1.1" 500 -
INFO:werkzeug:127.0.0.1 - - [05/Nov/2019 11:22:13] "GET /news/images?__debugger__=yes&cmd=resource&f=style.css HTTP/1.1" 200 -
INFO:werkzeug:127.0.0.1 - - [05/Nov/2019 11:22:13] "GET /news/images?__debugger__=yes&cmd=resource&f=jquery.js HTTP/1.1" 200 -
INFO:werkzeug:127.0.0.1 - - [05/Nov/2019 11:22:13] "GET /news/images?__debugger__=yes&cmd=resource&f=debugger.js HTTP/1.1" 200 -
INFO:werkzeug:127.0.0.1 - - [05/Nov/2019 11:22:13] "GET /news/images?__debugger__=yes&cmd=resource&f=ubuntu.ttf HTTP/1.1" 200 -
INFO:werkzeug:127.0.0.1 - - [05/Nov/2019 11:22:13] "GET /news/images?__debugger__=yes&cmd=resource&f=console.png HTTP/1.1" 200 -
INFO:werkzeug:127.0.0.1 - - [05/Nov/2019 11:22:14] "GET /news/images?__debugger__=yes&cmd=resource&f=console.png HTTP/1.1" 200 -
DEBUG:urllib3.connectionpool:Starting new HTTPS connection (1): dapi.kakao.com:443
DEBUG:urllib3.connectionpool:https://dapi.kakao.com:443 "GET /v2/search/inage?query=%EC%9B%B0%EC%8B%9C%EC%BD%94%EA%B8%B0 HTTP/1.1" 404 None
INFO:werkzeug:127.0.0.1 - - [05/Nov/2019 11:22:22] "GET /news/images HTTP/1.1" 500 -
INFO:werkzeug:127.0.0.1 - - [05/Nov/2019 11:22:22] "GET /news/images?__debugger__=yes&cmd=resource&f=style.css HTTP/1.1" 200 -
INFO:werkzeug:127.0.0.1 - - [05/Nov/2019 11:22:22] "GET /news/images?__debugger__=yes&cmd=resource&f=jquery.js HTTP/1.1" 200 -
INFO:werkzeug:127.0.0.1 - - [05/Nov/2019 11:22:22] "GET /news/images?__debugger__=yes&cmd=resource&f=debugger.js HTTP/1.1" 200 -
INFO:werkzeug:127.0.0.1 - - [05/Nov/2019 11:22:23] "GET /news/images?__debugger__=yes&cmd=resource&f=ubuntu.ttf HTTP/1.1" 200 -
INFO:werkzeug:127.0.0.1 - - [05/Nov/2019 11:22:23] "GET /news/images?__debugger__=yes&cmd=resource&f=console.png HTTP/1.1" 200 -
INFO:werkzeug:127.0.0.1 - - [05/Nov/2019 11:22:23] "GET /news/images?__debugger__=yes&cmd=resource&f=console.png HTTP/1.1" 200 -
DEBUG:urllib3.connectionpool:Starting new HTTPS connection (1): dapi.kakao.com:443
DEBUG:urllib3.connectionpool:https://dapi.kakao.com:443 "GET /v2/search/inage?query=%EC%9B%B0%EC%8B%9C%EC%BD%94%EA%B8%B0 HTTP/1.1" 404 None
INFO:werkzeug:127.0.0.1 - - [05/Nov/2019 11:22:23] "GET /news/images HTTP/1.1" 500 -
INFO:werkzeug:127.0.0.1 - - [05/Nov/2019 11:22:23] "GET /news/images?__debugger__=yes&cmd=resource&f=style.css HTTP/1.1" 200 -
INFO:werkzeug:127.0.0.1 - - [05/Nov/2019 11:22:24] "GET /news/images?__debugger__=yes&cmd=resource&f=jquery.js HTTP/1.1" 200 -
DEBUG:urllib3.connectionpool:Starting new HTTPS connection (1): dapi.kakao.com:443
INFO:werkzeug:127.0.0.1 - - [05/Nov/2019 11:22:24] "GET /news/images?__debugger__=yes&cmd=resource&f=debugger.js HTTP/1.1" 200 -
DEBUG:urllib3.connectionpool:https://dapi.kakao.com:443 "GET /v2/search/inage?query=%EC%9B%B0%EC%8B%9C%EC%BD%94%EA%B8%B0 HTTP/1.1" 404 None
INFO:werkzeug:127.0.0.1 - - [05/Nov/2019 11:22:24] "GET /news/images HTTP/1.1" 500 -
INFO:werkzeug:127.0.0.1 - - [05/Nov/2019 11:22:24] "GET /news/images?__debugger__=yes&cmd=resource&f=style.css HTTP/1.1" 200 -
INFO:werkzeug:127.0.0.1 - - [05/Nov/2019 11:22:24] "GET /news/images?__debugger__=yes&cmd=resource&f=jquery.js HTTP/1.1" 200 -
INFO:werkzeug:127.0.0.1 - - [05/Nov/2019 11:22:24] "GET /news/images?__debugger__=yes&cmd=resource&f=debugger.js HTTP/1.1" 200 -
INFO:werkzeug:127.0.0.1 - - [05/Nov/2019 11:22:24] "GET /news/images?__debugger__=yes&cmd=resource&f=console.png HTTP/1.1" 200 -
INFO:werkzeug:127.0.0.1 - - [05/Nov/2019 11:22:24] "GET /news/images?__debugger__=yes&cmd=resource&f=ubuntu.ttf HTTP/1.1" 200 -
INFO:werkzeug:127.0.0.1 - - [05/Nov/2019 11:22:24] "GET /news/images?__debugger__=yes&cmd=resource&f=console.png HTTP/1.1" 200 -
INFO:werkzeug: * Detected change in 'C:\\Users\\admin\\PycharmProjects\\web_service\\news.py', reloading
INFO:werkzeug: * Restarting with stat
INFO:root:Flask Web Server Started!!!
WARNING:werkzeug: * Debugger is active!
INFO:werkzeug: * Debugger PIN: 184-035-845
INFO:werkzeug: * Running on http://localhost:8080/ (Press CTRL+C to quit)
INFO:root:Flask Web Server Started!!!
INFO:werkzeug: * Restarting with stat
INFO:root:Flask Web Server Started!!!
WARNING:werkzeug: * Debugger is active!
INFO:werkzeug: * Debugger PIN: 184-035-845
INFO:werkzeug: * Running on http://localhost:8080/ (Press CTRL+C to quit)
DEBUG:urllib3.connectionpool:Starting new HTTPS connection (1): dapi.kakao.com:443
DEBUG:urllib3.connectionpool:https://dapi.kakao.com:443 "GET /v2/search/inage?query=%EC%9B%B0%EC%8B%9C%EC%BD%94%EA%B8%B0 HTTP/1.1" 404 None
INFO:werkzeug:127.0.0.1 - - [05/Nov/2019 11:22:39] "GET /news/images HTTP/1.1" 500 -
INFO:werkzeug:127.0.0.1 - - [05/Nov/2019 11:22:39] "GET /news/images?__debugger__=yes&cmd=resource&f=style.css HTTP/1.1" 200 -
INFO:werkzeug:127.0.0.1 - - [05/Nov/2019 11:22:39] "GET /news/images?__debugger__=yes&cmd=resource&f=jquery.js HTTP/1.1" 200 -
INFO:werkzeug:127.0.0.1 - - [05/Nov/2019 11:22:39] "GET /news/images?__debugger__=yes&cmd=resource&f=debugger.js HTTP/1.1" 200 -
INFO:werkzeug:127.0.0.1 - - [05/Nov/2019 11:22:39] "GET /news/images?__debugger__=yes&cmd=resource&f=ubuntu.ttf HTTP/1.1" 200 -
INFO:werkzeug:127.0.0.1 - - [05/Nov/2019 11:22:39] "GET /news/images?__debugger__=yes&cmd=resource&f=console.png HTTP/1.1" 200 -
INFO:werkzeug:127.0.0.1 - - [05/Nov/2019 11:22:39] "GET /news/images?__debugger__=yes&cmd=resource&f=console.png HTTP/1.1" 200 -
DEBUG:urllib3.connectionpool:Starting new HTTPS connection (1): dapi.kakao.com:443
DEBUG:urllib3.connectionpool:https://dapi.kakao.com:443 "GET /v2/search/inage?query=%EC%9B%B0%EC%8B%9C%EC%BD%94%EA%B8%B0 HTTP/1.1" 404 None
INFO:werkzeug:127.0.0.1 - - [05/Nov/2019 11:22:41] "GET /news/images HTTP/1.1" 500 -
INFO:werkzeug:127.0.0.1 - - [05/Nov/2019 11:22:41] "GET /news/images?__debugger__=yes&cmd=resource&f=style.css HTTP/1.1" 200 -
INFO:werkzeug:127.0.0.1 - - [05/Nov/2019 11:22:41] "GET /news/images?__debugger__=yes&cmd=resource&f=jquery.js HTTP/1.1" 200 -
INFO:werkzeug:127.0.0.1 - - [05/Nov/2019 11:22:41] "GET /news/images?__debugger__=yes&cmd=resource&f=debugger.js HTTP/1.1" 200 -
INFO:werkzeug:127.0.0.1 - - [05/Nov/2019 11:22:41] "GET /news/images?__debugger__=yes&cmd=resource&f=ubuntu.ttf HTTP/1.1" 200 -
INFO:werkzeug:127.0.0.1 - - [05/Nov/2019 11:22:41] "GET /news/images?__debugger__=yes&cmd=resource&f=console.png HTTP/1.1" 200 -
INFO:werkzeug:127.0.0.1 - - [05/Nov/2019 11:22:41] "GET /news/images?__debugger__=yes&cmd=resource&f=console.png HTTP/1.1" 200 -
INFO:werkzeug: * Detected change in 'C:\\Users\\admin\\PycharmProjects\\web_service\\news.py', reloading
INFO:werkzeug: * Restarting with stat
INFO:root:Flask Web Server Started!!!
WARNING:werkzeug: * Debugger is active!
INFO:werkzeug: * Debugger PIN: 184-035-845
INFO:werkzeug: * Running on http://localhost:8080/ (Press CTRL+C to quit)
DEBUG:urllib3.connectionpool:Starting new HTTPS connection (1): dapi.kakao.com:443
DEBUG:urllib3.connectionpool:https://dapi.kakao.com:443 "GET /v2/search/inage?query=%EC%9B%B0%EC%8B%9C%EC%BD%94%EA%B8%B0 HTTP/1.1" 404 None
INFO:werkzeug:127.0.0.1 - - [05/Nov/2019 11:23:31] "GET /news/images HTTP/1.1" 500 -
INFO:werkzeug:127.0.0.1 - - [05/Nov/2019 11:23:31] "GET /news/images?__debugger__=yes&cmd=resource&f=style.css HTTP/1.1" 200 -
INFO:werkzeug:127.0.0.1 - - [05/Nov/2019 11:23:31] "GET /news/images?__debugger__=yes&cmd=resource&f=jquery.js HTTP/1.1" 200 -
INFO:werkzeug:127.0.0.1 - - [05/Nov/2019 11:23:32] "GET /news/images?__debugger__=yes&cmd=resource&f=debugger.js HTTP/1.1" 200 -
INFO:werkzeug:127.0.0.1 - - [05/Nov/2019 11:23:32] "GET /news/images?__debugger__=yes&cmd=resource&f=ubuntu.ttf HTTP/1.1" 200 -
INFO:werkzeug:127.0.0.1 - - [05/Nov/2019 11:23:32] "GET /news/images?__debugger__=yes&cmd=resource&f=console.png HTTP/1.1" 200 -
INFO:werkzeug:127.0.0.1 - - [05/Nov/2019 11:23:32] "GET /news/images?__debugger__=yes&cmd=resource&f=console.png HTTP/1.1" 200 -
INFO:werkzeug: * Detected change in 'C:\\Users\\admin\\PycharmProjects\\web_service\\news.py', reloading
INFO:werkzeug: * Restarting with stat
INFO:root:Flask Web Server Started!!!
WARNING:werkzeug: * Debugger is active!
INFO:werkzeug: * Debugger PIN: 184-035-845
INFO:werkzeug: * Running on http://localhost:8080/ (Press CTRL+C to quit)
INFO:werkzeug: * Detected change in 'C:\\Users\\admin\\PycharmProjects\\web_service\\news.py', reloading
INFO:werkzeug: * Restarting with stat
INFO:root:Flask Web Server Started!!!
WARNING:werkzeug: * Debugger is active!
INFO:werkzeug: * Debugger PIN: 184-035-845
INFO:werkzeug: * Running on http://localhost:8080/ (Press CTRL+C to quit)
DEBUG:urllib3.connectionpool:Starting new HTTPS connection (1): dapi.kakao.com:443
DEBUG:urllib3.connectionpool:https://dapi.kakao.com:443 "GET /v2/search/image?query=%EC%9B%B0%EC%8B%9C%EC%BD%94%EA%B8%B0 HTTP/1.1" 200 None
INFO:werkzeug:127.0.0.1 - - [05/Nov/2019 11:25:13] "GET /news/images HTTP/1.1" 200 -
DEBUG:urllib3.connectionpool:Starting new HTTPS connection (1): dapi.kakao.com:443
DEBUG:urllib3.connectionpool:https://dapi.kakao.com:443 "GET /v2/search/image?query=%EC%9B%B0%EC%8B%9C%EC%BD%94%EA%B8%B0 HTTP/1.1" 200 None
INFO:werkzeug:127.0.0.1 - - [05/Nov/2019 11:25:46] "GET /news/images HTTP/1.1" 200 -
DEBUG:urllib3.connectionpool:Starting new HTTPS connection (1): dapi.kakao.com:443
DEBUG:urllib3.connectionpool:https://dapi.kakao.com:443 "GET /v2/search/image?query=%EC%9B%B0%EC%8B%9C%EC%BD%94%EA%B8%B0 HTTP/1.1" 200 None
INFO:werkzeug:127.0.0.1 - - [05/Nov/2019 11:25:46] "GET /news/images HTTP/1.1" 200 -
DEBUG:urllib3.connectionpool:Starting new HTTPS connection (1): dapi.kakao.com:443
DEBUG:urllib3.connectionpool:https://dapi.kakao.com:443 "GET /v2/search/image?query=%EC%9B%B0%EC%8B%9C%EC%BD%94%EA%B8%B0 HTTP/1.1" 200 None
INFO:werkzeug:127.0.0.1 - - [05/Nov/2019 11:25:47] "GET /news/images HTTP/1.1" 200 -
DEBUG:urllib3.connectionpool:Starting new HTTPS connection (1): dapi.kakao.com:443
DEBUG:urllib3.connectionpool:https://dapi.kakao.com:443 "GET /v2/search/image?query=%EC%9B%B0%EC%8B%9C%EC%BD%94%EA%B8%B0 HTTP/1.1" 200 None
INFO:werkzeug:127.0.0.1 - - [05/Nov/2019 11:25:47] "GET /news/images HTTP/1.1" 200 -
DEBUG:urllib3.connectionpool:Starting new HTTPS connection (1): dapi.kakao.com:443
DEBUG:urllib3.connectionpool:https://dapi.kakao.com:443 "GET /v2/search/image?query=%EC%9B%B0%EC%8B%9C%EC%BD%94%EA%B8%B0 HTTP/1.1" 200 None
INFO:werkzeug:127.0.0.1 - - [05/Nov/2019 11:25:47] "GET /news/images HTTP/1.1" 200 -
DEBUG:urllib3.connectionpool:Starting new HTTPS connection (1): dapi.kakao.com:443
DEBUG:urllib3.connectionpool:https://dapi.kakao.com:443 "GET /v2/search/image?query=%EC%9B%B0%EC%8B%9C%EC%BD%94%EA%B8%B0 HTTP/1.1" 200 None
INFO:werkzeug:127.0.0.1 - - [05/Nov/2019 11:25:48] "GET /news/images HTTP/1.1" 200 -
INFO:werkzeug: * Detected change in 'C:\\Users\\admin\\PycharmProjects\\web_service\\news.py', reloading
INFO:werkzeug: * Restarting with stat
INFO:root:Flask Web Server Started!!!
WARNING:werkzeug: * Debugger is active!
INFO:werkzeug: * Debugger PIN: 184-035-845
INFO:werkzeug: * Running on http://localhost:8080/ (Press CTRL+C to quit)
DEBUG:urllib3.connectionpool:Starting new HTTPS connection (1): dapi.kakao.com:443
DEBUG:urllib3.connectionpool:https://dapi.kakao.com:443 "GET /v2/search/image?query=%EC%9B%B0%EC%8B%9C%EC%BD%94%EA%B8%B0 HTTP/1.1" 200 None
INFO:werkzeug:127.0.0.1 - - [05/Nov/2019 11:27:18] "GET /news/images HTTP/1.1" 200 -
DEBUG:urllib3.connectionpool:Starting new HTTPS connection (1): dapi.kakao.com:443
DEBUG:urllib3.connectionpool:https://dapi.kakao.com:443 "GET /v2/search/image?query=%EC%9B%B0%EC%8B%9C%EC%BD%94%EA%B8%B0 HTTP/1.1" 200 None
INFO:werkzeug:127.0.0.1 - - [05/Nov/2019 11:29:03] "GET /news/images HTTP/1.1" 200 -
DEBUG:urllib3.connectionpool:Starting new HTTPS connection (1): dapi.kakao.com:443
DEBUG:urllib3.connectionpool:https://dapi.kakao.com:443 "GET /v2/search/image?query=%EC%9B%B0%EC%8B%9C%EC%BD%94%EA%B8%B0 HTTP/1.1" 200 None
INFO:werkzeug:127.0.0.1 - - [05/Nov/2019 11:29:20] "GET /news/images HTTP/1.1" 200 -
INFO:werkzeug: * Detected change in 'C:\\Users\\admin\\PycharmProjects\\web_service\\news.py', reloading
INFO:werkzeug: * Restarting with stat
INFO:root:Flask Web Server Started!!!
WARNING:werkzeug: * Debugger is active!
INFO:werkzeug: * Debugger PIN: 184-035-845
INFO:werkzeug: * Running on http://localhost:8080/ (Press CTRL+C to quit)
DEBUG:urllib3.connectionpool:Starting new HTTPS connection (1): dapi.kakao.com:443
DEBUG:urllib3.connectionpool:https://dapi.kakao.com:443 "GET /v2/search/image?query=%EC%9B%B0%EC%8B%9C%EC%BD%94%EA%B8%B0 HTTP/1.1" 200 None
INFO:werkzeug:127.0.0.1 - - [05/Nov/2019 11:31:38] "GET /news/images HTTP/1.1" 200 -
DEBUG:urllib3.connectionpool:Starting new HTTPS connection (1): dapi.kakao.com:443
DEBUG:urllib3.connectionpool:https://dapi.kakao.com:443 "GET /v2/search/image?query=%EC%9B%B0%EC%8B%9C%EC%BD%94%EA%B8%B0 HTTP/1.1" 200 None
INFO:werkzeug:127.0.0.1 - - [05/Nov/2019 11:31:41] "GET /news/images HTTP/1.1" 200 -
DEBUG:urllib3.connectionpool:Starting new HTTPS connection (1): dapi.kakao.com:443
DEBUG:urllib3.connectionpool:https://dapi.kakao.com:443 "GET /v2/search/image?query=%EC%9B%B0%EC%8B%9C%EC%BD%94%EA%B8%B0 HTTP/1.1" 200 None
INFO:werkzeug:127.0.0.1 - - [05/Nov/2019 11:31:42] "GET /news/images HTTP/1.1" 200 -
DEBUG:urllib3.connectionpool:Starting new HTTPS connection (1): dapi.kakao.com:443
DEBUG:urllib3.connectionpool:https://dapi.kakao.com:443 "GET /v2/search/image?query=%EC%9B%B0%EC%8B%9C%EC%BD%94%EA%B8%B0 HTTP/1.1" 200 None
INFO:werkzeug:127.0.0.1 - - [05/Nov/2019 11:31:56] "GET /news/images HTTP/1.1" 200 -
DEBUG:urllib3.connectionpool:Starting new HTTPS connection (1): dapi.kakao.com:443
DEBUG:urllib3.connectionpool:https://dapi.kakao.com:443 "GET /v2/search/image?query=%EC%9B%B0%EC%8B%9C%EC%BD%94%EA%B8%B0 HTTP/1.1" 200 None
INFO:werkzeug:127.0.0.1 - - [05/Nov/2019 11:31:57] "GET /news/images HTTP/1.1" 200 -
DEBUG:urllib3.connectionpool:Starting new HTTPS connection (1): dapi.kakao.com:443
DEBUG:urllib3.connectionpool:https://dapi.kakao.com:443 "GET /v2/search/image?query=%EC%9B%B0%EC%8B%9C%EC%BD%94%EA%B8%B0 HTTP/1.1" 200 None
INFO:werkzeug:127.0.0.1 - - [05/Nov/2019 11:35:50] "GET /news/images HTTP/1.1" 200 -
INFO:werkzeug: * Detected change in 'C:\\Users\\admin\\PycharmProjects\\web_service\\news.py', reloading
INFO:werkzeug: * Restarting with stat
INFO:root:Flask Web Server Started!!!
WARNING:werkzeug: * Debugger is active!
INFO:werkzeug: * Debugger PIN: 184-035-845
INFO:werkzeug: * Running on http://localhost:8080/ (Press CTRL+C to quit)
DEBUG:urllib3.connectionpool:Starting new HTTPS connection (1): dapi.kakao.com:443
DEBUG:urllib3.connectionpool:https://dapi.kakao.com:443 "GET /v2/search/image?query=%EC%BD%94%EC%88%8F HTTP/1.1" 200 None
INFO:werkzeug:127.0.0.1 - - [05/Nov/2019 11:36:37] "GET /news/images HTTP/1.1" 200 -
INFO:werkzeug: * Detected change in 'C:\\Users\\admin\\PycharmProjects\\web_service\\news.py', reloading
INFO:werkzeug: * Restarting with stat
INFO:root:Flask Web Server Started!!!
WARNING:werkzeug: * Debugger is active!
INFO:werkzeug: * Debugger PIN: 184-035-845
INFO:werkzeug: * Running on http://localhost:8080/ (Press CTRL+C to quit)
DEBUG:urllib3.connectionpool:Starting new HTTPS connection (1): dapi.kakao.com:443
DEBUG:urllib3.connectionpool:https://dapi.kakao.com:443 "GET /v2/search/image?query=%EB%96%BC%EA%BB%84%EB%A3%A9 HTTP/1.1" 200 None
INFO:werkzeug:127.0.0.1 - - [05/Nov/2019 11:36:56] "GET /news/images HTTP/1.1" 200 -
INFO:werkzeug: * Detected change in 'C:\\Users\\admin\\PycharmProjects\\web_service\\news.py', reloading
INFO:werkzeug: * Restarting with stat
INFO:root:Flask Web Server Started!!!
WARNING:werkzeug: * Debugger is active!
INFO:werkzeug: * Debugger PIN: 184-035-845
INFO:werkzeug: * Running on http://localhost:8080/ (Press CTRL+C to quit)
DEBUG:urllib3.connectionpool:Starting new HTTPS connection (1): dapi.kakao.com:443
DEBUG:urllib3.connectionpool:https://dapi.kakao.com:443 "GET /v2/search/image?query=%EA%BB%84%EB%A3%A9 HTTP/1.1" 200 None
INFO:werkzeug:127.0.0.1 - - [05/Nov/2019 11:37:25] "GET /news/images HTTP/1.1" 200 -
INFO:werkzeug: * Detected change in 'C:\\Users\\admin\\PycharmProjects\\web_service\\news.py', reloading
INFO:werkzeug: * Restarting with stat
INFO:root:Flask Web Server Started!!!
WARNING:werkzeug: * Debugger is active!
INFO:werkzeug: * Debugger PIN: 184-035-845
INFO:werkzeug: * Running on http://localhost:8080/ (Press CTRL+C to quit)
DEBUG:urllib3.connectionpool:Starting new HTTPS connection (1): dapi.kakao.com:443
DEBUG:urllib3.connectionpool:https://dapi.kakao.com:443 "GET /v2/search/image?query=%EA%B3%A0%EC%96%91%EC%9D%B4 HTTP/1.1" 200 None
INFO:werkzeug:127.0.0.1 - - [05/Nov/2019 11:37:44] "GET /news/images HTTP/1.1" 200 -
INFO:werkzeug: * Detected change in 'C:\\Users\\admin\\PycharmProjects\\web_service\\news.py', reloading
INFO:werkzeug: * Restarting with stat
INFO:root:Flask Web Server Started!!!
WARNING:werkzeug: * Debugger is active!
INFO:werkzeug: * Debugger PIN: 184-035-845
INFO:werkzeug: * Running on http://localhost:8080/ (Press CTRL+C to quit)
DEBUG:urllib3.connectionpool:Starting new HTTPS connection (1): dapi.kakao.com:443
DEBUG:urllib3.connectionpool:https://dapi.kakao.com:443 "GET /v2/search/image?query=%EB%83%A5%EC%95%84%EC%B9%98 HTTP/1.1" 200 None
INFO:werkzeug:127.0.0.1 - - [05/Nov/2019 11:37:52] "GET /news/images HTTP/1.1" 200 -
INFO:werkzeug: * Detected change in 'C:\\Users\\admin\\PycharmProjects\\web_service\\news.py', reloading
INFO:werkzeug: * Restarting with stat
INFO:root:Flask Web Server Started!!!
WARNING:werkzeug: * Debugger is active!
INFO:werkzeug: * Debugger PIN: 184-035-845
INFO:werkzeug: * Running on http://localhost:8080/ (Press CTRL+C to quit)
DEBUG:urllib3.connectionpool:Starting new HTTPS connection (1): dapi.kakao.com:443
DEBUG:urllib3.connectionpool:https://dapi.kakao.com:443 "GET /v2/search/image?query=%EC%88%98%EC%A7%80 HTTP/1.1" 200 None
INFO:werkzeug:127.0.0.1 - - [05/Nov/2019 11:38:41] "GET /news/images HTTP/1.1" 200 -
INFO:werkzeug: * Detected change in 'C:\\Users\\admin\\PycharmProjects\\web_service\\news.py', reloading
INFO:werkzeug: * Restarting with stat
INFO:root:Flask Web Server Started!!!
WARNING:werkzeug: * Debugger is active!
INFO:werkzeug: * Debugger PIN: 184-035-845
INFO:werkzeug: * Running on http://localhost:8080/ (Press CTRL+C to quit)
DEBUG:urllib3.connectionpool:Starting new HTTPS connection (1): dapi.kakao.com:443
DEBUG:urllib3.connectionpool:https://dapi.kakao.com:443 "GET /v2/search/image?query=%EC%9D%B4%EC%8A%B9%EA%B8%B0 HTTP/1.1" 200 None
INFO:werkzeug:127.0.0.1 - - [05/Nov/2019 11:38:51] "GET /news/images HTTP/1.1" 200 -
INFO:werkzeug: * Detected change in 'C:\\Users\\admin\\PycharmProjects\\web_service\\news.py', reloading
INFO:werkzeug: * Restarting with stat
INFO:root:Flask Web Server Started!!!
WARNING:werkzeug: * Debugger is active!
INFO:werkzeug: * Debugger PIN: 184-035-845
INFO:werkzeug: * Running on http://localhost:8080/ (Press CTRL+C to quit)
INFO:werkzeug: * Detected change in 'C:\\Users\\admin\\PycharmProjects\\web_service\\news.py', reloading
INFO:werkzeug: * Restarting with stat
INFO:root:Flask Web Server Started!!!
WARNING:werkzeug: * Debugger is active!
INFO:werkzeug: * Debugger PIN: 184-035-845
INFO:werkzeug: * Running on http://localhost:8080/ (Press CTRL+C to quit)
DEBUG:urllib3.connectionpool:Starting new HTTPS connection (1): dapi.kakao.com:443
DEBUG:urllib3.connectionpool:https://dapi.kakao.com:443 "GET /v2/search/image?query=%EB%83%A5%EB%83%A5%EC%9D%B4 HTTP/1.1" 200 None
INFO:werkzeug:127.0.0.1 - - [05/Nov/2019 11:39:09] "GET /news/images HTTP/1.1" 200 -
INFO:werkzeug:127.0.0.1 - - [05/Nov/2019 12:23:58] "GET / HTTP/1.1" 200 -
INFO:werkzeug:127.0.0.1 - - [05/Nov/2019 12:23:58] "GET /static/assets/css/material-dashboard.css?v=2.1.1 HTTP/1.1" 200 -
INFO:werkzeug:127.0.0.1 - - [05/Nov/2019 12:26:55] "GET / HTTP/1.1" 200 -
INFO:werkzeug:127.0.0.1 - - [05/Nov/2019 12:26:56] "GET / HTTP/1.1" 200 -
INFO:werkzeug:127.0.0.1 - - [05/Nov/2019 12:26:56] "GET / HTTP/1.1" 200 -
INFO:werkzeug:127.0.0.1 - - [05/Nov/2019 12:26:57] "GET / HTTP/1.1" 200 -
INFO:werkzeug:127.0.0.1 - - [05/Nov/2019 12:27:33] "GET / HTTP/1.1" 200 -
INFO:werkzeug:127.0.0.1 - - [05/Nov/2019 12:27:47] "GET / HTTP/1.1" 200 -
INFO:werkzeug:127.0.0.1 - - [05/Nov/2019 12:31:24] "GET / HTTP/1.1" 200 -
INFO:werkzeug:127.0.0.1 - - [05/Nov/2019 12:31:33] "GET / HTTP/1.1" 200 -
INFO:werkzeug:127.0.0.1 - - [05/Nov/2019 12:32:00] "GET / HTTP/1.1" 200 -
INFO:werkzeug:127.0.0.1 - - [05/Nov/2019 12:32:21] "GET / HTTP/1.1" 200 -
INFO:werkzeug:127.0.0.1 - - [05/Nov/2019 12:34:09] "GET / HTTP/1.1" 200 -
INFO:werkzeug:127.0.0.1 - - [05/Nov/2019 12:34:26] "GET / HTTP/1.1" 200 -
DEBUG:urllib3.connectionpool:Starting new HTTPS connection (1): dapi.kakao.com:443
DEBUG:urllib3.connectionpool:https://dapi.kakao.com:443 "GET /v2/search/image?query=%EB%83%A5%EB%83%A5%EC%9D%B4 HTTP/1.1" 200 None
INFO:werkzeug:127.0.0.1 - - [05/Nov/2019 12:36:11] "GET /news/images HTTP/1.1" 200 -
INFO:werkzeug:127.0.0.1 - - [05/Nov/2019 12:36:11] "GET / HTTP/1.1" 200 -
INFO:werkzeug:127.0.0.1 - - [05/Nov/2019 12:37:09] "GET / HTTP/1.1" 200 -
INFO:werkzeug:127.0.0.1 - - [05/Nov/2019 12:38:05] "GET / HTTP/1.1" 200 -
INFO:werkzeug:127.0.0.1 - - [05/Nov/2019 12:39:35] "GET / HTTP/1.1" 200 -
DEBUG:urllib3.connectionpool:Starting new HTTPS connection (1): dapi.kakao.com:443
DEBUG:urllib3.connectionpool:https://dapi.kakao.com:443 "GET /v2/search/image?query=%EB%83%A5%EB%83%A5%EC%9D%B4 HTTP/1.1" 200 None
INFO:werkzeug:127.0.0.1 - - [05/Nov/2019 12:39:35] "GET /news/images HTTP/1.1" 200 -
DEBUG:urllib3.connectionpool:Starting new HTTPS connection (1): dapi.kakao.com:443
DEBUG:urllib3.connectionpool:https://dapi.kakao.com:443 "GET /v2/search/image?query=%EB%83%A5%EB%83%A5%EC%9D%B4 HTTP/1.1" 200 None
INFO:werkzeug:127.0.0.1 - - [05/Nov/2019 12:39:45] "GET /news/images HTTP/1.1" 200 -
INFO:werkzeug:127.0.0.1 - - [05/Nov/2019 12:41:35] "GET / HTTP/1.1" 200 -
DEBUG:urllib3.connectionpool:Starting new HTTPS connection (1): dapi.kakao.com:443
DEBUG:urllib3.connectionpool:https://dapi.kakao.com:443 "GET /v2/search/image?query=%EB%83%A5%EB%83%A5%EC%9D%B4 HTTP/1.1" 200 None
INFO:werkzeug:127.0.0.1 - - [05/Nov/2019 12:41:36] "GET /news/images HTTP/1.1" 200 -
DEBUG:urllib3.connectionpool:Starting new HTTPS connection (1): dapi.kakao.com:443
DEBUG:urllib3.connectionpool:https://dapi.kakao.com:443 "GET /v2/search/image?query=%EB%83%A5%EB%83%A5%EC%9D%B4 HTTP/1.1" 200 None
INFO:werkzeug:127.0.0.1 - - [05/Nov/2019 12:41:41] "GET /news/images HTTP/1.1" 200 -
DEBUG:urllib3.connectionpool:Starting new HTTPS connection (1): dapi.kakao.com:443
DEBUG:urllib3.connectionpool:https://dapi.kakao.com:443 "GET /v2/search/image?query=%EB%83%A5%EB%83%A5%EC%9D%B4 HTTP/1.1" 200 None
INFO:werkzeug:127.0.0.1 - - [05/Nov/2019 12:41:42] "GET /news/images HTTP/1.1" 200 -
DEBUG:urllib3.connectionpool:Starting new HTTPS connection (1): dapi.kakao.com:443
DEBUG:urllib3.connectionpool:https://dapi.kakao.com:443 "GET /v2/search/image?query=%EB%83%A5%EB%83%A5%EC%9D%B4 HTTP/1.1" 200 None
INFO:werkzeug:127.0.0.1 - - [05/Nov/2019 12:41:48] "GET /news/images HTTP/1.1" 200 -
DEBUG:urllib3.connectionpool:Starting new HTTPS connection (1): dapi.kakao.com:443
DEBUG:urllib3.connectionpool:https://dapi.kakao.com:443 "GET /v2/search/image?query=%EB%83%A5%EB%83%A5%EC%9D%B4 HTTP/1.1" 200 None
INFO:werkzeug:127.0.0.1 - - [05/Nov/2019 12:41:52] "GET /news/images HTTP/1.1" 200 -
DEBUG:urllib3.connectionpool:Starting new HTTPS connection (1): dapi.kakao.com:443
DEBUG:urllib3.connectionpool:https://dapi.kakao.com:443 "GET /v2/search/image?query=%EB%83%A5%EB%83%A5%EC%9D%B4 HTTP/1.1" 200 None
INFO:werkzeug:127.0.0.1 - - [05/Nov/2019 12:42:45] "GET /news/images HTTP/1.1" 200 -
DEBUG:urllib3.connectionpool:Starting new HTTPS connection (1): dapi.kakao.com:443
DEBUG:urllib3.connectionpool:https://dapi.kakao.com:443 "GET /v2/search/image?query=%EB%83%A5%EB%83%A5%EC%9D%B4 HTTP/1.1" 200 None
INFO:werkzeug:127.0.0.1 - - [05/Nov/2019 12:42:46] "GET /news/images HTTP/1.1" 200 -
INFO:werkzeug:127.0.0.1 - - [05/Nov/2019 12:42:47] "GET / HTTP/1.1" 200 -
DEBUG:urllib3.connectionpool:Starting new HTTPS connection (1): dapi.kakao.com:443
DEBUG:urllib3.connectionpool:https://dapi.kakao.com:443 "GET /v2/search/image?query=%EB%83%A5%EB%83%A5%EC%9D%B4 HTTP/1.1" 200 None
INFO:werkzeug:127.0.0.1 - - [05/Nov/2019 12:42:48] "GET /news/images HTTP/1.1" 200 -
INFO:werkzeug:127.0.0.1 - - [05/Nov/2019 12:42:49] "GET / HTTP/1.1" 200 -
DEBUG:urllib3.connectionpool:Starting new HTTPS connection (1): dapi.kakao.com:443
DEBUG:urllib3.connectionpool:https://dapi.kakao.com:443 "GET /v2/search/image?query=%EB%83%A5%EB%83%A5%EC%9D%B4 HTTP/1.1" 200 None
INFO:werkzeug:127.0.0.1 - - [05/Nov/2019 12:42:49] "GET /news/images HTTP/1.1" 200 -
INFO:werkzeug:127.0.0.1 - - [05/Nov/2019 12:42:50] "GET / HTTP/1.1" 200 -
DEBUG:urllib3.connectionpool:Starting new HTTPS connection (1): dapi.kakao.com:443
DEBUG:urllib3.connectionpool:https://dapi.kakao.com:443 "GET /v2/search/image?query=%EB%83%A5%EB%83%A5%EC%9D%B4 HTTP/1.1" 200 None
INFO:werkzeug:127.0.0.1 - - [05/Nov/2019 12:42:51] "GET /news/images HTTP/1.1" 200 -
INFO:werkzeug:127.0.0.1 - - [05/Nov/2019 12:42:52] "GET / HTTP/1.1" 200 -
DEBUG:urllib3.connectionpool:Starting new HTTPS connection (1): dapi.kakao.com:443
DEBUG:urllib3.connectionpool:https://dapi.kakao.com:443 "GET /v2/search/image?query=%EB%83%A5%EB%83%A5%EC%9D%B4 HTTP/1.1" 200 None
INFO:werkzeug:127.0.0.1 - - [05/Nov/2019 12:42:52] "GET /news/images HTTP/1.1" 200 -
INFO:werkzeug:127.0.0.1 - - [05/Nov/2019 12:42:53] "GET / HTTP/1.1" 200 -
DEBUG:urllib3.connectionpool:Starting new HTTPS connection (1): dapi.kakao.com:443
DEBUG:urllib3.connectionpool:https://dapi.kakao.com:443 "GET /v2/search/image?query=%EB%83%A5%EB%83%A5%EC%9D%B4 HTTP/1.1" 200 None
INFO:werkzeug:127.0.0.1 - - [05/Nov/2019 12:42:53] "GET /news/images HTTP/1.1" 200 -
DEBUG:urllib3.connectionpool:Starting new HTTPS connection (1): dapi.kakao.com:443
DEBUG:urllib3.connectionpool:https://dapi.kakao.com:443 "GET /v2/search/image?query=%EB%83%A5%EB%83%A5%EC%9D%B4 HTTP/1.1" 200 None
INFO:werkzeug:127.0.0.1 - - [05/Nov/2019 12:42:56] "GET /news/images HTTP/1.1" 200 -
INFO:werkzeug:127.0.0.1 - - [05/Nov/2019 12:42:57] "GET / HTTP/1.1" 200 -
DEBUG:urllib3.connectionpool:Starting new HTTPS connection (1): dapi.kakao.com:443
DEBUG:urllib3.connectionpool:https://dapi.kakao.com:443 "GET /v2/search/image?query=%EB%83%A5%EB%83%A5%EC%9D%B4 HTTP/1.1" 200 None
INFO:werkzeug:127.0.0.1 - - [05/Nov/2019 12:42:58] "GET /news/images HTTP/1.1" 200 -
INFO:werkzeug: * Detected change in 'C:\\Users\\admin\\PycharmProjects\\web_service\\application.py', reloading
INFO:werkzeug: * Restarting with stat
INFO:root:Flask Web Server Started!!!
WARNING:werkzeug: * Debugger is active!
INFO:werkzeug: * Debugger PIN: 184-035-845
INFO:werkzeug: * Running on http://localhost:8080/ (Press CTRL+C to quit)
DEBUG:urllib3.connectionpool:Starting new HTTPS connection (1): dapi.kakao.com:443
DEBUG:urllib3.connectionpool:https://dapi.kakao.com:443 "GET /v2/search/image?query=%EB%83%A5%EB%83%A5%EC%9D%B4 HTTP/1.1" 200 None
INFO:werkzeug:127.0.0.1 - - [05/Nov/2019 12:45:23] "GET /news/images HTTP/1.1" 200 -
INFO:werkzeug:127.0.0.1 - - [05/Nov/2019 12:45:24] "GET / HTTP/1.1" 200 -
DEBUG:urllib3.connectionpool:Starting new HTTPS connection (1): dapi.kakao.com:443
DEBUG:urllib3.connectionpool:https://dapi.kakao.com:443 "GET /v2/search/image?query=%EB%83%A5%EB%83%A5%EC%9D%B4 HTTP/1.1" 200 None
INFO:werkzeug:127.0.0.1 - - [05/Nov/2019 12:45:25] "GET /news/images HTTP/1.1" 200 -
INFO:werkzeug:127.0.0.1 - - [05/Nov/2019 12:45:26] "GET / HTTP/1.1" 200 -
DEBUG:urllib3.connectionpool:Starting new HTTPS connection (1): dapi.kakao.com:443
DEBUG:urllib3.connectionpool:https://dapi.kakao.com:443 "GET /v2/search/image?query=%EB%83%A5%EB%83%A5%EC%9D%B4 HTTP/1.1" 200 None
INFO:werkzeug:127.0.0.1 - - [05/Nov/2019 12:45:27] "GET /news/images HTTP/1.1" 200 -
INFO:werkzeug: * Detected change in 'C:\\Users\\admin\\PycharmProjects\\web_service\\news.py', reloading
INFO:werkzeug: * Restarting with stat
INFO:root:Flask Web Server Started!!!
WARNING:werkzeug: * Debugger is active!
INFO:werkzeug: * Debugger PIN: 184-035-845
INFO:werkzeug: * Running on http://localhost:8080/ (Press CTRL+C to quit)
DEBUG:urllib3.connectionpool:Starting new HTTPS connection (1): dapi.kakao.com:443
DEBUG:urllib3.connectionpool:https://dapi.kakao.com:443 "GET /v2/search/image?query=%EB%83%A5%EB%83%A5%EC%9D%B4 HTTP/1.1" 200 None
INFO:werkzeug:127.0.0.1 - - [05/Nov/2019 12:46:06] "GET /news/images HTTP/1.1" 200 -
DEBUG:urllib3.connectionpool:Starting new HTTPS connection (1): dapi.kakao.com:443
DEBUG:urllib3.connectionpool:https://dapi.kakao.com:443 "GET /v2/search/image?query=%EB%83%A5%EB%83%A5%EC%9D%B4 HTTP/1.1" 200 None
INFO:werkzeug:127.0.0.1 - - [05/Nov/2019 12:46:10] "GET /news/images HTTP/1.1" 200 -
INFO:werkzeug:127.0.0.1 - - [05/Nov/2019 12:46:10] "GET / HTTP/1.1" 200 -
INFO:werkzeug:127.0.0.1 - - [05/Nov/2019 12:48:29] "GET / HTTP/1.1" 200 -
DEBUG:urllib3.connectionpool:Starting new HTTPS connection (1): dapi.kakao.com:443
DEBUG:urllib3.connectionpool:https://dapi.kakao.com:443 "GET /v2/search/image?query=%EB%83%A5%EB%83%A5%EC%9D%B4 HTTP/1.1" 200 None
INFO:werkzeug:127.0.0.1 - - [05/Nov/2019 12:48:31] "GET /news/images HTTP/1.1" 200 -
DEBUG:urllib3.connectionpool:Starting new HTTPS connection (1): dapi.kakao.com:443
DEBUG:urllib3.connectionpool:https://dapi.kakao.com:443 "GET /v2/search/image?query=%EB%83%A5%EB%83%A5%EC%9D%B4 HTTP/1.1" 200 None
INFO:werkzeug:127.0.0.1 - - [05/Nov/2019 12:48:48] "GET /news/images HTTP/1.1" 200 -
DEBUG:urllib3.connectionpool:Starting new HTTPS connection (1): dapi.kakao.com:443
INFO:werkzeug:127.0.0.1 - - [05/Nov/2019 12:48:50] "GET / HTTP/1.1" 200 -
DEBUG:urllib3.connectionpool:Starting new HTTPS connection (1): dapi.kakao.com:443
INFO:werkzeug:127.0.0.1 - - [05/Nov/2019 12:48:51] "GET / HTTP/1.1" 200 -
DEBUG:urllib3.connectionpool:Starting new HTTPS connection (1): dapi.kakao.com:443
DEBUG:urllib3.connectionpool:https://dapi.kakao.com:443 "GET /v2/search/image?query=%EB%83%A5%EB%83%A5%EC%9D%B4 HTTP/1.1" 200 None
INFO:werkzeug:127.0.0.1 - - [05/Nov/2019 12:48:52] "GET /news/images HTTP/1.1" 200 -
DEBUG:urllib3.connectionpool:https://dapi.kakao.com:443 "GET /v2/search/image?query=%EB%83%A5%EB%83%A5%EC%9D%B4 HTTP/1.1" 200 None
INFO:werkzeug:127.0.0.1 - - [05/Nov/2019 12:48:53] "GET /news/images HTTP/1.1" 200 -
INFO:werkzeug:127.0.0.1 - - [05/Nov/2019 12:48:53] "GET / HTTP/1.1" 200 -
DEBUG:urllib3.connectionpool:Starting new HTTPS connection (1): dapi.kakao.com:443
DEBUG:urllib3.connectionpool:https://dapi.kakao.com:443 "GET /v2/search/image?query=%EB%83%A5%EB%83%A5%EC%9D%B4 HTTP/1.1" 200 None
INFO:werkzeug:127.0.0.1 - - [05/Nov/2019 12:48:56] "GET /news/images HTTP/1.1" 200 -
DEBUG:urllib3.connectionpool:Starting new HTTPS connection (1): dapi.kakao.com:443
DEBUG:urllib3.connectionpool:https://dapi.kakao.com:443 "GET /v2/search/image?query=%EB%83%A5%EB%83%A5%EC%9D%B4 HTTP/1.1" 200 None
INFO:werkzeug:127.0.0.1 - - [05/Nov/2019 12:48:57] "GET /news/images HTTP/1.1" 200 -
INFO:werkzeug:127.0.0.1 - - [05/Nov/2019 12:48:58] "GET / HTTP/1.1" 200 -
DEBUG:urllib3.connectionpool:Starting new HTTPS connection (1): dapi.kakao.com:443
DEBUG:urllib3.connectionpool:https://dapi.kakao.com:443 "GET /v2/search/image?query=%EB%83%A5%EB%83%A5%EC%9D%B4 HTTP/1.1" 200 None
INFO:werkzeug:127.0.0.1 - - [05/Nov/2019 12:49:01] "GET /news/images HTTP/1.1" 200 -
INFO:werkzeug:127.0.0.1 - - [05/Nov/2019 12:49:02] "GET / HTTP/1.1" 200 -
DEBUG:urllib3.connectionpool:Starting new HTTPS connection (1): dapi.kakao.com:443
DEBUG:urllib3.connectionpool:https://dapi.kakao.com:443 "GET /v2/search/image?query=%EB%83%A5%EB%83%A5%EC%9D%B4 HTTP/1.1" 200 None
INFO:werkzeug:127.0.0.1 - - [05/Nov/2019 12:49:03] "GET /news/images HTTP/1.1" 200 -
DEBUG:urllib3.connectionpool:https://dapi.kakao.com:443 "GET /v2/search/image?query=%EB%83%A5%EB%83%A5%EC%9D%B4 HTTP/1.1" 200 None
INFO:werkzeug:127.0.0.1 - - [05/Nov/2019 12:49:03] "GET /news/images HTTP/1.1" 200 -
INFO:werkzeug:127.0.0.1 - - [05/Nov/2019 12:49:03] "GET / HTTP/1.1" 200 -
DEBUG:urllib3.connectionpool:Starting new HTTPS connection (1): dapi.kakao.com:443
DEBUG:urllib3.connectionpool:https://dapi.kakao.com:443 "GET /v2/search/image?query=%EB%83%A5%EB%83%A5%EC%9D%B4 HTTP/1.1" 200 None
INFO:werkzeug:127.0.0.1 - - [05/Nov/2019 12:49:04] "GET /news/images HTTP/1.1" 200 -
INFO:werkzeug:127.0.0.1 - - [05/Nov/2019 12:49:05] "GET / HTTP/1.1" 200 -
DEBUG:urllib3.connectionpool:Starting new HTTPS connection (1): dapi.kakao.com:443
DEBUG:urllib3.connectionpool:https://dapi.kakao.com:443 "GET /v2/search/image?query=%EB%83%A5%EB%83%A5%EC%9D%B4 HTTP/1.1" 200 None
INFO:werkzeug:127.0.0.1 - - [05/Nov/2019 12:49:06] "GET /news/images HTTP/1.1" 200 -
INFO:werkzeug:127.0.0.1 - - [05/Nov/2019 12:49:07] "GET / HTTP/1.1" 200 -
DEBUG:urllib3.connectionpool:Starting new HTTPS connection (1): dapi.kakao.com:443
DEBUG:urllib3.connectionpool:https://dapi.kakao.com:443 "GET /v2/search/image?query=%EB%83%A5%EB%83%A5%EC%9D%B4 HTTP/1.1" 200 None
INFO:werkzeug:127.0.0.1 - - [05/Nov/2019 12:49:08] "GET /news/images HTTP/1.1" 200 -
INFO:werkzeug:127.0.0.1 - - [05/Nov/2019 12:49:09] "GET / HTTP/1.1" 200 -
DEBUG:urllib3.connectionpool:Starting new HTTPS connection (1): dapi.kakao.com:443
DEBUG:urllib3.connectionpool:https://dapi.kakao.com:443 "GET /v2/search/image?query=%EB%83%A5%EB%83%A5%EC%9D%B4 HTTP/1.1" 200 None
INFO:werkzeug:127.0.0.1 - - [05/Nov/2019 12:49:12] "GET /news/images HTTP/1.1" 200 -
INFO:werkzeug:127.0.0.1 - - [05/Nov/2019 12:49:12] "GET / HTTP/1.1" 200 -
DEBUG:urllib3.connectionpool:Starting new HTTPS connection (1): dapi.kakao.com:443
DEBUG:urllib3.connectionpool:https://dapi.kakao.com:443 "GET /v2/search/image?query=%EB%83%A5%EB%83%A5%EC%9D%B4 HTTP/1.1" 200 None
INFO:werkzeug:127.0.0.1 - - [05/Nov/2019 12:49:14] "GET /news/images HTTP/1.1" 200 -
INFO:root:Flask Web Server Started!!!
INFO:werkzeug: * Restarting with stat
INFO:root:Flask Web Server Started!!!
WARNING:werkzeug: * Debugger is active!
INFO:werkzeug: * Debugger PIN: 184-035-845
INFO:werkzeug: * Running on http://localhost:8080/ (Press CTRL+C to quit)
INFO:werkzeug:127.0.0.1 - - [12/Nov/2019 11:14:06] "GET / HTTP/1.1" 200 -
INFO:werkzeug:127.0.0.1 - - [12/Nov/2019 11:14:06] "GET /static/assets/css/material-dashboard.css?v=2.1.1 HTTP/1.1" 304 -
INFO:werkzeug:127.0.0.1 - - [12/Nov/2019 11:14:06] "GET /favicon.ico HTTP/1.1" 404 -
DEBUG:urllib3.connectionpool:Starting new HTTPS connection (1): dapi.kakao.com:443
DEBUG:urllib3.connectionpool:https://dapi.kakao.com:443 "GET /v2/search/image?query=%EB%83%A5%EB%83%A5%EC%9D%B4 HTTP/1.1" 200 None
INFO:werkzeug:127.0.0.1 - - [12/Nov/2019 11:14:09] "GET /news/images HTTP/1.1" 200 -
INFO:werkzeug:127.0.0.1 - - [12/Nov/2019 11:14:20] "GET / HTTP/1.1" 200 -
DEBUG:urllib3.connectionpool:Starting new HTTPS connection (1): dapi.kakao.com:443
DEBUG:urllib3.connectionpool:https://dapi.kakao.com:443 "GET /v2/search/image?query=%EB%83%A5%EB%83%A5%EC%9D%B4 HTTP/1.1" 200 None
INFO:werkzeug:127.0.0.1 - - [12/Nov/2019 11:14:21] "GET /news/images HTTP/1.1" 200 -
INFO:werkzeug: * Detected change in 'C:\\Users\\admin\\PycharmProjects\\web_service\\news.py', reloading
INFO:werkzeug: * Restarting with stat
INFO:root:Flask Web Server Started!!!
INFO:werkzeug: * Restarting with stat
INFO:root:Flask Web Server Started!!!
WARNING:werkzeug: * Debugger is active!
INFO:werkzeug: * Debugger PIN: 184-035-845
INFO:werkzeug: * Running on http://localhost:8080/ (Press CTRL+C to quit)
INFO:werkzeug:127.0.0.1 - - [12/Nov/2019 11:27:04] "GET / HTTP/1.1" 200 -
DEBUG:urllib3.connectionpool:Starting new HTTPS connection (1): dapi.kakao.com:443
DEBUG:urllib3.connectionpool:https://dapi.kakao.com:443 "GET /v2/search/image?query=%EB%83%A5%EB%83%A5%EC%9D%B4 HTTP/1.1" 200 None
INFO:werkzeug:127.0.0.1 - - [12/Nov/2019 11:27:05] "GET /news/images HTTP/1.1" 200 -
DEBUG:urllib3.connectionpool:Starting new HTTPS connection (1): dapi.kakao.com:443
DEBUG:urllib3.connectionpool:https://dapi.kakao.com:443 "GET /v3/search/book?target=title&query=%EB%AF%B8%EC%9B%80%EB%B0%9B%EC%9D%84%20%EC%9A%A9%EA%B8%B0 HTTP/1.1" 200 None
INFO:werkzeug:127.0.0.1 - - [12/Nov/2019 11:27:06] "GET /news/books HTTP/1.1" 200 -
DEBUG:urllib3.connectionpool:Starting new HTTPS connection (1): dapi.kakao.com:443
DEBUG:urllib3.connectionpool:https://dapi.kakao.com:443 "GET /v3/search/book?target=title&query=%EB%AF%B8%EC%9B%80%EB%B0%9B%EC%9D%84%20%EC%9A%A9%EA%B8%B0 HTTP/1.1" 200 None
INFO:werkzeug:127.0.0.1 - - [12/Nov/2019 11:27:08] "GET /news/books HTTP/1.1" 200 -
DEBUG:urllib3.connectionpool:Starting new HTTPS connection (1): dapi.kakao.com:443
DEBUG:urllib3.connectionpool:https://dapi.kakao.com:443 "GET /v3/search/book?target=title&query=%EB%AF%B8%EC%9B%80%EB%B0%9B%EC%9D%84%20%EC%9A%A9%EA%B8%B0 HTTP/1.1" 200 None
INFO:werkzeug:127.0.0.1 - - [12/Nov/2019 11:27:09] "GET /news/books HTTP/1.1" 200 -
DEBUG:urllib3.connectionpool:Starting new HTTPS connection (1): dapi.kakao.com:443
DEBUG:urllib3.connectionpool:https://dapi.kakao.com:443 "GET /v2/search/image?query=%EB%83%A5%EB%83%A5%EC%9D%B4 HTTP/1.1" 200 None
INFO:werkzeug:127.0.0.1 - - [12/Nov/2019 11:27:10] "GET /news/images HTTP/1.1" 200 -
DEBUG:urllib3.connectionpool:Starting new HTTPS connection (1): dapi.kakao.com:443
DEBUG:urllib3.connectionpool:https://dapi.kakao.com:443 "GET /v3/search/book?target=title&query=%EB%AF%B8%EC%9B%80%EB%B0%9B%EC%9D%84%20%EC%9A%A9%EA%B8%B0 HTTP/1.1" 200 None
INFO:werkzeug:127.0.0.1 - - [12/Nov/2019 11:27:11] "GET /news/books HTTP/1.1" 200 -
DEBUG:urllib3.connectionpool:Starting new HTTPS connection (1): dapi.kakao.com:443
DEBUG:urllib3.connectionpool:https://dapi.kakao.com:443 "GET /v2/search/image?query=%EB%83%A5%EB%83%A5%EC%9D%B4 HTTP/1.1" 200 None
INFO:werkzeug:127.0.0.1 - - [12/Nov/2019 11:27:12] "GET /news/images HTTP/1.1" 200 -
INFO:werkzeug:127.0.0.1 - - [12/Nov/2019 11:27:13] "GET / HTTP/1.1" 200 -
DEBUG:urllib3.connectionpool:Starting new HTTPS connection (1): dapi.kakao.com:443
DEBUG:urllib3.connectionpool:https://dapi.kakao.com:443 "GET /v3/search/book?target=title&query=%EB%AF%B8%EC%9B%80%EB%B0%9B%EC%9D%84%20%EC%9A%A9%EA%B8%B0 HTTP/1.1" 200 None
INFO:werkzeug:127.0.0.1 - - [12/Nov/2019 11:27:13] "GET /news/books HTTP/1.1" 200 -
DEBUG:urllib3.connectionpool:Starting new HTTPS connection (1): dapi.kakao.com:443
DEBUG:urllib3.connectionpool:https://dapi.kakao.com:443 "GET /v3/search/book?target=title&query=%EB%AF%B8%EC%9B%80%EB%B0%9B%EC%9D%84%20%EC%9A%A9%EA%B8%B0 HTTP/1.1" 200 None
INFO:werkzeug:127.0.0.1 - - [12/Nov/2019 11:27:25] "GET /news/books HTTP/1.1" 200 -
DEBUG:urllib3.connectionpool:Starting new HTTPS connection (1): dapi.kakao.com:443
DEBUG:urllib3.connectionpool:https://dapi.kakao.com:443 "GET /v2/search/image?query=%EB%83%A5%EB%83%A5%EC%9D%B4 HTTP/1.1" 200 None
INFO:werkzeug:127.0.0.1 - - [12/Nov/2019 11:27:26] "GET /news/images HTTP/1.1" 200 -
DEBUG:urllib3.connectionpool:Starting new HTTPS connection (1): dapi.kakao.com:443
DEBUG:urllib3.connectionpool:https://dapi.kakao.com:443 "GET /v3/search/book?target=title&query=%EB%AF%B8%EC%9B%80%EB%B0%9B%EC%9D%84%20%EC%9A%A9%EA%B8%B0 HTTP/1.1" 200 None
INFO:werkzeug:127.0.0.1 - - [12/Nov/2019 11:27:27] "GET /news/books HTTP/1.1" 200 -
INFO:werkzeug: * Detected change in 'C:\\Users\\admin\\PycharmProjects\\web_service\\application.py', reloading
INFO:werkzeug: * Restarting with stat
INFO:root:Flask Web Server Started!!!
WARNING:werkzeug: * Debugger is active!
INFO:werkzeug: * Debugger PIN: 184-035-845
INFO:werkzeug: * Running on http://localhost:8080/ (Press CTRL+C to quit)
INFO:werkzeug:127.0.0.1 - - [12/Nov/2019 11:32:53] "GET /news/books HTTP/1.1" 404 -
INFO:root:Flask Web Server Started!!!
INFO:werkzeug: * Restarting with stat
INFO:root:Flask Web Server Started!!!
WARNING:werkzeug: * Debugger is active!
INFO:werkzeug: * Debugger PIN: 184-035-845
INFO:werkzeug: * Running on http://localhost:8080/ (Press CTRL+C to quit)
INFO:root:Flask Web Server Started!!!
INFO:werkzeug: * Restarting with stat
INFO:root:Flask Web Server Started!!!
WARNING:werkzeug: * Debugger is active!
INFO:werkzeug: * Debugger PIN: 184-035-845
INFO:werkzeug: * Running on http://localhost:8080/ (Press CTRL+C to quit)
INFO:werkzeug:127.0.0.1 - - [12/Nov/2019 11:33:22] "GET /news/books HTTP/1.1" 404 -
INFO:werkzeug:127.0.0.1 - - [12/Nov/2019 11:33:25] "GET / HTTP/1.1" 200 -
DEBUG:urllib3.connectionpool:Starting new HTTPS connection (1): dapi.kakao.com:443
DEBUG:urllib3.connectionpool:https://dapi.kakao.com:443 "GET /v2/search/image?query=%EB%83%A5%EB%83%A5%EC%9D%B4 HTTP/1.1" 200 None
INFO:werkzeug:127.0.0.1 - - [12/Nov/2019 11:33:26] "GET /menus/images HTTP/1.1" 200 -
INFO:werkzeug:127.0.0.1 - - [12/Nov/2019 11:33:27] "GET / HTTP/1.1" 200 -
DEBUG:urllib3.connectionpool:Starting new HTTPS connection (1): dapi.kakao.com:443
DEBUG:urllib3.connectionpool:https://dapi.kakao.com:443 "GET /v3/search/book?target=title&query=%EB%AF%B8%EC%9B%80%EB%B0%9B%EC%9D%84%20%EC%9A%A9%EA%B8%B0 HTTP/1.1" 200 None
INFO:werkzeug:127.0.0.1 - - [12/Nov/2019 11:33:28] "GET /menus/books HTTP/1.1" 200 -
DEBUG:urllib3.connectionpool:Starting new HTTPS connection (1): dapi.kakao.com:443
DEBUG:urllib3.connectionpool:https://dapi.kakao.com:443 "GET /v2/search/image?query=%EB%83%A5%EB%83%A5%EC%9D%B4 HTTP/1.1" 200 None
INFO:werkzeug:127.0.0.1 - - [12/Nov/2019 11:33:29] "GET /menus/images HTTP/1.1" 200 -
INFO:werkzeug:127.0.0.1 - - [12/Nov/2019 11:33:30] "GET / HTTP/1.1" 200 -
DEBUG:urllib3.connectionpool:Starting new HTTPS connection (1): dapi.kakao.com:443
DEBUG:urllib3.connectionpool:https://dapi.kakao.com:443 "GET /v3/search/book?target=title&query=%EB%AF%B8%EC%9B%80%EB%B0%9B%EC%9D%84%20%EC%9A%A9%EA%B8%B0 HTTP/1.1" 200 None
INFO:werkzeug:127.0.0.1 - - [12/Nov/2019 11:33:31] "GET /menus/books HTTP/1.1" 200 -
INFO:werkzeug: * Detected change in 'C:\\Users\\admin\\PycharmProjects\\web_service\\menus.py', reloading
INFO:werkzeug: * Restarting with stat
INFO:root:Flask Web Server Started!!!
WARNING:werkzeug: * Debugger is active!
INFO:werkzeug: * Debugger PIN: 184-035-845
INFO:werkzeug: * Running on http://localhost:8080/ (Press CTRL+C to quit)
INFO:werkzeug: * Detected change in 'C:\\Users\\admin\\PycharmProjects\\web_service\\menus.py', reloading
INFO:werkzeug: * Restarting with stat
INFO:root:Flask Web Server Started!!!
WARNING:werkzeug: * Debugger is active!
INFO:werkzeug: * Debugger PIN: 184-035-845
INFO:werkzeug: * Running on http://localhost:8080/ (Press CTRL+C to quit)
INFO:root:Flask Web Server Started!!!
INFO:werkzeug: * Restarting with stat
INFO:root:Flask Web Server Started!!!
WARNING:werkzeug: * Debugger is active!
INFO:werkzeug: * Debugger PIN: 184-035-845
INFO:werkzeug: * Running on http://localhost:8080/ (Press CTRL+C to quit)
INFO:werkzeug:127.0.0.1 - - [12/Nov/2019 11:38:26] "GET / HTTP/1.1" 200 -
DEBUG:urllib3.connectionpool:Starting new HTTPS connection (1): dapi.kakao.com:443
DEBUG:urllib3.connectionpool:https://dapi.kakao.com:443 "GET /v2/search/image?query=%EB%83%A5%EB%83%A5%EC%9D%B4 HTTP/1.1" 200 None
INFO:werkzeug:127.0.0.1 - - [12/Nov/2019 11:38:27] "GET /menus/images HTTP/1.1" 200 -
DEBUG:urllib3.connectionpool:Starting new HTTPS connection (1): dapi.kakao.com:443
DEBUG:urllib3.connectionpool:https://dapi.kakao.com:443 "GET /v3/search/book?target=title&query=%EB%AF%B8%EC%9B%80%EB%B0%9B%EC%9D%84%20%EC%9A%A9%EA%B8%B0 HTTP/1.1" 200 None
INFO:werkzeug:127.0.0.1 - - [12/Nov/2019 11:38:27] "GET /menus/books HTTP/1.1" 500 -
INFO:werkzeug:127.0.0.1 - - [12/Nov/2019 11:38:28] "GET /menus/books?__debugger__=yes&cmd=resource&f=style.css HTTP/1.1" 200 -
INFO:werkzeug:127.0.0.1 - - [12/Nov/2019 11:38:28] "GET /menus/books?__debugger__=yes&cmd=resource&f=debugger.js HTTP/1.1" 200 -
INFO:werkzeug:127.0.0.1 - - [12/Nov/2019 11:38:28] "GET /menus/books?__debugger__=yes&cmd=resource&f=jquery.js HTTP/1.1" 200 -
INFO:werkzeug:127.0.0.1 - - [12/Nov/2019 11:38:28] "GET /menus/books?__debugger__=yes&cmd=resource&f=ubuntu.ttf HTTP/1.1" 200 -
INFO:werkzeug:127.0.0.1 - - [12/Nov/2019 11:38:28] "GET /menus/books?__debugger__=yes&cmd=resource&f=console.png HTTP/1.1" 200 -
INFO:werkzeug:127.0.0.1 - - [12/Nov/2019 11:38:28] "GET /menus/books?__debugger__=yes&cmd=resource&f=console.png HTTP/1.1" 200 -
DEBUG:urllib3.connectionpool:Starting new HTTPS connection (1): dapi.kakao.com:443
DEBUG:urllib3.connectionpool:https://dapi.kakao.com:443 "GET /v3/search/book?target=title&query=%EB%AF%B8%EC%9B%80%EB%B0%9B%EC%9D%84%20%EC%9A%A9%EA%B8%B0 HTTP/1.1" 200 None
INFO:werkzeug:127.0.0.1 - - [12/Nov/2019 11:38:31] "GET /menus/books HTTP/1.1" 500 -
INFO:werkzeug:127.0.0.1 - - [12/Nov/2019 11:38:31] "GET /menus/books?__debugger__=yes&cmd=resource&f=style.css HTTP/1.1" 200 -
INFO:werkzeug:127.0.0.1 - - [12/Nov/2019 11:38:32] "GET /menus/books?__debugger__=yes&cmd=resource&f=jquery.js HTTP/1.1" 200 -
INFO:werkzeug:127.0.0.1 - - [12/Nov/2019 11:38:32] "GET /menus/books?__debugger__=yes&cmd=resource&f=debugger.js HTTP/1.1" 200 -
INFO:werkzeug:127.0.0.1 - - [12/Nov/2019 11:38:32] "GET /menus/books?__debugger__=yes&cmd=resource&f=ubuntu.ttf HTTP/1.1" 200 -
INFO:werkzeug:127.0.0.1 - - [12/Nov/2019 11:38:32] "GET /menus/books?__debugger__=yes&cmd=resource&f=console.png HTTP/1.1" 200 -
INFO:werkzeug:127.0.0.1 - - [12/Nov/2019 11:38:43] "GET / HTTP/1.1" 200 -
INFO:werkzeug:127.0.0.1 - - [12/Nov/2019 11:38:45] "GET / HTTP/1.1" 200 -
DEBUG:urllib3.connectionpool:Starting new HTTPS connection (1): dapi.kakao.com:443
DEBUG:urllib3.connectionpool:https://dapi.kakao.com:443 "GET /v3/search/book?target=title&query=%EB%AF%B8%EC%9B%80%EB%B0%9B%EC%9D%84%20%EC%9A%A9%EA%B8%B0 HTTP/1.1" 200 None
INFO:werkzeug:127.0.0.1 - - [12/Nov/2019 11:38:46] "GET /menus/books HTTP/1.1" 500 -
INFO:werkzeug:127.0.0.1 - - [12/Nov/2019 11:38:46] "GET /menus/books?__debugger__=yes&cmd=resource&f=style.css HTTP/1.1" 200 -
INFO:werkzeug:127.0.0.1 - - [12/Nov/2019 11:38:46] "GET /menus/books?__debugger__=yes&cmd=resource&f=jquery.js HTTP/1.1" 200 -
INFO:werkzeug:127.0.0.1 - - [12/Nov/2019 11:38:46] "GET /menus/books?__debugger__=yes&cmd=resource&f=debugger.js HTTP/1.1" 200 -
INFO:werkzeug:127.0.0.1 - - [12/Nov/2019 11:38:46] "GET /menus/books?__debugger__=yes&cmd=resource&f=ubuntu.ttf HTTP/1.1" 200 -
INFO:werkzeug:127.0.0.1 - - [12/Nov/2019 11:38:46] "GET /menus/books?__debugger__=yes&cmd=resource&f=console.png HTTP/1.1" 200 -
INFO:werkzeug: * Detected change in 'C:\\Users\\admin\\PycharmProjects\\web_service\\menus.py', reloading
INFO:werkzeug: * Restarting with stat
INFO:root:Flask Web Server Started!!!
WARNING:werkzeug: * Debugger is active!
INFO:werkzeug: * Debugger PIN: 184-035-845
INFO:werkzeug: * Running on http://localhost:8080/ (Press CTRL+C to quit)
INFO:root:Flask Web Server Started!!!
INFO:werkzeug: * Restarting with stat
INFO:root:Flask Web Server Started!!!
WARNING:werkzeug: * Debugger is active!
INFO:werkzeug: * Debugger PIN: 184-035-845
INFO:werkzeug: * Running on http://localhost:8080/ (Press CTRL+C to quit)
INFO:werkzeug:127.0.0.1 - - [12/Nov/2019 11:39:39] "GET / HTTP/1.1" 200 -
DEBUG:urllib3.connectionpool:Starting new HTTPS connection (1): dapi.kakao.com:443
DEBUG:urllib3.connectionpool:https://dapi.kakao.com:443 "GET /v2/search/image?query=%EB%83%A5%EB%83%A5%EC%9D%B4 HTTP/1.1" 200 None
INFO:werkzeug:127.0.0.1 - - [12/Nov/2019 11:39:40] "GET /menus/images HTTP/1.1" 200 -
INFO:werkzeug:127.0.0.1 - - [12/Nov/2019 11:39:40] "GET / HTTP/1.1" 200 -
DEBUG:urllib3.connectionpool:Starting new HTTPS connection (1): dapi.kakao.com:443
DEBUG:urllib3.connectionpool:https://dapi.kakao.com:443 "GET /v3/search/book?target=title&query=%EB%AF%B8%EC%9B%80%EB%B0%9B%EC%9D%84%20%EC%9A%A9%EA%B8%B0 HTTP/1.1" 200 None
INFO:werkzeug:127.0.0.1 - - [12/Nov/2019 11:39:41] "GET /menus/books HTTP/1.1" 500 -
INFO:werkzeug:127.0.0.1 - - [12/Nov/2019 11:39:41] "GET /menus/books?__debugger__=yes&cmd=resource&f=style.css HTTP/1.1" 200 -
INFO:werkzeug:127.0.0.1 - - [12/Nov/2019 11:39:41] "GET /menus/books?__debugger__=yes&cmd=resource&f=jquery.js HTTP/1.1" 200 -
INFO:werkzeug:127.0.0.1 - - [12/Nov/2019 11:39:41] "GET /menus/books?__debugger__=yes&cmd=resource&f=debugger.js HTTP/1.1" 200 -
INFO:werkzeug:127.0.0.1 - - [12/Nov/2019 11:39:42] "GET /menus/books?__debugger__=yes&cmd=resource&f=ubuntu.ttf HTTP/1.1" 200 -
INFO:werkzeug:127.0.0.1 - - [12/Nov/2019 11:39:42] "GET /menus/books?__debugger__=yes&cmd=resource&f=console.png HTTP/1.1" 200 -
INFO:werkzeug: * Detected change in 'C:\\Users\\admin\\PycharmProjects\\web_service\\menus.py', reloading
INFO:werkzeug: * Restarting with stat
INFO:root:Flask Web Server Started!!!
WARNING:werkzeug: * Debugger is active!
INFO:werkzeug: * Debugger PIN: 184-035-845
INFO:werkzeug: * Running on http://localhost:8080/ (Press CTRL+C to quit)
INFO:root:Flask Web Server Started!!!
INFO:werkzeug: * Restarting with stat
INFO:root:Flask Web Server Started!!!
WARNING:werkzeug: * Debugger is active!
INFO:werkzeug: * Debugger PIN: 184-035-845
INFO:werkzeug: * Running on http://localhost:8080/ (Press CTRL+C to quit)
INFO:werkzeug:127.0.0.1 - - [12/Nov/2019 11:40:11] "GET / HTTP/1.1" 200 -
INFO:werkzeug:127.0.0.1 - - [12/Nov/2019 11:40:12] "GET / HTTP/1.1" 200 -
DEBUG:urllib3.connectionpool:Starting new HTTPS connection (1): dapi.kakao.com:443
DEBUG:urllib3.connectionpool:https://dapi.kakao.com:443 "GET /v2/search/image?query=%EB%83%A5%EB%83%A5%EC%9D%B4 HTTP/1.1" 200 None
INFO:werkzeug:127.0.0.1 - - [12/Nov/2019 11:40:12] "GET /menus/images HTTP/1.1" 200 -
DEBUG:urllib3.connectionpool:Starting new HTTPS connection (1): dapi.kakao.com:443
DEBUG:urllib3.connectionpool:https://dapi.kakao.com:443 "GET /v3/search/book?target=title&query=%EB%AF%B8%EC%9B%80%EB%B0%9B%EC%9D%84%20%EC%9A%A9%EA%B8%B0 HTTP/1.1" 200 None
INFO:werkzeug:127.0.0.1 - - [12/Nov/2019 11:40:13] "GET /menus/books HTTP/1.1" 500 -
INFO:werkzeug:127.0.0.1 - - [12/Nov/2019 11:40:13] "GET /menus/books?__debugger__=yes&cmd=resource&f=style.css HTTP/1.1" 200 -
INFO:werkzeug:127.0.0.1 - - [12/Nov/2019 11:40:13] "GET /menus/books?__debugger__=yes&cmd=resource&f=jquery.js HTTP/1.1" 200 -
INFO:werkzeug:127.0.0.1 - - [12/Nov/2019 11:40:13] "GET /menus/books?__debugger__=yes&cmd=resource&f=debugger.js HTTP/1.1" 200 -
INFO:werkzeug:127.0.0.1 - - [12/Nov/2019 11:40:13] "GET /menus/books?__debugger__=yes&cmd=resource&f=ubuntu.ttf HTTP/1.1" 200 -
INFO:werkzeug:127.0.0.1 - - [12/Nov/2019 11:40:13] "GET /menus/books?__debugger__=yes&cmd=resource&f=console.png HTTP/1.1" 200 -
INFO:werkzeug: * Detected change in 'C:\\Users\\admin\\PycharmProjects\\web_service\\menus.py', reloading
INFO:werkzeug: * Restarting with stat
INFO:root:Flask Web Server Started!!!
WARNING:werkzeug: * Debugger is active!
INFO:werkzeug: * Debugger PIN: 184-035-845
INFO:werkzeug: * Running on http://localhost:8080/ (Press CTRL+C to quit)
INFO:root:Flask Web Server Started!!!
INFO:werkzeug: * Restarting with stat
INFO:root:Flask Web Server Started!!!
WARNING:werkzeug: * Debugger is active!
INFO:werkzeug: * Debugger PIN: 184-035-845
INFO:werkzeug: * Running on http://localhost:8080/ (Press CTRL+C to quit)
DEBUG:urllib3.connectionpool:Starting new HTTPS connection (1): dapi.kakao.com:443
DEBUG:urllib3.connectionpool:https://dapi.kakao.com:443 "GET /v2/search/image?query=%EB%83%A5%EB%83%A5%EC%9D%B4 HTTP/1.1" 200 None
INFO:werkzeug:127.0.0.1 - - [12/Nov/2019 11:41:18] "GET /menus/images HTTP/1.1" 200 -
INFO:werkzeug:127.0.0.1 - - [12/Nov/2019 11:41:18] "GET / HTTP/1.1" 200 -
DEBUG:urllib3.connectionpool:Starting new HTTPS connection (1): dapi.kakao.com:443
DEBUG:urllib3.connectionpool:https://dapi.kakao.com:443 "GET /v3/search/book?target=title&query=%EB%AF%B8%EC%9B%80%EB%B0%9B%EC%9D%84%20%EC%9A%A9%EA%B8%B0 HTTP/1.1" 200 None
INFO:werkzeug:127.0.0.1 - - [12/Nov/2019 11:41:19] "GET /menus/books HTTP/1.1" 200 -
DEBUG:urllib3.connectionpool:Starting new HTTPS connection (1): dapi.kakao.com:443
DEBUG:urllib3.connectionpool:https://dapi.kakao.com:443 "GET /v3/search/book?target=title&query=%EB%AF%B8%EC%9B%80%EB%B0%9B%EC%9D%84%20%EC%9A%A9%EA%B8%B0 HTTP/1.1" 200 None
INFO:werkzeug:127.0.0.1 - - [12/Nov/2019 11:41:20] "GET /menus/books HTTP/1.1" 200 -
DEBUG:urllib3.connectionpool:Starting new HTTPS connection (1): dapi.kakao.com:443
DEBUG:urllib3.connectionpool:https://dapi.kakao.com:443 "GET /v3/search/book?target=title&query=%EB%AF%B8%EC%9B%80%EB%B0%9B%EC%9D%84%20%EC%9A%A9%EA%B8%B0 HTTP/1.1" 200 None
INFO:werkzeug:127.0.0.1 - - [12/Nov/2019 11:41:20] "GET /menus/books HTTP/1.1" 200 -
DEBUG:urllib3.connectionpool:Starting new HTTPS connection (1): dapi.kakao.com:443
DEBUG:urllib3.connectionpool:https://dapi.kakao.com:443 "GET /v3/search/book?target=title&query=%EB%AF%B8%EC%9B%80%EB%B0%9B%EC%9D%84%20%EC%9A%A9%EA%B8%B0 HTTP/1.1" 200 None
INFO:werkzeug:127.0.0.1 - - [12/Nov/2019 11:41:21] "GET /menus/books HTTP/1.1" 200 -
DEBUG:urllib3.connectionpool:Starting new HTTPS connection (1): dapi.kakao.com:443
DEBUG:urllib3.connectionpool:https://dapi.kakao.com:443 "GET /v2/search/image?query=%EB%83%A5%EB%83%A5%EC%9D%B4 HTTP/1.1" 200 None
INFO:werkzeug:127.0.0.1 - - [12/Nov/2019 11:41:45] "GET /menus/images HTTP/1.1" 200 -
DEBUG:urllib3.connectionpool:Starting new HTTPS connection (1): dapi.kakao.com:443
DEBUG:urllib3.connectionpool:https://dapi.kakao.com:443 "GET /v3/search/book?target=title&query=%EB%AF%B8%EC%9B%80%EB%B0%9B%EC%9D%84%20%EC%9A%A9%EA%B8%B0 HTTP/1.1" 200 None
INFO:werkzeug:127.0.0.1 - - [12/Nov/2019 11:41:45] "GET /menus/books HTTP/1.1" 200 -
INFO:werkzeug:127.0.0.1 - - [12/Nov/2019 11:41:46] "GET / HTTP/1.1" 200 -
DEBUG:urllib3.connectionpool:Starting new HTTPS connection (1): dapi.kakao.com:443
DEBUG:urllib3.connectionpool:https://dapi.kakao.com:443 "GET /v3/search/book?target=title&query=%EB%AF%B8%EC%9B%80%EB%B0%9B%EC%9D%84%20%EC%9A%A9%EA%B8%B0 HTTP/1.1" 200 None
INFO:werkzeug:127.0.0.1 - - [12/Nov/2019 11:41:47] "GET /menus/books HTTP/1.1" 200 -
INFO:werkzeug: * Detected change in 'C:\\Users\\admin\\PycharmProjects\\web_service\\menus.py', reloading
INFO:werkzeug: * Restarting with stat
INFO:root:Flask Web Server Started!!!
WARNING:werkzeug: * Debugger is active!
INFO:werkzeug: * Debugger PIN: 184-035-845
INFO:werkzeug: * Running on http://localhost:8080/ (Press CTRL+C to quit)
DEBUG:urllib3.connectionpool:Starting new HTTPS connection (1): dapi.kakao.com:443
DEBUG:urllib3.connectionpool:https://dapi.kakao.com:443 "GET /v3/search/book?target=title&query=%EB%AF%B8%EC%9B%80%EB%B0%9B%EC%9D%84%20%EC%9A%A9%EA%B8%B0 HTTP/1.1" 200 None
INFO:werkzeug:127.0.0.1 - - [12/Nov/2019 11:41:58] "GET /menus/books HTTP/1.1" 200 -
DEBUG:urllib3.connectionpool:Starting new HTTPS connection (1): dapi.kakao.com:443
DEBUG:urllib3.connectionpool:https://dapi.kakao.com:443 "GET /v2/search/image?query=%EB%83%A5%EB%83%A5%EC%9D%B4 HTTP/1.1" 200 None
INFO:werkzeug:127.0.0.1 - - [12/Nov/2019 11:41:59] "GET /menus/images HTTP/1.1" 200 -
DEBUG:urllib3.connectionpool:Starting new HTTPS connection (1): dapi.kakao.com:443
DEBUG:urllib3.connectionpool:https://dapi.kakao.com:443 "GET /v2/search/image?query=%EB%83%A5%EB%83%A5%EC%9D%B4 HTTP/1.1" 200 None
INFO:werkzeug:127.0.0.1 - - [12/Nov/2019 11:41:59] "GET /menus/images HTTP/1.1" 200 -
INFO:werkzeug:127.0.0.1 - - [12/Nov/2019 11:42:00] "GET /menus/book HTTP/1.1" 404 -
INFO:werkzeug:127.0.0.1 - - [12/Nov/2019 11:42:09] "GET /menus/book HTTP/1.1" 404 -
DEBUG:urllib3.connectionpool:Starting new HTTPS connection (1): dapi.kakao.com:443
DEBUG:urllib3.connectionpool:https://dapi.kakao.com:443 "GET /v2/search/image?query=%EB%83%A5%EB%83%A5%EC%9D%B4 HTTP/1.1" 200 None
INFO:werkzeug:127.0.0.1 - - [12/Nov/2019 11:42:11] "GET /menus/images HTTP/1.1" 200 -
INFO:werkzeug:127.0.0.1 - - [12/Nov/2019 11:42:12] "GET / HTTP/1.1" 200 -
DEBUG:urllib3.connectionpool:Starting new HTTPS connection (1): dapi.kakao.com:443
DEBUG:urllib3.connectionpool:https://dapi.kakao.com:443 "GET /v3/search/book?target=title&query=%EB%AF%B8%EC%9B%80%EB%B0%9B%EC%9D%84%20%EC%9A%A9%EA%B8%B0 HTTP/1.1" 200 None
INFO:werkzeug:127.0.0.1 - - [12/Nov/2019 11:42:12] "GET /menus/books HTTP/1.1" 200 -
DEBUG:urllib3.connectionpool:Starting new HTTPS connection (1): dapi.kakao.com:443
DEBUG:urllib3.connectionpool:https://dapi.kakao.com:443 "GET /v2/search/image?query=%EB%83%A5%EB%83%A5%EC%9D%B4 HTTP/1.1" 200 None
INFO:werkzeug:127.0.0.1 - - [12/Nov/2019 11:42:14] "GET /menus/images HTTP/1.1" 200 -
INFO:werkzeug:127.0.0.1 - - [12/Nov/2019 11:42:14] "GET / HTTP/1.1" 200 -
DEBUG:urllib3.connectionpool:Starting new HTTPS connection (1): dapi.kakao.com:443
DEBUG:urllib3.connectionpool:https://dapi.kakao.com:443 "GET /v3/search/book?target=title&query=%EB%AF%B8%EC%9B%80%EB%B0%9B%EC%9D%84%20%EC%9A%A9%EA%B8%B0 HTTP/1.1" 200 None
INFO:werkzeug:127.0.0.1 - - [12/Nov/2019 11:42:15] "GET /menus/books HTTP/1.1" 200 -
DEBUG:urllib3.connectionpool:Starting new HTTPS connection (1): dapi.kakao.com:443
DEBUG:urllib3.connectionpool:https://dapi.kakao.com:443 "GET /v2/search/image?query=%EB%83%A5%EB%83%A5%EC%9D%B4 HTTP/1.1" 200 None
INFO:werkzeug:127.0.0.1 - - [12/Nov/2019 11:42:15] "GET /menus/images HTTP/1.1" 200 -
INFO:werkzeug:127.0.0.1 - - [12/Nov/2019 11:42:16] "GET / HTTP/1.1" 200 -
DEBUG:urllib3.connectionpool:Starting new HTTPS connection (1): dapi.kakao.com:443
DEBUG:urllib3.connectionpool:https://dapi.kakao.com:443 "GET /v3/search/book?target=title&query=%EB%AF%B8%EC%9B%80%EB%B0%9B%EC%9D%84%20%EC%9A%A9%EA%B8%B0 HTTP/1.1" 200 None
INFO:werkzeug:127.0.0.1 - - [12/Nov/2019 11:42:16] "GET /menus/books HTTP/1.1" 200 -
DEBUG:urllib3.connectionpool:Starting new HTTPS connection (1): dapi.kakao.com:443
DEBUG:urllib3.connectionpool:https://dapi.kakao.com:443 "GET /v3/search/book?target=title&query=%EB%AF%B8%EC%9B%80%EB%B0%9B%EC%9D%84%20%EC%9A%A9%EA%B8%B0 HTTP/1.1" 200 None
INFO:werkzeug:127.0.0.1 - - [12/Nov/2019 11:43:34] "GET /menus/books HTTP/1.1" 200 -
DEBUG:urllib3.connectionpool:Starting new HTTPS connection (1): dapi.kakao.com:443
DEBUG:urllib3.connectionpool:https://dapi.kakao.com:443 "GET /v3/search/book?target=title&query=%EB%AF%B8%EC%9B%80%EB%B0%9B%EC%9D%84%20%EC%9A%A9%EA%B8%B0 HTTP/1.1" 200 None
INFO:werkzeug:127.0.0.1 - - [12/Nov/2019 11:43:35] "GET /menus/books HTTP/1.1" 200 -
DEBUG:urllib3.connectionpool:Starting new HTTPS connection (1): dapi.kakao.com:443
DEBUG:urllib3.connectionpool:https://dapi.kakao.com:443 "GET /v3/search/book?target=title&query=%EB%AF%B8%EC%9B%80%EB%B0%9B%EC%9D%84%20%EC%9A%A9%EA%B8%B0 HTTP/1.1" 200 None
INFO:werkzeug:127.0.0.1 - - [12/Nov/2019 11:43:35] "GET /menus/books HTTP/1.1" 200 -
DEBUG:urllib3.connectionpool:Starting new HTTPS connection (1): dapi.kakao.com:443
DEBUG:urllib3.connectionpool:https://dapi.kakao.com:443 "GET /v3/search/book?target=title&query=%EB%AF%B8%EC%9B%80%EB%B0%9B%EC%9D%84%20%EC%9A%A9%EA%B8%B0 HTTP/1.1" 200 None
INFO:werkzeug:127.0.0.1 - - [12/Nov/2019 11:43:44] "GET /menus/books HTTP/1.1" 200 -
DEBUG:urllib3.connectionpool:Starting new HTTPS connection (1): dapi.kakao.com:443
DEBUG:urllib3.connectionpool:https://dapi.kakao.com:443 "GET /v3/search/book?target=title&query=%EB%AF%B8%EC%9B%80%EB%B0%9B%EC%9D%84%20%EC%9A%A9%EA%B8%B0 HTTP/1.1" 200 None
INFO:werkzeug:127.0.0.1 - - [12/Nov/2019 11:43:45] "GET /menus/books HTTP/1.1" 200 -
INFO:werkzeug: * Detected change in 'C:\\Users\\admin\\PycharmProjects\\web_service\\menus.py', reloading
INFO:werkzeug: * Restarting with stat
INFO:root:Flask Web Server Started!!!
INFO:werkzeug: * Restarting with stat
INFO:root:Flask Web Server Started!!!
WARNING:werkzeug: * Debugger is active!
INFO:werkzeug: * Debugger PIN: 184-035-845
INFO:werkzeug: * Running on http://localhost:8080/ (Press CTRL+C to quit)
INFO:werkzeug:127.0.0.1 - - [12/Nov/2019 11:57:44] "GET / HTTP/1.1" 200 -
INFO:werkzeug:127.0.0.1 - - [12/Nov/2019 11:57:45] "GET / HTTP/1.1" 200 -
INFO:werkzeug:127.0.0.1 - - [12/Nov/2019 11:57:46] "GET / HTTP/1.1" 200 -
DEBUG:urllib3.connectionpool:Starting new HTTPS connection (1): dapi.kakao.com:443
DEBUG:urllib3.connectionpool:https://dapi.kakao.com:443 "GET /v2/search/image?query=%EB%83%A5%EB%83%A5%EC%9D%B4 HTTP/1.1" 200 None
INFO:werkzeug:127.0.0.1 - - [12/Nov/2019 11:57:46] "GET /menus/images HTTP/1.1" 200 -
DEBUG:urllib3.connectionpool:Starting new HTTPS connection (1): dapi.kakao.com:443
DEBUG:urllib3.connectionpool:https://dapi.kakao.com:443 "GET /v3/search/book?target=title&query=%EB%AF%B8%EC%9B%80%EB%B0%9B%EC%9D%84%20%EC%9A%A9%EA%B8%B0 HTTP/1.1" 200 None
INFO:werkzeug:127.0.0.1 - - [12/Nov/2019 11:57:47] "GET /menus/books HTTP/1.1" 500 -
INFO:werkzeug:127.0.0.1 - - [12/Nov/2019 11:57:47] "GET /menus/books?__debugger__=yes&cmd=resource&f=style.css HTTP/1.1" 200 -
INFO:werkzeug:127.0.0.1 - - [12/Nov/2019 11:57:47] "GET /menus/books?__debugger__=yes&cmd=resource&f=jquery.js HTTP/1.1" 200 -
INFO:werkzeug:127.0.0.1 - - [12/Nov/2019 11:57:47] "GET /menus/books?__debugger__=yes&cmd=resource&f=debugger.js HTTP/1.1" 200 -
INFO:werkzeug:127.0.0.1 - - [12/Nov/2019 11:57:48] "GET /menus/books?__debugger__=yes&cmd=resource&f=ubuntu.ttf HTTP/1.1" 200 -
INFO:werkzeug:127.0.0.1 - - [12/Nov/2019 11:57:48] "GET /menus/books?__debugger__=yes&cmd=resource&f=console.png HTTP/1.1" 200 -
INFO:werkzeug:127.0.0.1 - - [12/Nov/2019 11:57:48] "GET /menus/books?__debugger__=yes&cmd=resource&f=console.png HTTP/1.1" 200 -
INFO:root:Flask Web Server Started!!!
INFO:werkzeug: * Restarting with stat
INFO:root:Flask Web Server Started!!!
WARNING:werkzeug: * Debugger is active!
INFO:werkzeug: * Debugger PIN: 184-035-845
INFO:werkzeug: * Running on http://localhost:8080/ (Press CTRL+C to quit)
DEBUG:urllib3.connectionpool:Starting new HTTPS connection (1): dapi.kakao.com:443
DEBUG:urllib3.connectionpool:https://dapi.kakao.com:443 "GET /v2/search/image?query=%EB%83%A5%EB%83%A5%EC%9D%B4 HTTP/1.1" 200 None
INFO:werkzeug:127.0.0.1 - - [12/Nov/2019 11:59:02] "GET /menus/images HTTP/1.1" 200 -
DEBUG:urllib3.connectionpool:Starting new HTTPS connection (1): dapi.kakao.com:443
DEBUG:urllib3.connectionpool:https://dapi.kakao.com:443 "GET /v3/search/book?target=title&query=%EB%AF%B8%EC%9B%80%EB%B0%9B%EC%9D%84%20%EC%9A%A9%EA%B8%B0 HTTP/1.1" 200 None
INFO:werkzeug:127.0.0.1 - - [12/Nov/2019 11:59:03] "GET /menus/books HTTP/1.1" 200 -
DEBUG:urllib3.connectionpool:Starting new HTTPS connection (1): dapi.kakao.com:443
DEBUG:urllib3.connectionpool:https://dapi.kakao.com:443 "GET /v2/search/image?query=%EB%83%A5%EB%83%A5%EC%9D%B4 HTTP/1.1" 200 None
INFO:werkzeug:127.0.0.1 - - [12/Nov/2019 11:59:06] "GET /menus/images HTTP/1.1" 200 -
DEBUG:urllib3.connectionpool:Starting new HTTPS connection (1): dapi.kakao.com:443
DEBUG:urllib3.connectionpool:https://dapi.kakao.com:443 "GET /v3/search/book?target=title&query=%EB%AF%B8%EC%9B%80%EB%B0%9B%EC%9D%84%20%EC%9A%A9%EA%B8%B0 HTTP/1.1" 200 None
INFO:werkzeug:127.0.0.1 - - [12/Nov/2019 11:59:06] "GET /menus/books HTTP/1.1" 200 -
DEBUG:urllib3.connectionpool:Starting new HTTPS connection (1): dapi.kakao.com:443
DEBUG:urllib3.connectionpool:https://dapi.kakao.com:443 "GET /v2/search/image?query=%EB%83%A5%EB%83%A5%EC%9D%B4 HTTP/1.1" 200 None
INFO:werkzeug:127.0.0.1 - - [12/Nov/2019 12:00:13] "GET /menus/images HTTP/1.1" 200 -
DEBUG:urllib3.connectionpool:Starting new HTTPS connection (1): dapi.kakao.com:443
DEBUG:urllib3.connectionpool:https://dapi.kakao.com:443 "GET /v3/search/book?target=title&query=%EB%AF%B8%EC%9B%80%EB%B0%9B%EC%9D%84%20%EC%9A%A9%EA%B8%B0 HTTP/1.1" 200 None
INFO:werkzeug:127.0.0.1 - - [12/Nov/2019 12:00:13] "GET /menus/books HTTP/1.1" 200 -
INFO:werkzeug:127.0.0.1 - - [12/Nov/2019 12:00:14] "GET / HTTP/1.1" 200 -
DEBUG:urllib3.connectionpool:Starting new HTTPS connection (1): dapi.kakao.com:443
DEBUG:urllib3.connectionpool:https://dapi.kakao.com:443 "GET /v2/search/image?query=%EB%83%A5%EB%83%A5%EC%9D%B4 HTTP/1.1" 200 None
INFO:werkzeug:127.0.0.1 - - [12/Nov/2019 12:00:15] "GET /menus/images HTTP/1.1" 200 -
DEBUG:urllib3.connectionpool:Starting new HTTPS connection (1): dapi.kakao.com:443
DEBUG:urllib3.connectionpool:https://dapi.kakao.com:443 "GET /v3/search/book?target=title&query=%EB%AF%B8%EC%9B%80%EB%B0%9B%EC%9D%84%20%EC%9A%A9%EA%B8%B0 HTTP/1.1" 200 None
INFO:werkzeug:127.0.0.1 - - [12/Nov/2019 12:00:15] "GET /menus/books HTTP/1.1" 200 -
DEBUG:urllib3.connectionpool:Starting new HTTPS connection (1): dapi.kakao.com:443
DEBUG:urllib3.connectionpool:https://dapi.kakao.com:443 "GET /v3/search/book?target=title&query=%EB%AF%B8%EC%9B%80%EB%B0%9B%EC%9D%84%20%EC%9A%A9%EA%B8%B0 HTTP/1.1" 200 None
INFO:werkzeug:127.0.0.1 - - [12/Nov/2019 12:01:00] "GET /menus/books HTTP/1.1" 200 -
DEBUG:urllib3.connectionpool:Starting new HTTPS connection (1): dapi.kakao.com:443
DEBUG:urllib3.connectionpool:https://dapi.kakao.com:443 "GET /v2/search/image?query=%EB%83%A5%EB%83%A5%EC%9D%B4 HTTP/1.1" 200 None
INFO:werkzeug:127.0.0.1 - - [12/Nov/2019 12:02:17] "GET /menus/images HTTP/1.1" 200 -
INFO:werkzeug:127.0.0.1 - - [12/Nov/2019 12:02:17] "GET / HTTP/1.1" 200 -
DEBUG:urllib3.connectionpool:Starting new HTTPS connection (1): dapi.kakao.com:443
DEBUG:urllib3.connectionpool:https://dapi.kakao.com:443 "GET /v3/search/book?target=title&query=%EB%AF%B8%EC%9B%80%EB%B0%9B%EC%9D%84%20%EC%9A%A9%EA%B8%B0 HTTP/1.1" 200 None
INFO:werkzeug:127.0.0.1 - - [12/Nov/2019 12:02:18] "GET /menus/books HTTP/1.1" 200 -
DEBUG:urllib3.connectionpool:Starting new HTTPS connection (1): dapi.kakao.com:443
DEBUG:urllib3.connectionpool:https://dapi.kakao.com:443 "GET /v3/search/book?target=title&query=%EB%AF%B8%EC%9B%80%EB%B0%9B%EC%9D%84%20%EC%9A%A9%EA%B8%B0 HTTP/1.1" 200 None
INFO:werkzeug:127.0.0.1 - - [12/Nov/2019 12:03:18] "GET /menus/books HTTP/1.1" 200 -
DEBUG:urllib3.connectionpool:Starting new HTTPS connection (1): dapi.kakao.com:443
DEBUG:urllib3.connectionpool:https://dapi.kakao.com:443 "GET /v3/search/book?target=title&query=%EB%AF%B8%EC%9B%80%EB%B0%9B%EC%9D%84%20%EC%9A%A9%EA%B8%B0 HTTP/1.1" 200 None
INFO:werkzeug:127.0.0.1 - - [12/Nov/2019 12:04:08] "GET /menus/books HTTP/1.1" 200 -
INFO:werkzeug:127.0.0.1 - - [12/Nov/2019 12:04:09] "GET / HTTP/1.1" 200 -
DEBUG:urllib3.connectionpool:Starting new HTTPS connection (1): dapi.kakao.com:443
DEBUG:urllib3.connectionpool:https://dapi.kakao.com:443 "GET /v2/search/image?query=%EB%83%A5%EB%83%A5%EC%9D%B4 HTTP/1.1" 200 None
INFO:werkzeug:127.0.0.1 - - [12/Nov/2019 12:04:10] "GET /menus/images HTTP/1.1" 200 -
DEBUG:urllib3.connectionpool:Starting new HTTPS connection (1): dapi.kakao.com:443
DEBUG:urllib3.connectionpool:https://dapi.kakao.com:443 "GET /v3/search/book?target=title&query=%EB%AF%B8%EC%9B%80%EB%B0%9B%EC%9D%84%20%EC%9A%A9%EA%B8%B0 HTTP/1.1" 200 None
INFO:werkzeug:127.0.0.1 - - [12/Nov/2019 12:04:10] "GET /menus/books HTTP/1.1" 200 -
INFO:root:Flask Web Server Started!!!
INFO:werkzeug: * Restarting with stat
INFO:root:Flask Web Server Started!!!
WARNING:werkzeug: * Debugger is active!
INFO:werkzeug: * Debugger PIN: 184-035-845
INFO:werkzeug: * Running on http://localhost:8080/ (Press CTRL+C to quit)
DEBUG:urllib3.connectionpool:Starting new HTTPS connection (1): dapi.kakao.com:443
DEBUG:urllib3.connectionpool:https://dapi.kakao.com:443 "GET /v3/search/book?target=title&query=%EB%AF%B8%EC%9B%80%EB%B0%9B%EC%9D%84%20%EC%9A%A9%EA%B8%B0 HTTP/1.1" 200 None
INFO:werkzeug:127.0.0.1 - - [12/Nov/2019 12:16:48] "GET /menus/books HTTP/1.1" 200 -
INFO:root:Flask Web Server Started!!!
INFO:werkzeug: * Restarting with stat
INFO:root:Flask Web Server Started!!!
WARNING:werkzeug: * Debugger is active!
INFO:werkzeug: * Debugger PIN: 184-035-845
INFO:werkzeug: * Running on http://localhost:8080/ (Press CTRL+C to quit)
INFO:werkzeug:127.0.0.1 - - [19/Nov/2019 11:15:53] "GET / HTTP/1.1" 200 -
INFO:werkzeug:127.0.0.1 - - [19/Nov/2019 11:15:53] "GET /static/assets/css/material-dashboard.css?v=2.1.1 HTTP/1.1" 304 -
INFO:werkzeug:127.0.0.1 - - [19/Nov/2019 11:15:53] "GET /favicon.ico HTTP/1.1" 404 -
DEBUG:urllib3.connectionpool:Starting new HTTPS connection (1): dapi.kakao.com:443
DEBUG:urllib3.connectionpool:https://dapi.kakao.com:443 "GET /v2/search/image?query=%EB%83%A5%EB%83%A5%EC%9D%B4 HTTP/1.1" 200 None
INFO:werkzeug:127.0.0.1 - - [19/Nov/2019 11:15:56] "GET /menus/images HTTP/1.1" 200 -
DEBUG:urllib3.connectionpool:Starting new HTTPS connection (1): dapi.kakao.com:443
DEBUG:urllib3.connectionpool:https://dapi.kakao.com:443 "GET /v3/search/book?target=title&query=%EB%AF%B8%EC%9B%80%EB%B0%9B%EC%9D%84%20%EC%9A%A9%EA%B8%B0 HTTP/1.1" 200 None
INFO:werkzeug:127.0.0.1 - - [19/Nov/2019 11:15:58] "GET /menus/books HTTP/1.1" 200 -
INFO:werkzeug:127.0.0.1 - - [19/Nov/2019 11:16:44] "GET / HTTP/1.1" 200 -
DEBUG:urllib3.connectionpool:Starting new HTTPS connection (1): dapi.kakao.com:443
DEBUG:urllib3.connectionpool:https://dapi.kakao.com:443 "GET /v2/search/image?query=%EB%83%A5%EB%83%A5%EC%9D%B4 HTTP/1.1" 200 None
INFO:werkzeug:127.0.0.1 - - [19/Nov/2019 11:16:45] "GET /menus/images HTTP/1.1" 200 -
DEBUG:urllib3.connectionpool:Starting new HTTPS connection (1): dapi.kakao.com:443
DEBUG:urllib3.connectionpool:https://dapi.kakao.com:443 "GET /v3/search/book?target=title&query=%EB%AF%B8%EC%9B%80%EB%B0%9B%EC%9D%84%20%EC%9A%A9%EA%B8%B0 HTTP/1.1" 200 None
INFO:werkzeug:127.0.0.1 - - [19/Nov/2019 11:16:45] "GET /menus/books HTTP/1.1" 200 -
INFO:werkzeug:127.0.0.1 - - [19/Nov/2019 11:16:50] "GET / HTTP/1.1" 200 -
DEBUG:urllib3.connectionpool:Starting new HTTPS connection (1): dapi.kakao.com:443
DEBUG:urllib3.connectionpool:https://dapi.kakao.com:443 "GET /v2/search/image?query=%EB%83%A5%EB%83%A5%EC%9D%B4 HTTP/1.1" 200 None
INFO:werkzeug:127.0.0.1 - - [19/Nov/2019 11:16:51] "GET /menus/images HTTP/1.1" 200 -
DEBUG:urllib3.connectionpool:Starting new HTTPS connection (1): dapi.kakao.com:443
DEBUG:urllib3.connectionpool:https://dapi.kakao.com:443 "GET /v3/search/book?target=title&query=%EB%AF%B8%EC%9B%80%EB%B0%9B%EC%9D%84%20%EC%9A%A9%EA%B8%B0 HTTP/1.1" 200 None
INFO:werkzeug:127.0.0.1 - - [19/Nov/2019 11:16:51] "GET /menus/books HTTP/1.1" 200 -
INFO:werkzeug:127.0.0.1 - - [19/Nov/2019 12:03:37] "GET / HTTP/1.1" 200 -
DEBUG:urllib3.connectionpool:Starting new HTTPS connection (1): dapi.kakao.com:443
DEBUG:urllib3.connectionpool:https://dapi.kakao.com:443 "GET /v2/search/image?query=%EB%83%A5%EB%83%A5%EC%9D%B4 HTTP/1.1" 200 None
INFO:werkzeug:127.0.0.1 - - [19/Nov/2019 12:03:38] "GET /menus/images HTTP/1.1" 200 -
DEBUG:urllib3.connectionpool:Starting new HTTPS connection (1): dapi.kakao.com:443
DEBUG:urllib3.connectionpool:https://dapi.kakao.com:443 "GET /v3/search/book?target=title&query=%EB%AF%B8%EC%9B%80%EB%B0%9B%EC%9D%84%20%EC%9A%A9%EA%B8%B0 HTTP/1.1" 200 None
INFO:werkzeug:127.0.0.1 - - [19/Nov/2019 12:07:21] "GET /menus/books HTTP/1.1" 200 -
INFO:werkzeug: * Detected change in 'C:\\Users\\admin\\PycharmProjects\\web_service\\application.py', reloading
INFO:werkzeug: * Restarting with stat
INFO:root:Flask Web Server Started!!!
INFO:werkzeug: * Restarting with stat
INFO:root:Flask Web Server Started!!!
WARNING:werkzeug: * Debugger is active!
INFO:werkzeug: * Debugger PIN: 184-035-845
INFO:werkzeug: * Running on http://localhost:8080/ (Press CTRL+C to quit)
DEBUG:urllib3.connectionpool:Starting new HTTPS connection (1): dapi.kakao.com:443
DEBUG:urllib3.connectionpool:https://dapi.kakao.com:443 "GET /v3/search/book?target=title&query=%EB%AF%B8%EC%9B%80%EB%B0%9B%EC%9D%84%20%EC%9A%A9%EA%B8%B0 HTTP/1.1" 200 None
INFO:werkzeug:127.0.0.1 - - [19/Nov/2019 12:34:10] "GET /menus/books HTTP/1.1" 200 -
INFO:werkzeug:127.0.0.1 - - [19/Nov/2019 12:34:11] "GET / HTTP/1.1" 200 -
INFO:werkzeug:127.0.0.1 - - [19/Nov/2019 12:37:32] "GET /static/assets/css/dashboard-free.css.map HTTP/1.1" 404 -
INFO:root:Flask Web Server Started!!!
INFO:werkzeug: * Restarting with stat
INFO:root:Flask Web Server Started!!!
WARNING:werkzeug: * Debugger is active!
INFO:werkzeug: * Debugger PIN: 184-035-845
INFO:werkzeug: * Running on http://localhost:8080/ (Press CTRL+C to quit)
INFO:werkzeug:127.0.0.1 - - [19/Nov/2019 12:41:11] "GET / HTTP/1.1" 200 -
INFO:werkzeug:127.0.0.1 - - [19/Nov/2019 12:41:11] "GET /static/assets/css/dashboard-free.css.map HTTP/1.1" 404 -
INFO:root:Flask Web Server Started!!!
INFO:werkzeug: * Restarting with stat
INFO:root:Flask Web Server Started!!!
WARNING:werkzeug: * Debugger is active!
INFO:werkzeug: * Debugger PIN: 184-035-845
INFO:werkzeug: * Running on http://localhost:8080/ (Press CTRL+C to quit)
INFO:werkzeug:127.0.0.1 - - [19/Nov/2019 12:46:49] "GET / HTTP/1.1" 200 -
INFO:werkzeug:127.0.0.1 - - [19/Nov/2019 12:46:49] "GET /static/assets/css/dashboard-free.css.map HTTP/1.1" 404 -
INFO:werkzeug:127.0.0.1 - - [19/Nov/2019 12:46:52] "GET /auth/login HTTP/1.1" 404 -
INFO:werkzeug:127.0.0.1 - - [19/Nov/2019 12:46:53] "GET /static/assets/css/dashboard-free.css.map HTTP/1.1" 404 -
INFO:werkzeug:127.0.0.1 - - [19/Nov/2019 12:46:55] "GET /auth/signup HTTP/1.1" 404 -
INFO:werkzeug:127.0.0.1 - - [19/Nov/2019 12:46:56] "GET /static/assets/css/dashboard-free.css.map HTTP/1.1" 404 -
INFO:root:Flask Web Server Started!!!
INFO:werkzeug: * Restarting with stat
INFO:root:Flask Web Server Started!!!
WARNING:werkzeug: * Debugger is active!
INFO:werkzeug: * Debugger PIN: 184-035-845
INFO:werkzeug: * Running on http://localhost:8080/ (Press CTRL+C to quit)
INFO:root:Flask Web Server Started!!!
INFO:werkzeug: * Restarting with stat
INFO:root:Flask Web Server Started!!!
WARNING:werkzeug: * Debugger is active!
INFO:werkzeug: * Debugger PIN: 184-035-845
INFO:werkzeug: * Running on http://localhost:8080/ (Press CTRL+C to quit)
INFO:werkzeug: * Detected change in 'C:\\Users\\admin\\PycharmProjects\\web_service\\application.py', reloading
INFO:werkzeug: * Restarting with stat
INFO:root:Flask Web Server Started!!!
WARNING:werkzeug: * Debugger is active!
INFO:werkzeug: * Debugger PIN: 184-035-845
INFO:werkzeug: * Running on http://localhost:8080/ (Press CTRL+C to quit)
INFO:root:Flask Web Server Started!!!
INFO:werkzeug: * Restarting with stat
INFO:root:Flask Web Server Started!!!
WARNING:werkzeug: * Debugger is active!
INFO:werkzeug: * Debugger PIN: 184-035-845
INFO:werkzeug: * Running on http://localhost:8080/ (Press CTRL+C to quit)
INFO:root:Flask Web Server Started!!!
INFO:werkzeug: * Restarting with stat
INFO:root:Flask Web Server Started!!!
WARNING:werkzeug: * Debugger is active!
INFO:werkzeug: * Debugger PIN: 184-035-845
INFO:werkzeug: * Running on http://localhost:8080/ (Press CTRL+C to quit)
INFO:root:Flask Web Server Started!!!
INFO:werkzeug: * Restarting with stat
INFO:root:Flask Web Server Started!!!
WARNING:werkzeug: * Debugger is active!
INFO:werkzeug: * Debugger PIN: 184-035-845
INFO:werkzeug: * Running on http://localhost:8080/ (Press CTRL+C to quit)
INFO:werkzeug: * Detected change in 'C:\\Users\\admin\\PycharmProjects\\web_service\\application.py', reloading
INFO:werkzeug: * Restarting with stat
INFO:root:Flask Web Server Started!!!
WARNING:werkzeug: * Debugger is active!
INFO:werkzeug: * Debugger PIN: 184-035-845
INFO:werkzeug: * Running on http://localhost:8080/ (Press CTRL+C to quit)
INFO:werkzeug: * Detected change in 'C:\\Users\\admin\\PycharmProjects\\web_service\\application.py', reloading
INFO:werkzeug: * Restarting with stat
INFO:root:Flask Web Server Started!!!
WARNING:werkzeug: * Debugger is active!
INFO:werkzeug: * Debugger PIN: 184-035-845
INFO:werkzeug: * Running on http://localhost:8080/ (Press CTRL+C to quit)
INFO:root:Flask Web Server Started!!!
INFO:werkzeug: * Restarting with stat
INFO:root:Flask Web Server Started!!!
WARNING:werkzeug: * Debugger is active!
INFO:werkzeug: * Debugger PIN: 184-035-845
INFO:werkzeug: * Running on http://localhost:8080/ (Press CTRL+C to quit)
INFO:werkzeug:127.0.0.1 - - [26/Nov/2019 11:40:12] "GET / HTTP/1.1" 200 -
INFO:werkzeug:127.0.0.1 - - [26/Nov/2019 11:40:12] "GET /static/assets/css/material-dashboard.css?v=2.1.1 HTTP/1.1" 304 -
INFO:werkzeug:127.0.0.1 - - [26/Nov/2019 11:40:12] "GET /favicon.ico HTTP/1.1" 404 -
INFO:werkzeug:127.0.0.1 - - [26/Nov/2019 11:40:26] "GET / HTTP/1.1" 200 -
INFO:werkzeug:127.0.0.1 - - [26/Nov/2019 11:40:28] "GET /auth/login HTTP/1.1" 200 -
INFO:werkzeug:127.0.0.1 - - [26/Nov/2019 11:40:29] "GET /auth/login HTTP/1.1" 200 -
INFO:werkzeug:127.0.0.1 - - [26/Nov/2019 11:40:30] "GET /auth/login HTTP/1.1" 200 -
INFO:werkzeug:127.0.0.1 - - [26/Nov/2019 11:40:31] "GET /auth/signup HTTP/1.1" 500 -
INFO:werkzeug:127.0.0.1 - - [26/Nov/2019 11:40:31] "GET /auth/signup?__debugger__=yes&cmd=resource&f=style.css HTTP/1.1" 200 -
INFO:werkzeug:127.0.0.1 - - [26/Nov/2019 11:40:31] "GET /auth/signup?__debugger__=yes&cmd=resource&f=debugger.js HTTP/1.1" 200 -
INFO:werkzeug:127.0.0.1 - - [26/Nov/2019 11:40:31] "GET /auth/signup?__debugger__=yes&cmd=resource&f=jquery.js HTTP/1.1" 200 -
INFO:werkzeug:127.0.0.1 - - [26/Nov/2019 11:40:31] "GET /auth/signup?__debugger__=yes&cmd=resource&f=ubuntu.ttf HTTP/1.1" 200 -
INFO:werkzeug:127.0.0.1 - - [26/Nov/2019 11:40:31] "GET /auth/signup?__debugger__=yes&cmd=resource&f=console.png HTTP/1.1" 200 -
INFO:werkzeug:127.0.0.1 - - [26/Nov/2019 11:40:31] "GET /auth/signup?__debugger__=yes&cmd=resource&f=console.png HTTP/1.1" 200 -
INFO:werkzeug:127.0.0.1 - - [26/Nov/2019 11:40:32] "GET /auth/login HTTP/1.1" 200 -
INFO:werkzeug:127.0.0.1 - - [26/Nov/2019 11:40:34] "GET /auth/login HTTP/1.1" 200 -
INFO:werkzeug:127.0.0.1 - - [26/Nov/2019 11:40:35] "GET / HTTP/1.1" 200 -
DEBUG:urllib3.connectionpool:Starting new HTTPS connection (1): dapi.kakao.com:443
DEBUG:urllib3.connectionpool:https://dapi.kakao.com:443 "GET /v2/search/image?query=%EB%83%A5%EB%83%A5%EC%9D%B4 HTTP/1.1" 200 None
INFO:werkzeug:127.0.0.1 - - [26/Nov/2019 11:40:36] "GET /menus/images HTTP/1.1" 200 -
DEBUG:urllib3.connectionpool:Starting new HTTPS connection (1): dapi.kakao.com:443
DEBUG:urllib3.connectionpool:https://dapi.kakao.com:443 "GET /v3/search/book?target=title&query=%EB%AF%B8%EC%9B%80%EB%B0%9B%EC%9D%84%20%EC%9A%A9%EA%B8%B0 HTTP/1.1" 200 None
INFO:werkzeug:127.0.0.1 - - [26/Nov/2019 11:40:36] "GET /menus/books HTTP/1.1" 200 -
INFO:werkzeug:127.0.0.1 - - [26/Nov/2019 11:40:37] "GET / HTTP/1.1" 200 -
INFO:werkzeug:127.0.0.1 - - [26/Nov/2019 11:40:39] "GET /auth/login HTTP/1.1" 200 -
INFO:werkzeug:127.0.0.1 - - [26/Nov/2019 11:40:39] "GET /auth/login HTTP/1.1" 200 -
INFO:werkzeug:127.0.0.1 - - [26/Nov/2019 11:40:40] "GET /auth/login HTTP/1.1" 200 -
INFO:werkzeug:127.0.0.1 - - [26/Nov/2019 11:40:40] "GET /auth/login HTTP/1.1" 200 -
INFO:werkzeug:127.0.0.1 - - [26/Nov/2019 11:40:40] "GET /auth/login HTTP/1.1" 200 -
INFO:werkzeug:127.0.0.1 - - [26/Nov/2019 11:40:40] "GET /auth/login HTTP/1.1" 200 -
INFO:werkzeug:127.0.0.1 - - [26/Nov/2019 11:40:40] "GET /auth/login HTTP/1.1" 200 -
INFO:werkzeug:127.0.0.1 - - [26/Nov/2019 11:40:41] "GET /auth/login HTTP/1.1" 200 -
INFO:werkzeug:127.0.0.1 - - [26/Nov/2019 11:40:41] "GET /auth/login HTTP/1.1" 200 -
INFO:werkzeug:127.0.0.1 - - [26/Nov/2019 11:40:41] "GET /auth/login HTTP/1.1" 200 -
INFO:werkzeug:127.0.0.1 - - [26/Nov/2019 11:41:15] "GET /auth/login HTTP/1.1" 200 -
INFO:werkzeug:127.0.0.1 - - [26/Nov/2019 11:41:15] "GET /auth/login HTTP/1.1" 200 -
INFO:werkzeug:127.0.0.1 - - [26/Nov/2019 11:41:15] "GET /auth/login HTTP/1.1" 200 -
INFO:werkzeug:127.0.0.1 - - [26/Nov/2019 11:41:15] "GET /auth/login HTTP/1.1" 200 -
INFO:werkzeug:127.0.0.1 - - [26/Nov/2019 11:41:16] "GET /auth/login HTTP/1.1" 200 -
INFO:werkzeug:127.0.0.1 - - [26/Nov/2019 11:41:16] "GET /auth/login HTTP/1.1" 200 -
DEBUG:urllib3.connectionpool:Starting new HTTPS connection (1): dapi.kakao.com:443
DEBUG:urllib3.connectionpool:https://dapi.kakao.com:443 "GET /v3/search/book?target=title&query=%EB%AF%B8%EC%9B%80%EB%B0%9B%EC%9D%84%20%EC%9A%A9%EA%B8%B0 HTTP/1.1" 200 None
INFO:werkzeug:127.0.0.1 - - [26/Nov/2019 11:42:13] "GET /menus/books HTTP/1.1" 200 -
DEBUG:urllib3.connectionpool:Starting new HTTPS connection (1): dapi.kakao.com:443
DEBUG:urllib3.connectionpool:https://dapi.kakao.com:443 "GET /v2/search/image?query=%EB%83%A5%EB%83%A5%EC%9D%B4 HTTP/1.1" 200 None
INFO:werkzeug:127.0.0.1 - - [26/Nov/2019 11:42:14] "GET /menus/images HTTP/1.1" 200 -
INFO:werkzeug:127.0.0.1 - - [26/Nov/2019 11:42:14] "GET / HTTP/1.1" 200 -
INFO:werkzeug:127.0.0.1 - - [26/Nov/2019 11:42:17] "GET /auth/login HTTP/1.1" 200 -
INFO:werkzeug:127.0.0.1 - - [26/Nov/2019 11:42:38] "GET /auth/login HTTP/1.1" 200 -
INFO:werkzeug:127.0.0.1 - - [26/Nov/2019 11:42:38] "GET /static/images/kakao_account_login_btn_medium_narrow.png HTTP/1.1" 404 -
INFO:werkzeug:127.0.0.1 - - [26/Nov/2019 11:42:42] "GET /auth/login HTTP/1.1" 200 -
INFO:werkzeug:127.0.0.1 - - [26/Nov/2019 11:43:50] "GET /auth/login HTTP/1.1" 200 -
INFO:werkzeug:127.0.0.1 - - [26/Nov/2019 11:43:50] "GET /static/images/kakao_account_login_btn_medium_narrow.png HTTP/1.1" 404 -
INFO:werkzeug:127.0.0.1 - - [26/Nov/2019 11:47:59] "GET /auth/login HTTP/1.1" 200 -
INFO:werkzeug:127.0.0.1 - - [26/Nov/2019 11:47:59] "GET /static/images/kakao_account_login_btn_medium_narrow.png HTTP/1.1" 200 -
INFO:werkzeug:127.0.0.1 - - [26/Nov/2019 11:48:04] "GET /auth/login HTTP/1.1" 200 -
INFO:werkzeug: * Detected change in 'C:\\Users\\admin\\PycharmProjects\\web_service\\forms.py', reloading
INFO:werkzeug: * Restarting with stat
INFO:root:Flask Web Server Started!!!
INFO:werkzeug: * Restarting with stat
INFO:root:Flask Web Server Started!!!
WARNING:werkzeug: * Debugger is active!
INFO:werkzeug: * Debugger PIN: 184-035-845
INFO:werkzeug: * Running on http://localhost:8080/ (Press CTRL+C to quit)
INFO:werkzeug:127.0.0.1 - - [26/Nov/2019 11:51:06] "GET /auth/login HTTP/1.1" 200 -
INFO:werkzeug:127.0.0.1 - - [26/Nov/2019 11:51:10] "POST /auth/login HTTP/1.1" 200 -
INFO:werkzeug:127.0.0.1 - - [26/Nov/2019 11:51:31] "POST /auth/login HTTP/1.1" 200 -
INFO:werkzeug:127.0.0.1 - - [26/Nov/2019 11:51:45] "POST /auth/login HTTP/1.1" 302 -
INFO:werkzeug:127.0.0.1 - - [26/Nov/2019 11:51:45] "GET /auth/login HTTP/1.1" 200 -
INFO:werkzeug: * Detected change in 'C:\\Users\\admin\\PycharmProjects\\web_service\\forms.py', reloading
INFO:werkzeug: * Restarting with stat
INFO:root:Flask Web Server Started!!!
WARNING:werkzeug: * Debugger is active!
INFO:werkzeug: * Debugger PIN: 184-035-845
INFO:werkzeug: * Running on http://localhost:8080/ (Press CTRL+C to quit)
INFO:werkzeug:127.0.0.1 - - [26/Nov/2019 11:53:08] "GET /auth/login HTTP/1.1" 200 -
INFO:werkzeug:127.0.0.1 - - [26/Nov/2019 11:53:11] "POST /auth/login HTTP/1.1" 200 -
INFO:werkzeug: * Detected change in 'C:\\Users\\admin\\PycharmProjects\\web_service\\forms.py', reloading
INFO:werkzeug: * Restarting with stat
INFO:root:Flask Web Server Started!!!
INFO:werkzeug: * Restarting with stat
INFO:root:Flask Web Server Started!!!
WARNING:werkzeug: * Debugger is active!
INFO:werkzeug: * Debugger PIN: 184-035-845
INFO:werkzeug: * Running on http://localhost:8080/ (Press CTRL+C to quit)
INFO:flask_wtf.csrf:The CSRF token is invalid.
INFO:werkzeug:127.0.0.1 - - [26/Nov/2019 12:04:21] "POST /auth/login HTTP/1.1" 200 -
INFO:werkzeug:127.0.0.1 - - [26/Nov/2019 12:04:27] "POST /auth/login HTTP/1.1" 302 -
INFO:werkzeug:127.0.0.1 - - [26/Nov/2019 12:04:27] "GET / HTTP/1.1" 200 -
INFO:werkzeug:127.0.0.1 - - [26/Nov/2019 12:04:38] "GET /auth/my_page HTTP/1.1" 500 -
INFO:werkzeug:127.0.0.1 - - [26/Nov/2019 12:04:38] "GET /auth/my_page?__debugger__=yes&cmd=resource&f=style.css HTTP/1.1" 200 -
INFO:werkzeug:127.0.0.1 - - [26/Nov/2019 12:04:38] "GET /auth/my_page?__debugger__=yes&cmd=resource&f=jquery.js HTTP/1.1" 200 -
INFO:werkzeug:127.0.0.1 - - [26/Nov/2019 12:04:38] "GET /auth/my_page?__debugger__=yes&cmd=resource&f=debugger.js HTTP/1.1" 200 -
INFO:werkzeug:127.0.0.1 - - [26/Nov/2019 12:04:38] "GET /auth/my_page?__debugger__=yes&cmd=resource&f=ubuntu.ttf HTTP/1.1" 200 -
INFO:werkzeug:127.0.0.1 - - [26/Nov/2019 12:04:38] "GET /auth/my_page?__debugger__=yes&cmd=resource&f=console.png HTTP/1.1" 200 -
INFO:werkzeug:127.0.0.1 - - [26/Nov/2019 12:04:39] "GET /auth/my_page?__debugger__=yes&cmd=resource&f=console.png HTTP/1.1" 200 -
INFO:werkzeug:127.0.0.1 - - [26/Nov/2019 12:04:41] "GET /auth/logout HTTP/1.1" 302 -
INFO:werkzeug:127.0.0.1 - - [26/Nov/2019 12:04:41] "GET / HTTP/1.1" 200 -
INFO:werkzeug:127.0.0.1 - - [26/Nov/2019 12:04:42] "GET /auth/login HTTP/1.1" 200 -
INFO:werkzeug: * Detected change in 'C:\\Users\\admin\\PycharmProjects\\web_service\\views\\auth.py', reloading
INFO:werkzeug: * Restarting with stat
INFO:root:Flask Web Server Started!!!
WARNING:werkzeug: * Debugger is active!
INFO:werkzeug: * Debugger PIN: 184-035-845
INFO:werkzeug: * Running on http://localhost:8080/ (Press CTRL+C to quit)
INFO:flask_wtf.csrf:The CSRF token is invalid.
INFO:werkzeug:127.0.0.1 - - [26/Nov/2019 12:22:37] "POST /auth/login HTTP/1.1" 200 -
INFO:werkzeug:127.0.0.1 - - [26/Nov/2019 12:22:42] "POST /auth/login HTTP/1.1" 302 -
INFO:werkzeug:127.0.0.1 - - [26/Nov/2019 12:22:42] "GET / HTTP/1.1" 200 -
INFO:werkzeug:127.0.0.1 - - [26/Nov/2019 12:23:13] "GET / HTTP/1.1" 200 -
INFO:werkzeug:127.0.0.1 - - [26/Nov/2019 12:23:21] "GET /auth/logout HTTP/1.1" 302 -
INFO:werkzeug:127.0.0.1 - - [26/Nov/2019 12:23:21] "GET / HTTP/1.1" 200 -
INFO:werkzeug: * Detected change in 'C:\\Users\\admin\\PycharmProjects\\web_service\\forms.py', reloading
INFO:werkzeug: * Restarting with stat
INFO:root:Flask Web Server Started!!!
WARNING:werkzeug: * Debugger is active!
INFO:werkzeug: * Debugger PIN: 184-035-845
INFO:werkzeug: * Running on http://localhost:8080/ (Press CTRL+C to quit)
INFO:werkzeug:127.0.0.1 - - [26/Nov/2019 12:27:02] "GET / HTTP/1.1" 200 -
INFO:werkzeug:127.0.0.1 - - [26/Nov/2019 12:27:03] "GET /auth/login HTTP/1.1" 200 -
INFO:werkzeug:127.0.0.1 - - [26/Nov/2019 12:27:07] "POST /auth/login HTTP/1.1" 302 -
INFO:werkzeug:127.0.0.1 - - [26/Nov/2019 12:27:07] "GET / HTTP/1.1" 200 -
INFO:werkzeug:127.0.0.1 - - [26/Nov/2019 12:27:08] "GET /auth/my_page HTTP/1.1" 500 -
INFO:werkzeug:127.0.0.1 - - [26/Nov/2019 12:27:08] "GET /auth/my_page?__debugger__=yes&cmd=resource&f=style.css HTTP/1.1" 200 -
INFO:werkzeug:127.0.0.1 - - [26/Nov/2019 12:27:09] "GET /auth/my_page?__debugger__=yes&cmd=resource&f=jquery.js HTTP/1.1" 200 -
INFO:werkzeug:127.0.0.1 - - [26/Nov/2019 12:27:09] "GET /auth/my_page?__debugger__=yes&cmd=resource&f=debugger.js HTTP/1.1" 200 -
INFO:werkzeug:127.0.0.1 - - [26/Nov/2019 12:27:09] "GET /auth/my_page?__debugger__=yes&cmd=resource&f=ubuntu.ttf HTTP/1.1" 200 -
INFO:werkzeug:127.0.0.1 - - [26/Nov/2019 12:27:09] "GET /auth/my_page?__debugger__=yes&cmd=resource&f=console.png HTTP/1.1" 200 -
INFO:werkzeug: * Detected change in 'C:\\Users\\admin\\PycharmProjects\\web_service\\forms.py', reloading
INFO:werkzeug: * Restarting with stat
INFO:root:Flask Web Server Started!!!
WARNING:werkzeug: * Debugger is active!
INFO:werkzeug: * Debugger PIN: 184-035-845
INFO:werkzeug: * Running on http://localhost:8080/ (Press CTRL+C to quit)
INFO:werkzeug:127.0.0.1 - - [26/Nov/2019 12:30:53] "GET /auth/logout HTTP/1.1" 401 -
INFO:werkzeug:127.0.0.1 - - [26/Nov/2019 12:30:56] "GET /auth/logout HTTP/1.1" 401 -
INFO:werkzeug:127.0.0.1 - - [26/Nov/2019 12:30:59] "GET / HTTP/1.1" 200 -
INFO:werkzeug:127.0.0.1 - - [26/Nov/2019 12:31:00] "GET /auth/login HTTP/1.1" 200 -
INFO:werkzeug:127.0.0.1 - - [26/Nov/2019 12:31:06] "POST /auth/login HTTP/1.1" 200 -
INFO:werkzeug: * Detected change in 'C:\\Users\\admin\\PycharmProjects\\web_service\\views\\auth.py', reloading
INFO:werkzeug: * Restarting with stat
INFO:root:Flask Web Server Started!!!
WARNING:werkzeug: * Debugger is active!
INFO:werkzeug: * Debugger PIN: 184-035-845
INFO:werkzeug: * Running on http://localhost:8080/ (Press CTRL+C to quit)
INFO:flask_wtf.csrf:The CSRF token is invalid.
INFO:werkzeug:127.0.0.1 - - [26/Nov/2019 12:32:17] "POST /auth/login HTTP/1.1" 200 -
INFO:werkzeug:127.0.0.1 - - [26/Nov/2019 12:32:25] "GET / HTTP/1.1" 200 -
INFO:werkzeug:127.0.0.1 - - [26/Nov/2019 12:32:28] "GET /auth/login HTTP/1.1" 200 -
INFO:werkzeug:127.0.0.1 - - [26/Nov/2019 12:32:31] "POST /auth/login HTTP/1.1" 302 -
INFO:werkzeug:127.0.0.1 - - [26/Nov/2019 12:32:31] "GET / HTTP/1.1" 200 -
INFO:werkzeug:127.0.0.1 - - [26/Nov/2019 12:32:33] "GET /auth/my_page HTTP/1.1" 200 -
INFO:werkzeug:127.0.0.1 - - [26/Nov/2019 12:32:42] "GET /auth/logout HTTP/1.1" 302 -
INFO:werkzeug:127.0.0.1 - - [26/Nov/2019 12:32:42] "GET / HTTP/1.1" 200 -
INFO:werkzeug:127.0.0.1 - - [26/Nov/2019 12:32:44] "GET /auth/login HTTP/1.1" 200 -
INFO:werkzeug:127.0.0.1 - - [26/Nov/2019 12:32:46] "POST /auth/login HTTP/1.1" 302 -
INFO:werkzeug:127.0.0.1 - - [26/Nov/2019 12:32:47] "GET / HTTP/1.1" 200 -
INFO:werkzeug:127.0.0.1 - - [26/Nov/2019 12:32:48] "GET /auth/my_page HTTP/1.1" 200 -
INFO:werkzeug:127.0.0.1 - - [26/Nov/2019 12:39:42] "GET /auth/my_page HTTP/1.1" 200 -
INFO:werkzeug:127.0.0.1 - - [26/Nov/2019 12:39:44] "GET /auth/logout HTTP/1.1" 302 -
INFO:werkzeug:127.0.0.1 - - [26/Nov/2019 12:39:44] "GET / HTTP/1.1" 200 -
INFO:werkzeug:127.0.0.1 - - [26/Nov/2019 12:39:46] "GET /auth/signup HTTP/1.1" 200 -
INFO:werkzeug:127.0.0.1 - - [26/Nov/2019 12:39:58] "POST /auth/signup HTTP/1.1" 302 -
INFO:werkzeug:127.0.0.1 - - [26/Nov/2019 12:39:58] "GET /auth/login HTTP/1.1" 200 -
INFO:werkzeug:127.0.0.1 - - [26/Nov/2019 12:40:00] "POST /auth/login HTTP/1.1" 200 -
INFO:werkzeug:127.0.0.1 - - [26/Nov/2019 12:40:03] "GET /auth/login HTTP/1.1" 200 -
INFO:werkzeug:127.0.0.1 - - [26/Nov/2019 12:41:33] "POST /auth/login HTTP/1.1" 302 -
INFO:werkzeug:127.0.0.1 - - [26/Nov/2019 12:41:33] "GET / HTTP/1.1" 200 -
INFO:werkzeug:127.0.0.1 - - [26/Nov/2019 12:41:37] "GET /auth/my_page HTTP/1.1" 200 -
INFO:werkzeug:127.0.0.1 - - [26/Nov/2019 12:41:38] "GET /auth/logout HTTP/1.1" 302 -
INFO:werkzeug:127.0.0.1 - - [26/Nov/2019 12:41:38] "GET / HTTP/1.1" 200 -
INFO:werkzeug:127.0.0.1 - - [26/Nov/2019 12:43:35] "GET /auth/login HTTP/1.1" 200 -
INFO:werkzeug:127.0.0.1 - - [26/Nov/2019 12:43:40] "GET /auth/signup HTTP/1.1" 200 -
INFO:werkzeug:127.0.0.1 - - [26/Nov/2019 12:43:51] "POST /auth/signup HTTP/1.1" 302 -
INFO:werkzeug:127.0.0.1 - - [26/Nov/2019 12:43:51] "GET /auth/login HTTP/1.1" 200 -
INFO:werkzeug:127.0.0.1 - - [26/Nov/2019 12:43:57] "POST /auth/login HTTP/1.1" 302 -
INFO:werkzeug:127.0.0.1 - - [26/Nov/2019 12:43:57] "GET /auth/login HTTP/1.1" 200 -
INFO:werkzeug:127.0.0.1 - - [26/Nov/2019 12:44:03] "POST /auth/login HTTP/1.1" 302 -
INFO:werkzeug:127.0.0.1 - - [26/Nov/2019 12:44:03] "GET /auth/login HTTP/1.1" 200 -
INFO:werkzeug:127.0.0.1 - - [26/Nov/2019 12:44:07] "POST /auth/login HTTP/1.1" 302 -
INFO:werkzeug:127.0.0.1 - - [26/Nov/2019 12:44:07] "GET /auth/login HTTP/1.1" 200 -
INFO:werkzeug:127.0.0.1 - - [26/Nov/2019 12:44:22] "POST /auth/login HTTP/1.1" 302 -
INFO:werkzeug:127.0.0.1 - - [26/Nov/2019 12:44:22] "GET /auth/login HTTP/1.1" 200 -
INFO:werkzeug:127.0.0.1 - - [26/Nov/2019 12:44:24] "GET /auth/signup HTTP/1.1" 200 -
INFO:werkzeug:127.0.0.1 - - [26/Nov/2019 12:44:40] "POST /auth/signup HTTP/1.1" 302 -
INFO:werkzeug:127.0.0.1 - - [26/Nov/2019 12:44:40] "GET /auth/login HTTP/1.1" 200 -
INFO:werkzeug:127.0.0.1 - - [26/Nov/2019 12:44:43] "POST /auth/login HTTP/1.1" 302 -
INFO:werkzeug:127.0.0.1 - - [26/Nov/2019 12:44:43] "GET / HTTP/1.1" 200 -
INFO:werkzeug:127.0.0.1 - - [26/Nov/2019 12:45:09] "GET /auth/logout HTTP/1.1" 302 -
INFO:werkzeug:127.0.0.1 - - [26/Nov/2019 12:45:09] "GET / HTTP/1.1" 200 -
INFO:werkzeug:127.0.0.1 - - [26/Nov/2019 12:45:10] "GET /auth/login HTTP/1.1" 200 -
INFO:root:Flask Web Server Started!!!
INFO:werkzeug: * Restarting with stat
INFO:root:Flask Web Server Started!!!
WARNING:werkzeug: * Debugger is active!
INFO:werkzeug: * Debugger PIN: 184-035-845
INFO:werkzeug: * Running on http://localhost:8080/ (Press CTRL+C to quit)
INFO:werkzeug: * Detected change in 'C:\\Users\\admin\\PycharmProjects\\web_service\\views\\auth.py', reloading
INFO:werkzeug: * Restarting with stat
INFO:root:Flask Web Server Started!!!
WARNING:werkzeug: * Debugger is active!
INFO:werkzeug: * Debugger PIN: 184-035-845
INFO:werkzeug: * Running on http://localhost:8080/ (Press CTRL+C to quit)
INFO:werkzeug: * Detected change in 'C:\\Users\\admin\\PycharmProjects\\web_service\\views\\auth.py', reloading
INFO:werkzeug: * Restarting with stat
INFO:root:Flask Web Server Started!!!
WARNING:werkzeug: * Debugger is active!
INFO:werkzeug: * Debugger PIN: 184-035-845
INFO:werkzeug: * Running on http://localhost:8080/ (Press CTRL+C to quit)
INFO:werkzeug:127.0.0.1 - - [27/Nov/2019 11:49:05] "GET / HTTP/1.1" 200 -
INFO:werkzeug:127.0.0.1 - - [27/Nov/2019 11:49:05] "GET /static/assets/css/material-dashboard.css?v=2.1.1 HTTP/1.1" 304 -
INFO:werkzeug:127.0.0.1 - - [27/Nov/2019 11:49:05] "GET /favicon.ico HTTP/1.1" 404 -
INFO:werkzeug:127.0.0.1 - - [27/Nov/2019 11:49:07] "GET /auth/login HTTP/1.1" 200 -
INFO:werkzeug:127.0.0.1 - - [27/Nov/2019 11:49:07] "GET /static/images/kakao_account_login_btn_medium_narrow.png HTTP/1.1" 304 -
INFO:werkzeug:127.0.0.1 - - [27/Nov/2019 11:51:07] "GET /auth/login HTTP/1.1" 200 -
INFO:werkzeug:127.0.0.1 - - [27/Nov/2019 11:51:20] "GET /auth/login HTTP/1.1" 200 -
INFO:werkzeug: * Detected change in 'C:\\Users\\admin\\PycharmProjects\\web_service\\views\\auth.py', reloading
INFO:werkzeug: * Restarting with stat
INFO:root:Flask Web Server Started!!!
WARNING:werkzeug: * Debugger is active!
INFO:werkzeug: * Debugger PIN: 184-035-845
INFO:werkzeug: * Running on http://localhost:8080/ (Press CTRL+C to quit)
INFO:werkzeug:127.0.0.1 - - [27/Nov/2019 11:54:53] "GET /auth/login HTTP/1.1" 200 -
INFO:werkzeug:127.0.0.1 - - [27/Nov/2019 11:55:23] "GET /auth/login HTTP/1.1" 200 -
INFO:werkzeug:127.0.0.1 - - [27/Nov/2019 11:55:25] "GET /auth/login HTTP/1.1" 200 -
INFO:werkzeug:127.0.0.1 - - [27/Nov/2019 11:55:26] "GET / HTTP/1.1" 200 -
INFO:werkzeug:127.0.0.1 - - [27/Nov/2019 11:55:29] "GET / HTTP/1.1" 200 -
INFO:werkzeug:127.0.0.1 - - [27/Nov/2019 11:55:30] "GET /auth/login HTTP/1.1" 200 -
INFO:werkzeug:127.0.0.1 - - [27/Nov/2019 11:55:43] "GET /auth/login HTTP/1.1" 200 -
DEBUG:urllib3.connectionpool:Starting new HTTPS connection (1): dapi.kakao.com:443
DEBUG:urllib3.connectionpool:https://dapi.kakao.com:443 "GET /v2/search/image?query=%EB%83%A5%EB%83%A5%EC%9D%B4 HTTP/1.1" 200 None
INFO:werkzeug:127.0.0.1 - - [27/Nov/2019 11:55:47] "GET /menus/images HTTP/1.1" 200 -
INFO:werkzeug:127.0.0.1 - - [27/Nov/2019 11:55:47] "GET / HTTP/1.1" 200 -
INFO:werkzeug:127.0.0.1 - - [27/Nov/2019 11:55:48] "GET /auth/login HTTP/1.1" 200 -
INFO:werkzeug:127.0.0.1 - - [27/Nov/2019 11:56:11] "GET / HTTP/1.1" 200 -
INFO:werkzeug:127.0.0.1 - - [27/Nov/2019 11:56:14] "GET /auth/login HTTP/1.1" 200 -
INFO:werkzeug:127.0.0.1 - - [27/Nov/2019 12:02:36] "GET /auth/login HTTP/1.1" 200 -
INFO:werkzeug:127.0.0.1 - - [27/Nov/2019 12:02:38] "GET /auth/login HTTP/1.1" 200 -
INFO:werkzeug:127.0.0.1 - - [27/Nov/2019 12:02:40] "GET / HTTP/1.1" 200 -
INFO:werkzeug:127.0.0.1 - - [27/Nov/2019 12:02:42] "GET /auth/login HTTP/1.1" 200 -
INFO:werkzeug:127.0.0.1 - - [27/Nov/2019 12:02:59] "GET / HTTP/1.1" 200 -
INFO:werkzeug:127.0.0.1 - - [27/Nov/2019 12:02:59] "GET / HTTP/1.1" 200 -
INFO:werkzeug:127.0.0.1 - - [27/Nov/2019 12:04:35] "GET / HTTP/1.1" 200 -
INFO:werkzeug:127.0.0.1 - - [27/Nov/2019 12:19:15] "GET /auth/login HTTP/1.1" 200 -
INFO:werkzeug:127.0.0.1 - - [27/Nov/2019 12:19:19] "GET /auth/login HTTP/1.1" 200 -
INFO:werkzeug:127.0.0.1 - - [27/Nov/2019 12:24:19] "GET /auth/login HTTP/1.1" 200 -
INFO:werkzeug:127.0.0.1 - - [27/Nov/2019 12:24:19] "GET / HTTP/1.1" 200 -
INFO:werkzeug:127.0.0.1 - - [27/Nov/2019 12:25:25] "GET / HTTP/1.1" 200 -
INFO:werkzeug:127.0.0.1 - - [27/Nov/2019 12:25:26] "GET / HTTP/1.1" 200 -
INFO:werkzeug:127.0.0.1 - - [27/Nov/2019 12:25:26] "GET / HTTP/1.1" 200 -
INFO:werkzeug:127.0.0.1 - - [27/Nov/2019 12:25:26] "GET / HTTP/1.1" 200 -
INFO:werkzeug:127.0.0.1 - - [27/Nov/2019 12:25:27] "GET /auth/login HTTP/1.1" 200 -
INFO:werkzeug: * Detected change in 'C:\\Users\\admin\\PycharmProjects\\web_service\\views\\auth.py', reloading
INFO:werkzeug: * Restarting with stat
INFO:root:Flask Web Server Started!!!
WARNING:werkzeug: * Debugger is active!
INFO:werkzeug: * Debugger PIN: 184-035-845
INFO:werkzeug: * Running on http://localhost:8080/ (Press CTRL+C to quit)
INFO:werkzeug:127.0.0.1 - - [27/Nov/2019 12:27:31] "GET /auth/login HTTP/1.1" 200 -
DEBUG:urllib3.connectionpool:Starting new HTTPS connection (1): kauth.kakao.com:443
DEBUG:urllib3.connectionpool:https://kauth.kakao.com:443 "POST /oauth/token HTTP/1.1" 200 None
DEBUG:urllib3.connectionpool:Starting new HTTPS connection (1): kapi.kakao.com:443
DEBUG:urllib3.connectionpool:https://kapi.kakao.com:443 "POST /v1/user/me HTTP/1.1" 200 99
INFO:werkzeug:127.0.0.1 - - [27/Nov/2019 12:27:36] "GET /auth/kakao_oauth_redirect?code=b8ur6zfUtewzFmyXVgmsnYF-JPZJnkhikqnqypiftwRAJ-1yd5y4lFet9d9k9oaGe8IWDAopdXcAAAFuquZlCQ HTTP/1.1" 500 -
INFO:werkzeug:127.0.0.1 - - [27/Nov/2019 12:27:36] "GET /auth/kakao_oauth_redirect?__debugger__=yes&cmd=resource&f=style.css HTTP/1.1" 200 -
INFO:werkzeug:127.0.0.1 - - [27/Nov/2019 12:27:36] "GET /auth/kakao_oauth_redirect?__debugger__=yes&cmd=resource&f=debugger.js HTTP/1.1" 200 -
INFO:werkzeug:127.0.0.1 - - [27/Nov/2019 12:27:36] "GET /auth/kakao_oauth_redirect?__debugger__=yes&cmd=resource&f=jquery.js HTTP/1.1" 200 -
INFO:werkzeug:127.0.0.1 - - [27/Nov/2019 12:27:37] "GET /auth/kakao_oauth_redirect?__debugger__=yes&cmd=resource&f=ubuntu.ttf HTTP/1.1" 200 -
INFO:werkzeug:127.0.0.1 - - [27/Nov/2019 12:27:37] "GET /auth/kakao_oauth_redirect?__debugger__=yes&cmd=resource&f=console.png HTTP/1.1" 200 -
INFO:werkzeug:127.0.0.1 - - [27/Nov/2019 12:27:37] "GET /auth/kakao_oauth_redirect?__debugger__=yes&cmd=resource&f=console.png HTTP/1.1" 200 -
DEBUG:urllib3.connectionpool:Starting new HTTPS connection (1): kauth.kakao.com:443
DEBUG:urllib3.connectionpool:https://kauth.kakao.com:443 "POST /oauth/token HTTP/1.1" 200 None
DEBUG:urllib3.connectionpool:Starting new HTTPS connection (1): kapi.kakao.com:443
DEBUG:urllib3.connectionpool:https://kapi.kakao.com:443 "POST /v1/user/me HTTP/1.1" 200 99
INFO:werkzeug:127.0.0.1 - - [27/Nov/2019 12:27:42] "GET /auth/kakao_oauth_redirect?code=MmNXANC_n84MZHDpa1Rwp-gdMgPpm19irBJey5u9NV2ezTYVGjf7rCko3sQWDH92znSxggopdXcAAAFuquZ_IA HTTP/1.1" 500 -
INFO:werkzeug:127.0.0.1 - - [27/Nov/2019 12:27:43] "GET /auth/kakao_oauth_redirect?__debugger__=yes&cmd=resource&f=console.png HTTP/1.1" 200 -
INFO:werkzeug:127.0.0.1 - - [27/Nov/2019 12:27:44] "GET /auth/login HTTP/1.1" 200 -
INFO:werkzeug:127.0.0.1 - - [27/Nov/2019 12:27:46] "GET /auth/login HTTP/1.1" 200 -
DEBUG:urllib3.connectionpool:Starting new HTTPS connection (1): kauth.kakao.com:443
DEBUG:urllib3.connectionpool:https://kauth.kakao.com:443 "POST /oauth/token HTTP/1.1" 200 None
DEBUG:urllib3.connectionpool:Starting new HTTPS connection (1): kapi.kakao.com:443
DEBUG:urllib3.connectionpool:https://kapi.kakao.com:443 "POST /v1/user/me HTTP/1.1" 200 99
INFO:werkzeug:127.0.0.1 - - [27/Nov/2019 12:27:48] "GET /auth/kakao_oauth_redirect?code=iACxd3g1XoXxJuaD9urfG-paPlysBd0oipGH_FRAnlKbaSzbFZX-Nqh8eyILVj7BDtcvHwopdXcAAAFuquaTxQ HTTP/1.1" 500 -
INFO:werkzeug:127.0.0.1 - - [27/Nov/2019 12:27:48] "GET /auth/kakao_oauth_redirect?__debugger__=yes&cmd=resource&f=style.css HTTP/1.1" 200 -
INFO:werkzeug:127.0.0.1 - - [27/Nov/2019 12:27:48] "GET /auth/kakao_oauth_redirect?__debugger__=yes&cmd=resource&f=jquery.js HTTP/1.1" 200 -
INFO:werkzeug:127.0.0.1 - - [27/Nov/2019 12:27:48] "GET /auth/kakao_oauth_redirect?__debugger__=yes&cmd=resource&f=debugger.js HTTP/1.1" 200 -
INFO:werkzeug:127.0.0.1 - - [27/Nov/2019 12:27:48] "GET /auth/kakao_oauth_redirect?__debugger__=yes&cmd=resource&f=ubuntu.ttf HTTP/1.1" 200 -
INFO:werkzeug:127.0.0.1 - - [27/Nov/2019 12:27:48] "GET /auth/kakao_oauth_redirect?__debugger__=yes&cmd=resource&f=console.png HTTP/1.1" 200 -
INFO:werkzeug: * Detected change in 'C:\\Users\\admin\\PycharmProjects\\web_service\\views\\auth.py', reloading
INFO:werkzeug: * Restarting with stat
INFO:root:Flask Web Server Started!!!
WARNING:werkzeug: * Debugger is active!
INFO:werkzeug: * Debugger PIN: 184-035-845
INFO:werkzeug: * Running on http://localhost:8080/ (Press CTRL+C to quit)
INFO:werkzeug:127.0.0.1 - - [27/Nov/2019 12:28:43] "GET /auth/login HTTP/1.1" 200 -
INFO:werkzeug:127.0.0.1 - - [27/Nov/2019 12:28:46] "GET / HTTP/1.1" 200 -
INFO:werkzeug:127.0.0.1 - - [27/Nov/2019 12:28:48] "GET /auth/login HTTP/1.1" 200 -
DEBUG:urllib3.connectionpool:Starting new HTTPS connection (1): kauth.kakao.com:443
DEBUG:urllib3.connectionpool:https://kauth.kakao.com:443 "POST /oauth/token HTTP/1.1" 200 None
DEBUG:urllib3.connectionpool:Starting new HTTPS connection (1): kapi.kakao.com:443
DEBUG:urllib3.connectionpool:https://kapi.kakao.com:443 "POST /v1/user/me HTTP/1.1" 200 99
INFO:werkzeug:127.0.0.1 - - [27/Nov/2019 12:28:50] "GET /auth/kakao_oauth_redirect?code=zufw0I89lIZmmZwCcjLAYwR1JgQnRCwf5nx1RnewsqBsivDf0ut2GqyCJ8Bqh5SjiWEUKAoqAq8AAAFuqueF3A HTTP/1.1" 500 -
INFO:werkzeug:127.0.0.1 - - [27/Nov/2019 12:28:50] "GET /auth/kakao_oauth_redirect?__debugger__=yes&cmd=resource&f=jquery.js HTTP/1.1" 200 -
INFO:werkzeug:127.0.0.1 - - [27/Nov/2019 12:28:50] "GET /auth/kakao_oauth_redirect?__debugger__=yes&cmd=resource&f=style.css HTTP/1.1" 200 -
INFO:werkzeug:127.0.0.1 - - [27/Nov/2019 12:28:50] "GET /auth/kakao_oauth_redirect?__debugger__=yes&cmd=resource&f=debugger.js HTTP/1.1" 200 -
INFO:werkzeug:127.0.0.1 - - [27/Nov/2019 12:28:50] "GET /auth/kakao_oauth_redirect?__debugger__=yes&cmd=resource&f=ubuntu.ttf HTTP/1.1" 200 -
INFO:werkzeug:127.0.0.1 - - [27/Nov/2019 12:28:50] "GET /auth/kakao_oauth_redirect?__debugger__=yes&cmd=resource&f=console.png HTTP/1.1" 200 -
INFO:werkzeug:127.0.0.1 - - [27/Nov/2019 12:28:52] "GET /auth/login HTTP/1.1" 200 -
INFO:werkzeug:127.0.0.1 - - [27/Nov/2019 12:30:04] "GET / HTTP/1.1" 200 -
INFO:werkzeug:127.0.0.1 - - [27/Nov/2019 12:30:05] "GET / HTTP/1.1" 200 -
INFO:werkzeug:127.0.0.1 - - [27/Nov/2019 12:30:06] "GET /auth/login HTTP/1.1" 200 -
DEBUG:urllib3.connectionpool:Starting new HTTPS connection (1): kauth.kakao.com:443
DEBUG:urllib3.connectionpool:https://kauth.kakao.com:443 "POST /oauth/token HTTP/1.1" 200 None
DEBUG:urllib3.connectionpool:Starting new HTTPS connection (1): kapi.kakao.com:443
DEBUG:urllib3.connectionpool:https://kapi.kakao.com:443 "POST /v1/user/me HTTP/1.1" 200 99
INFO:werkzeug:127.0.0.1 - - [27/Nov/2019 12:30:07] "GET /auth/kakao_oauth_redirect?code=i6zQW177LjEXq_nQ8gyYcvm3o-1O0JQkbePdZt88nxw-HmVWhYxMSsHhXG5gMoplW-RTPwoqAq8AAAFuqui0-A HTTP/1.1" 500 -
INFO:werkzeug:127.0.0.1 - - [27/Nov/2019 12:30:07] "GET /auth/kakao_oauth_redirect?__debugger__=yes&cmd=resource&f=style.css HTTP/1.1" 200 -
INFO:werkzeug:127.0.0.1 - - [27/Nov/2019 12:30:07] "GET /auth/kakao_oauth_redirect?__debugger__=yes&cmd=resource&f=debugger.js HTTP/1.1" 200 -
INFO:werkzeug:127.0.0.1 - - [27/Nov/2019 12:30:07] "GET /auth/kakao_oauth_redirect?__debugger__=yes&cmd=resource&f=jquery.js HTTP/1.1" 200 -
INFO:werkzeug:127.0.0.1 - - [27/Nov/2019 12:30:08] "GET /auth/kakao_oauth_redirect?__debugger__=yes&cmd=resource&f=ubuntu.ttf HTTP/1.1" 200 -
INFO:werkzeug:127.0.0.1 - - [27/Nov/2019 12:30:08] "GET /auth/kakao_oauth_redirect?__debugger__=yes&cmd=resource&f=console.png HTTP/1.1" 200 -
INFO:werkzeug:127.0.0.1 - - [27/Nov/2019 12:31:30] "GET / HTTP/1.1" 200 -
INFO:werkzeug:127.0.0.1 - - [27/Nov/2019 12:31:34] "GET /auth/login HTTP/1.1" 200 -
DEBUG:urllib3.connectionpool:Starting new HTTPS connection (1): kauth.kakao.com:443
DEBUG:urllib3.connectionpool:https://kauth.kakao.com:443 "POST /oauth/token HTTP/1.1" 200 None
DEBUG:urllib3.connectionpool:Starting new HTTPS connection (1): kapi.kakao.com:443
DEBUG:urllib3.connectionpool:https://kapi.kakao.com:443 "POST /v1/user/me HTTP/1.1" 200 99
INFO:werkzeug:127.0.0.1 - - [27/Nov/2019 12:31:35] "GET /auth/kakao_oauth_redirect?code=bH4Je6RtdzeL38mDQ2g70xroplz3t7TSMZM3u19B7GWYSLgQIJnslPrSqi1riFfjzSp3xAo9dJgAAAFuquoNsQ HTTP/1.1" 500 -
INFO:werkzeug:127.0.0.1 - - [27/Nov/2019 12:31:36] "GET /auth/kakao_oauth_redirect?__debugger__=yes&cmd=resource&f=style.css HTTP/1.1" 200 -
INFO:werkzeug:127.0.0.1 - - [27/Nov/2019 12:31:36] "GET /auth/kakao_oauth_redirect?__debugger__=yes&cmd=resource&f=debugger.js HTTP/1.1" 200 -
INFO:werkzeug:127.0.0.1 - - [27/Nov/2019 12:31:36] "GET /auth/kakao_oauth_redirect?__debugger__=yes&cmd=resource&f=jquery.js HTTP/1.1" 200 -
INFO:werkzeug:127.0.0.1 - - [27/Nov/2019 12:31:36] "GET /auth/kakao_oauth_redirect?__debugger__=yes&cmd=resource&f=ubuntu.ttf HTTP/1.1" 200 -
INFO:werkzeug:127.0.0.1 - - [27/Nov/2019 12:31:36] "GET /auth/kakao_oauth_redirect?__debugger__=yes&cmd=resource&f=console.png HTTP/1.1" 200 -
INFO:werkzeug:127.0.0.1 - - [27/Nov/2019 12:31:42] "GET /auth/login HTTP/1.1" 200 -
INFO:werkzeug:127.0.0.1 - - [27/Nov/2019 12:32:20] "GET / HTTP/1.1" 200 -
INFO:werkzeug:127.0.0.1 - - [27/Nov/2019 12:32:20] "GET /static/assets/css/material-dashboard.css?v=2.1.1 HTTP/1.1" 200 -
INFO:werkzeug:127.0.0.1 - - [27/Nov/2019 12:32:20] "GET / HTTP/1.1" 200 -
INFO:werkzeug:127.0.0.1 - - [27/Nov/2019 12:32:22] "GET /auth/login HTTP/1.1" 200 -
INFO:werkzeug:127.0.0.1 - - [27/Nov/2019 12:32:22] "GET /static/images/kakao_account_login_btn_medium_narrow.png HTTP/1.1" 200 -
DEBUG:urllib3.connectionpool:Starting new HTTPS connection (1): kauth.kakao.com:443
DEBUG:urllib3.connectionpool:https://kauth.kakao.com:443 "POST /oauth/token HTTP/1.1" 200 None
DEBUG:urllib3.connectionpool:Starting new HTTPS connection (1): kapi.kakao.com:443
DEBUG:urllib3.connectionpool:https://kapi.kakao.com:443 "POST /v1/user/me HTTP/1.1" 200 99
INFO:werkzeug:127.0.0.1 - - [27/Nov/2019 12:32:35] "GET /auth/kakao_oauth_redirect?code=UYwitwT5B1P6kX_-Lo4Y33XozZ5pdEAYDD6Wv5Oyl734ry1-HwMxxIFAvSFgPtFMhm8oRwo9dJkAAAFuqur2hw HTTP/1.1" 500 -
INFO:werkzeug:127.0.0.1 - - [27/Nov/2019 12:32:35] "GET /auth/kakao_oauth_redirect?__debugger__=yes&cmd=resource&f=style.css HTTP/1.1" 200 -
INFO:werkzeug:127.0.0.1 - - [27/Nov/2019 12:32:36] "GET /auth/kakao_oauth_redirect?__debugger__=yes&cmd=resource&f=debugger.js HTTP/1.1" 200 -
INFO:werkzeug:127.0.0.1 - - [27/Nov/2019 12:32:36] "GET /auth/kakao_oauth_redirect?__debugger__=yes&cmd=resource&f=jquery.js HTTP/1.1" 200 -
INFO:werkzeug:127.0.0.1 - - [27/Nov/2019 12:32:36] "GET /auth/kakao_oauth_redirect?__debugger__=yes&cmd=resource&f=ubuntu.ttf HTTP/1.1" 200 -
INFO:werkzeug:127.0.0.1 - - [27/Nov/2019 12:32:36] "GET /auth/kakao_oauth_redirect?__debugger__=yes&cmd=resource&f=console.png HTTP/1.1" 200 -
INFO:werkzeug:127.0.0.1 - - [27/Nov/2019 12:32:36] "GET /auth/kakao_oauth_redirect?__debugger__=yes&cmd=resource&f=console.png HTTP/1.1" 200 -
INFO:werkzeug:127.0.0.1 - - [27/Nov/2019 12:32:43] "GET /auth/login HTTP/1.1" 200 -
DEBUG:urllib3.connectionpool:Starting new HTTPS connection (1): kauth.kakao.com:443
DEBUG:urllib3.connectionpool:https://kauth.kakao.com:443 "POST /oauth/token HTTP/1.1" 200 None
DEBUG:urllib3.connectionpool:Starting new HTTPS connection (1): kapi.kakao.com:443
DEBUG:urllib3.connectionpool:https://kapi.kakao.com:443 "POST /v1/user/me HTTP/1.1" 200 99
INFO:werkzeug:127.0.0.1 - - [27/Nov/2019 12:32:45] "GET /auth/kakao_oauth_redirect?code=G0UoPss-Y1kLsmJxKcXh2n8z2bGeJwpnM-UeF_5hcJSvi-sTlkjRUHP-HTKBC8WRHnIvFAo9dJkAAAFuquseLg HTTP/1.1" 500 -
INFO:werkzeug:127.0.0.1 - - [27/Nov/2019 12:32:45] "GET /auth/kakao_oauth_redirect?__debugger__=yes&cmd=resource&f=style.css HTTP/1.1" 200 -
INFO:werkzeug:127.0.0.1 - - [27/Nov/2019 12:32:45] "GET /auth/kakao_oauth_redirect?__debugger__=yes&cmd=resource&f=jquery.js HTTP/1.1" 200 -
INFO:werkzeug:127.0.0.1 - - [27/Nov/2019 12:32:45] "GET /auth/kakao_oauth_redirect?__debugger__=yes&cmd=resource&f=debugger.js HTTP/1.1" 200 -
INFO:werkzeug:127.0.0.1 - - [27/Nov/2019 12:32:46] "GET /auth/kakao_oauth_redirect?__debugger__=yes&cmd=resource&f=ubuntu.ttf HTTP/1.1" 200 -
INFO:werkzeug:127.0.0.1 - - [27/Nov/2019 12:32:46] "GET /auth/kakao_oauth_redirect?__debugger__=yes&cmd=resource&f=console.png HTTP/1.1" 200 -
DEBUG:urllib3.connectionpool:Starting new HTTPS connection (1): kauth.kakao.com:443
DEBUG:urllib3.connectionpool:https://kauth.kakao.com:443 "POST /oauth/token HTTP/1.1" 400 None
INFO:werkzeug:127.0.0.1 - - [27/Nov/2019 12:32:49] "GET /auth/kakao_oauth_redirect?code=G0UoPss-Y1kLsmJxKcXh2n8z2bGeJwpnM-UeF_5hcJSvi-sTlkjRUHP-HTKBC8WRHnIvFAo9dJkAAAFuquseLg HTTP/1.1" 500 -
INFO:werkzeug:127.0.0.1 - - [27/Nov/2019 12:32:49] "GET /auth/kakao_oauth_redirect?__debugger__=yes&cmd=resource&f=style.css HTTP/1.1" 200 -
INFO:werkzeug:127.0.0.1 - - [27/Nov/2019 12:32:49] "GET /auth/kakao_oauth_redirect?__debugger__=yes&cmd=resource&f=jquery.js HTTP/1.1" 200 -
INFO:werkzeug:127.0.0.1 - - [27/Nov/2019 12:32:49] "GET /auth/kakao_oauth_redirect?__debugger__=yes&cmd=resource&f=debugger.js HTTP/1.1" 200 -
INFO:werkzeug:127.0.0.1 - - [27/Nov/2019 12:32:50] "GET /auth/kakao_oauth_redirect?__debugger__=yes&cmd=resource&f=ubuntu.ttf HTTP/1.1" 200 -
INFO:werkzeug:127.0.0.1 - - [27/Nov/2019 12:32:50] "GET /auth/kakao_oauth_redirect?__debugger__=yes&cmd=resource&f=console.png HTTP/1.1" 200 -
INFO:werkzeug:127.0.0.1 - - [27/Nov/2019 12:32:50] "GET /auth/kakao_oauth_redirect?__debugger__=yes&cmd=resource&f=console.png HTTP/1.1" 200 -
INFO:werkzeug:127.0.0.1 - - [27/Nov/2019 12:33:34] "GET / HTTP/1.1" 200 -
INFO:werkzeug:127.0.0.1 - - [27/Nov/2019 12:33:34] "GET /static/assets/css/material-dashboard.css?v=2.1.1 HTTP/1.1" 200 -
INFO:werkzeug: * Detected change in 'C:\\Users\\admin\\PycharmProjects\\web_service\\views\\auth.py', reloading
INFO:werkzeug: * Restarting with stat
INFO:root:Flask Web Server Started!!!
WARNING:werkzeug: * Debugger is active!
INFO:werkzeug: * Debugger PIN: 184-035-845
INFO:werkzeug: * Running on http://localhost:8080/ (Press CTRL+C to quit)
INFO:werkzeug:127.0.0.1 - - [27/Nov/2019 12:35:59] "GET /auth/login HTTP/1.1" 200 -
INFO:werkzeug:127.0.0.1 - - [27/Nov/2019 12:35:59] "GET /static/images/kakao_account_login_btn_medium_narrow.png HTTP/1.1" 200 -
INFO:werkzeug: * Detected change in 'C:\\Users\\admin\\PycharmProjects\\web_service\\views\\auth.py', reloading
INFO:werkzeug: * Restarting with stat
INFO:root:Flask Web Server Started!!!
WARNING:werkzeug: * Debugger is active!
INFO:werkzeug: * Debugger PIN: 184-035-845
INFO:werkzeug: * Running on http://localhost:8080/ (Press CTRL+C to quit)
INFO:werkzeug:127.0.0.1 - - [27/Nov/2019 12:37:57] "GET /auth/login HTTP/1.1" 200 -
INFO:werkzeug:127.0.0.1 - - [27/Nov/2019 12:38:02] "GET /auth/login HTTP/1.1" 200 -
INFO:werkzeug:127.0.0.1 - - [27/Nov/2019 12:46:52] "GET /auth/login HTTP/1.1" 200 -
INFO:werkzeug: * Detected change in 'C:\\Users\\admin\\PycharmProjects\\web_service\\views\\auth.py', reloading
INFO:werkzeug: * Restarting with stat
INFO:root:Flask Web Server Started!!!
WARNING:werkzeug: * Debugger is active!
INFO:werkzeug: * Debugger PIN: 184-035-845
INFO:werkzeug: * Running on http://localhost:8080/ (Press CTRL+C to quit)
INFO:root:Flask Web Server Started!!!
INFO:werkzeug: * Restarting with stat
INFO:root:Flask Web Server Started!!!
WARNING:werkzeug: * Debugger is active!
INFO:werkzeug: * Debugger PIN: 184-035-845
INFO:werkzeug: * Running on http://localhost:8080/ (Press CTRL+C to quit)
INFO:werkzeug: * Detected change in 'C:\\Users\\admin\\PycharmProjects\\web_service\\views\\auth.py', reloading
INFO:werkzeug: * Restarting with stat
INFO:root:Flask Web Server Started!!!
WARNING:werkzeug: * Debugger is active!
INFO:werkzeug: * Debugger PIN: 184-035-845
INFO:werkzeug: * Running on http://localhost:8080/ (Press CTRL+C to quit)
INFO:root:Flask Web Server Started!!!
INFO:werkzeug: * Restarting with stat
INFO:root:Flask Web Server Started!!!
WARNING:werkzeug: * Debugger is active!
INFO:werkzeug: * Debugger PIN: 184-035-845
INFO:werkzeug: * Running on http://localhost:8080/ (Press CTRL+C to quit)
INFO:werkzeug:127.0.0.1 - - [03/Dec/2019 11:17:20] "GET / HTTP/1.1" 200 -
INFO:werkzeug:127.0.0.1 - - [03/Dec/2019 11:17:20] "GET /static/assets/css/material-dashboard.css?v=2.1.1 HTTP/1.1" 200 -
INFO:werkzeug:127.0.0.1 - - [03/Dec/2019 11:17:21] "GET /favicon.ico HTTP/1.1" 404 -
INFO:werkzeug:127.0.0.1 - - [03/Dec/2019 11:17:27] "GET /auth/login HTTP/1.1" 200 -
INFO:werkzeug:127.0.0.1 - - [03/Dec/2019 11:17:27] "GET /static/images/kakao_account_login_btn_medium_narrow.png HTTP/1.1" 200 -
INFO:werkzeug: * Detected change in 'C:\\Users\\admin\\PycharmProjects\\web_service\\views\\auth.py', reloading
INFO:werkzeug: * Restarting with stat
INFO:root:Flask Web Server Started!!!
INFO:werkzeug: * Restarting with stat
INFO:root:Flask Web Server Started!!!
WARNING:werkzeug: * Debugger is active!
INFO:werkzeug: * Debugger PIN: 184-035-845
INFO:werkzeug: * Running on http://localhost:8080/ (Press CTRL+C to quit)
INFO:werkzeug: * Detected change in 'C:\\Users\\admin\\PycharmProjects\\web_service\\views\\auth.py', reloading
INFO:werkzeug: * Restarting with stat
INFO:root:Flask Web Server Started!!!
WARNING:werkzeug: * Debugger is active!
INFO:werkzeug: * Debugger PIN: 184-035-845
INFO:werkzeug: * Running on http://localhost:8080/ (Press CTRL+C to quit)
INFO:werkzeug: * Detected change in 'C:\\Users\\admin\\PycharmProjects\\web_service\\views\\auth.py', reloading
INFO:werkzeug: * Restarting with stat
INFO:root:Flask Web Server Started!!!
WARNING:werkzeug: * Debugger is active!
INFO:werkzeug: * Debugger PIN: 184-035-845
INFO:werkzeug: * Running on http://localhost:8080/ (Press CTRL+C to quit)
INFO:werkzeug:127.0.0.1 - - [03/Dec/2019 11:34:02] "GET /auth/login HTTP/1.1" 200 -
DEBUG:urllib3.connectionpool:Starting new HTTPS connection (1): kauth.kakao.com:443
DEBUG:urllib3.connectionpool:https://kauth.kakao.com:443 "POST /oauth/token HTTP/1.1" 200 None
DEBUG:urllib3.connectionpool:Starting new HTTPS connection (1): kapi.kakao.com:443
DEBUG:urllib3.connectionpool:https://kapi.kakao.com:443 "POST /v2/user/me HTTP/1.1" 200 326
INFO:werkzeug:127.0.0.1 - - [03/Dec/2019 11:34:20] "GET /auth/kakao_oauth_redirect?code=bisbGmGrBUFyKI80RoirkIUOjRXr1fhM_fHdb2HsdHMzGl1reEnS20BaZnpxYXsg1R_lTgopyNoAAAFuyZvHhA HTTP/1.1" 500 -
INFO:werkzeug:127.0.0.1 - - [03/Dec/2019 11:34:21] "GET /auth/kakao_oauth_redirect?__debugger__=yes&cmd=resource&f=style.css HTTP/1.1" 200 -
INFO:werkzeug:127.0.0.1 - - [03/Dec/2019 11:34:21] "GET /auth/kakao_oauth_redirect?__debugger__=yes&cmd=resource&f=debugger.js HTTP/1.1" 200 -
INFO:werkzeug:127.0.0.1 - - [03/Dec/2019 11:34:21] "GET /auth/kakao_oauth_redirect?__debugger__=yes&cmd=resource&f=jquery.js HTTP/1.1" 200 -
INFO:werkzeug:127.0.0.1 - - [03/Dec/2019 11:34:21] "GET /auth/kakao_oauth_redirect?__debugger__=yes&cmd=resource&f=ubuntu.ttf HTTP/1.1" 200 -
INFO:werkzeug:127.0.0.1 - - [03/Dec/2019 11:34:21] "GET /auth/kakao_oauth_redirect?__debugger__=yes&cmd=resource&f=console.png HTTP/1.1" 200 -
INFO:werkzeug:127.0.0.1 - - [03/Dec/2019 11:34:21] "GET /auth/kakao_oauth_redirect?__debugger__=yes&cmd=resource&f=console.png HTTP/1.1" 200 -
INFO:werkzeug: * Detected change in 'C:\\Users\\admin\\PycharmProjects\\web_service\\views\\auth.py', reloading
INFO:werkzeug: * Restarting with stat
INFO:root:Flask Web Server Started!!!
WARNING:werkzeug: * Debugger is active!
INFO:werkzeug: * Debugger PIN: 184-035-845
INFO:werkzeug: * Running on http://localhost:8080/ (Press CTRL+C to quit)
INFO:werkzeug: * Detected change in 'C:\\Users\\admin\\PycharmProjects\\web_service\\views\\auth.py', reloading
INFO:werkzeug: * Restarting with stat
INFO:root:Flask Web Server Started!!!
WARNING:werkzeug: * Debugger is active!
INFO:werkzeug: * Debugger PIN: 184-035-845
INFO:werkzeug: * Running on http://localhost:8080/ (Press CTRL+C to quit)
DEBUG:urllib3.connectionpool:Starting new HTTPS connection (1): kauth.kakao.com:443
DEBUG:urllib3.connectionpool:https://kauth.kakao.com:443 "POST /oauth/token HTTP/1.1" 200 None
DEBUG:urllib3.connectionpool:Starting new HTTPS connection (1): kapi.kakao.com:443
DEBUG:urllib3.connectionpool:https://kapi.kakao.com:443 "POST /v2/user/me HTTP/1.1" 200 326
INFO:werkzeug:127.0.0.1 - - [03/Dec/2019 11:36:42] "GET /auth/kakao_oauth_redirect?code=w9E6SfoL5FmfBUNb8QKt_pJ78n8Wovpxxft9CUuSOoObVBDDV2lNlzLwaQXSHa3oUJZJXAorDNQAAAFuyZ3yCA HTTP/1.1" 500 -
INFO:werkzeug:127.0.0.1 - - [03/Dec/2019 11:36:42] "GET /auth/kakao_oauth_redirect?__debugger__=yes&cmd=resource&f=style.css HTTP/1.1" 200 -
INFO:werkzeug:127.0.0.1 - - [03/Dec/2019 11:36:42] "GET /auth/kakao_oauth_redirect?__debugger__=yes&cmd=resource&f=jquery.js HTTP/1.1" 200 -
INFO:werkzeug:127.0.0.1 - - [03/Dec/2019 11:36:42] "GET /auth/kakao_oauth_redirect?__debugger__=yes&cmd=resource&f=debugger.js HTTP/1.1" 200 -
INFO:werkzeug:127.0.0.1 - - [03/Dec/2019 11:36:43] "GET /auth/kakao_oauth_redirect?__debugger__=yes&cmd=resource&f=ubuntu.ttf HTTP/1.1" 200 -
INFO:werkzeug:127.0.0.1 - - [03/Dec/2019 11:36:43] "GET /auth/kakao_oauth_redirect?__debugger__=yes&cmd=resource&f=console.png HTTP/1.1" 200 -
INFO:werkzeug:127.0.0.1 - - [03/Dec/2019 11:36:43] "GET /auth/kakao_oauth_redirect?__debugger__=yes&cmd=resource&f=console.png HTTP/1.1" 200 -
INFO:werkzeug:127.0.0.1 - - [03/Dec/2019 11:38:15] "GET /auth/login HTTP/1.1" 200 -
INFO:werkzeug:127.0.0.1 - - [03/Dec/2019 11:38:17] "GET /auth/login HTTP/1.1" 200 -
DEBUG:urllib3.connectionpool:Starting new HTTPS connection (1): kauth.kakao.com:443
DEBUG:urllib3.connectionpool:https://kauth.kakao.com:443 "POST /oauth/token HTTP/1.1" 200 None
DEBUG:urllib3.connectionpool:Starting new HTTPS connection (1): kapi.kakao.com:443
DEBUG:urllib3.connectionpool:https://kapi.kakao.com:443 "POST /v2/user/me HTTP/1.1" 200 186
INFO:werkzeug:127.0.0.1 - - [03/Dec/2019 11:38:19] "GET /auth/kakao_oauth_redirect?code=ZFa0bzjLsvrq6jw6I8rM8KABPYNXQsUskMSWjjLJ2HjgcBa9P_vMk-BJe11OQBZAQOzfwwopyNoAAAFuyZ9s_w HTTP/1.1" 500 -
INFO:werkzeug:127.0.0.1 - - [03/Dec/2019 11:38:19] "GET /auth/kakao_oauth_redirect?__debugger__=yes&cmd=resource&f=style.css HTTP/1.1" 200 -
INFO:werkzeug:127.0.0.1 - - [03/Dec/2019 11:38:19] "GET /auth/kakao_oauth_redirect?__debugger__=yes&cmd=resource&f=jquery.js HTTP/1.1" 200 -
INFO:werkzeug:127.0.0.1 - - [03/Dec/2019 11:38:19] "GET /auth/kakao_oauth_redirect?__debugger__=yes&cmd=resource&f=debugger.js HTTP/1.1" 200 -
INFO:werkzeug:127.0.0.1 - - [03/Dec/2019 11:38:19] "GET /auth/kakao_oauth_redirect?__debugger__=yes&cmd=resource&f=console.png HTTP/1.1" 200 -
INFO:werkzeug:127.0.0.1 - - [03/Dec/2019 11:38:20] "GET /auth/kakao_oauth_redirect?__debugger__=yes&cmd=resource&f=ubuntu.ttf HTTP/1.1" 200 -
INFO:werkzeug:127.0.0.1 - - [03/Dec/2019 11:38:20] "GET /auth/kakao_oauth_redirect?__debugger__=yes&cmd=resource&f=console.png HTTP/1.1" 200 -
INFO:werkzeug:127.0.0.1 - - [03/Dec/2019 11:39:22] "GET /auth/login HTTP/1.1" 200 -
INFO:werkzeug:127.0.0.1 - - [03/Dec/2019 11:39:26] "GET /auth/login HTTP/1.1" 200 -
INFO:werkzeug:127.0.0.1 - - [03/Dec/2019 11:39:26] "GET /auth/login HTTP/1.1" 200 -
DEBUG:urllib3.connectionpool:Starting new HTTPS connection (1): kauth.kakao.com:443
DEBUG:urllib3.connectionpool:https://kauth.kakao.com:443 "POST /oauth/token HTTP/1.1" 200 None
DEBUG:urllib3.connectionpool:Starting new HTTPS connection (1): kapi.kakao.com:443
DEBUG:urllib3.connectionpool:https://kapi.kakao.com:443 "POST /v2/user/me HTTP/1.1" 200 186
INFO:werkzeug:127.0.0.1 - - [03/Dec/2019 11:39:28] "GET /auth/kakao_oauth_redirect?code=icBDe5wUXa--tuvusOJI-by5mQ2hdWn85iInllVPUiPdOBbnPDVChtmeqnTJ3LkFuyR5sAopdbIAAAFuyaB6Yw HTTP/1.1" 500 -
INFO:werkzeug:127.0.0.1 - - [03/Dec/2019 11:39:28] "GET /auth/kakao_oauth_redirect?__debugger__=yes&cmd=resource&f=style.css HTTP/1.1" 200 -
INFO:werkzeug:127.0.0.1 - - [03/Dec/2019 11:39:28] "GET /auth/kakao_oauth_redirect?__debugger__=yes&cmd=resource&f=jquery.js HTTP/1.1" 200 -
INFO:werkzeug:127.0.0.1 - - [03/Dec/2019 11:39:28] "GET /auth/kakao_oauth_redirect?__debugger__=yes&cmd=resource&f=debugger.js HTTP/1.1" 200 -
INFO:werkzeug:127.0.0.1 - - [03/Dec/2019 11:39:28] "GET /auth/kakao_oauth_redirect?__debugger__=yes&cmd=resource&f=ubuntu.ttf HTTP/1.1" 200 -
INFO:werkzeug:127.0.0.1 - - [03/Dec/2019 11:39:28] "GET /auth/kakao_oauth_redirect?__debugger__=yes&cmd=resource&f=console.png HTTP/1.1" 200 -
INFO:werkzeug:127.0.0.1 - - [03/Dec/2019 11:39:28] "GET /auth/kakao_oauth_redirect?__debugger__=yes&cmd=resource&f=console.png HTTP/1.1" 200 -
INFO:werkzeug: * Detected change in 'C:\\Users\\admin\\PycharmProjects\\web_service\\views\\auth.py', reloading
INFO:werkzeug: * Restarting with stat
INFO:root:Flask Web Server Started!!!
WARNING:werkzeug: * Debugger is active!
INFO:werkzeug: * Debugger PIN: 184-035-845
INFO:werkzeug: * Running on http://localhost:8080/ (Press CTRL+C to quit)
INFO:werkzeug:127.0.0.1 - - [03/Dec/2019 11:40:29] "GET /auth/login HTTP/1.1" 200 -
INFO:werkzeug:127.0.0.1 - - [03/Dec/2019 11:40:33] "GET / HTTP/1.1" 200 -
INFO:werkzeug:127.0.0.1 - - [03/Dec/2019 11:40:34] "GET / HTTP/1.1" 200 -
INFO:werkzeug:127.0.0.1 - - [03/Dec/2019 11:40:35] "GET /auth/login HTTP/1.1" 200 -
DEBUG:urllib3.connectionpool:Starting new HTTPS connection (1): kauth.kakao.com:443
DEBUG:urllib3.connectionpool:https://kauth.kakao.com:443 "POST /oauth/token HTTP/1.1" 200 None
DEBUG:urllib3.connectionpool:Starting new HTTPS connection (1): kapi.kakao.com:443
DEBUG:urllib3.connectionpool:https://kapi.kakao.com:443 "POST /v2/user/me HTTP/1.1" 200 186
INFO:werkzeug:127.0.0.1 - - [03/Dec/2019 11:40:37] "GET /auth/kakao_oauth_redirect?code=Bms3qNcg50W0la0HeaV-OGFjGabuRcYxM4zv41zlGaIDJiz4HbJa7BrO9AsArM2MAeufKAoqAvUAAAFuyaGIKQ HTTP/1.1" 500 -
INFO:werkzeug:127.0.0.1 - - [03/Dec/2019 11:40:37] "GET /auth/kakao_oauth_redirect?__debugger__=yes&cmd=resource&f=style.css HTTP/1.1" 200 -
INFO:werkzeug:127.0.0.1 - - [03/Dec/2019 11:40:37] "GET /auth/kakao_oauth_redirect?__debugger__=yes&cmd=resource&f=jquery.js HTTP/1.1" 200 -
INFO:werkzeug:127.0.0.1 - - [03/Dec/2019 11:40:37] "GET /auth/kakao_oauth_redirect?__debugger__=yes&cmd=resource&f=debugger.js HTTP/1.1" 200 -
INFO:werkzeug:127.0.0.1 - - [03/Dec/2019 11:40:38] "GET /auth/kakao_oauth_redirect?__debugger__=yes&cmd=resource&f=ubuntu.ttf HTTP/1.1" 200 -
INFO:werkzeug:127.0.0.1 - - [03/Dec/2019 11:40:38] "GET /auth/kakao_oauth_redirect?__debugger__=yes&cmd=resource&f=console.png HTTP/1.1" 200 -
INFO:werkzeug:127.0.0.1 - - [03/Dec/2019 11:40:38] "GET /auth/kakao_oauth_redirect?__debugger__=yes&cmd=resource&f=console.png HTTP/1.1" 200 -
INFO:werkzeug: * Detected change in 'C:\\Users\\admin\\PycharmProjects\\web_service\\views\\auth.py', reloading
INFO:werkzeug: * Restarting with stat
INFO:root:Flask Web Server Started!!!
WARNING:werkzeug: * Debugger is active!
INFO:werkzeug: * Debugger PIN: 184-035-845
INFO:werkzeug: * Running on http://localhost:8080/ (Press CTRL+C to quit)
INFO:werkzeug: * Detected change in 'C:\\Users\\admin\\PycharmProjects\\web_service\\views\\auth.py', reloading
INFO:werkzeug: * Restarting with stat
INFO:root:Flask Web Server Started!!!
WARNING:werkzeug: * Debugger is active!
INFO:werkzeug: * Debugger PIN: 184-035-845
INFO:werkzeug: * Running on http://localhost:8080/ (Press CTRL+C to quit)
INFO:werkzeug:127.0.0.1 - - [03/Dec/2019 11:42:21] "GET /auth/login HTTP/1.1" 200 -
DEBUG:urllib3.connectionpool:Starting new HTTPS connection (1): kauth.kakao.com:443
DEBUG:urllib3.connectionpool:https://kauth.kakao.com:443 "POST /oauth/token HTTP/1.1" 200 None
DEBUG:urllib3.connectionpool:Starting new HTTPS connection (1): kapi.kakao.com:443
DEBUG:urllib3.connectionpool:https://kapi.kakao.com:443 "POST /v2/user/me HTTP/1.1" 200 186
INFO:werkzeug:127.0.0.1 - - [03/Dec/2019 11:42:23] "GET /auth/kakao_oauth_redirect?code=M9N3eA9g-x8nU-jtFdZ-i9detfE07VwnhPWOWyOE0C34gLNreg4r6ANSmQnyYQsykkjVPgo9dZwAAAFuyaMobQ HTTP/1.1" 500 -
INFO:werkzeug:127.0.0.1 - - [03/Dec/2019 11:42:24] "GET /auth/kakao_oauth_redirect?__debugger__=yes&cmd=resource&f=style.css HTTP/1.1" 200 -
INFO:werkzeug:127.0.0.1 - - [03/Dec/2019 11:42:24] "GET /auth/kakao_oauth_redirect?__debugger__=yes&cmd=resource&f=jquery.js HTTP/1.1" 200 -
INFO:werkzeug:127.0.0.1 - - [03/Dec/2019 11:42:24] "GET /auth/kakao_oauth_redirect?__debugger__=yes&cmd=resource&f=debugger.js HTTP/1.1" 200 -
INFO:werkzeug:127.0.0.1 - - [03/Dec/2019 11:42:24] "GET /auth/kakao_oauth_redirect?__debugger__=yes&cmd=resource&f=ubuntu.ttf HTTP/1.1" 200 -
INFO:werkzeug:127.0.0.1 - - [03/Dec/2019 11:42:24] "GET /auth/kakao_oauth_redirect?__debugger__=yes&cmd=resource&f=console.png HTTP/1.1" 200 -
INFO:werkzeug:127.0.0.1 - - [03/Dec/2019 11:42:24] "GET /auth/kakao_oauth_redirect?__debugger__=yes&cmd=resource&f=console.png HTTP/1.1" 200 -
INFO:werkzeug:127.0.0.1 - - [03/Dec/2019 11:44:09] "GET /auth/login HTTP/1.1" 200 -
INFO:werkzeug:127.0.0.1 - - [03/Dec/2019 11:44:10] "GET / HTTP/1.1" 200 -
INFO:werkzeug:127.0.0.1 - - [03/Dec/2019 11:44:11] "GET / HTTP/1.1" 200 -
INFO:werkzeug:127.0.0.1 - - [03/Dec/2019 11:44:12] "GET / HTTP/1.1" 200 -
INFO:werkzeug:127.0.0.1 - - [03/Dec/2019 11:44:12] "GET /auth/login HTTP/1.1" 200 -
DEBUG:urllib3.connectionpool:Starting new HTTPS connection (1): kauth.kakao.com:443
DEBUG:urllib3.connectionpool:https://kauth.kakao.com:443 "POST /oauth/token HTTP/1.1" 200 None
INFO:werkzeug:127.0.0.1 - - [03/Dec/2019 11:44:13] "GET /auth/kakao_oauth_redirect?code=uXl5fXEcZpbHTlwrugGf1NgS96MFPyeIw8Gfafdr3qD43UHRz7ZxPosdyv-fLxaYt4ugCQopdfcAAAFuyaTV1g HTTP/1.1" 500 -
INFO:werkzeug:127.0.0.1 - - [03/Dec/2019 11:44:13] "GET /auth/kakao_oauth_redirect?__debugger__=yes&cmd=resource&f=style.css HTTP/1.1" 200 -
INFO:werkzeug:127.0.0.1 - - [03/Dec/2019 11:44:13] "GET /auth/kakao_oauth_redirect?__debugger__=yes&cmd=resource&f=jquery.js HTTP/1.1" 200 -
INFO:werkzeug:127.0.0.1 - - [03/Dec/2019 11:44:13] "GET /auth/kakao_oauth_redirect?__debugger__=yes&cmd=resource&f=debugger.js HTTP/1.1" 200 -
INFO:werkzeug:127.0.0.1 - - [03/Dec/2019 11:44:14] "GET /auth/kakao_oauth_redirect?__debugger__=yes&cmd=resource&f=ubuntu.ttf HTTP/1.1" 200 -
INFO:werkzeug:127.0.0.1 - - [03/Dec/2019 11:44:14] "GET /auth/kakao_oauth_redirect?__debugger__=yes&cmd=resource&f=console.png HTTP/1.1" 200 -
INFO:werkzeug:127.0.0.1 - - [03/Dec/2019 11:44:14] "GET /auth/kakao_oauth_redirect?__debugger__=yes&cmd=resource&f=console.png HTTP/1.1" 200 -
INFO:werkzeug: * Detected change in 'C:\\Users\\admin\\PycharmProjects\\web_service\\views\\auth.py', reloading
INFO:werkzeug: * Restarting with stat
INFO:root:Flask Web Server Started!!!
WARNING:werkzeug: * Debugger is active!
INFO:werkzeug: * Debugger PIN: 184-035-845
INFO:werkzeug: * Running on http://localhost:8080/ (Press CTRL+C to quit)
INFO:werkzeug:127.0.0.1 - - [03/Dec/2019 11:44:58] "GET /auth/login HTTP/1.1" 200 -
INFO:werkzeug:127.0.0.1 - - [03/Dec/2019 11:44:58] "GET /auth/login HTTP/1.1" 200 -
DEBUG:urllib3.connectionpool:Starting new HTTPS connection (1): kauth.kakao.com:443
DEBUG:urllib3.connectionpool:https://kauth.kakao.com:443 "POST /oauth/token HTTP/1.1" 200 None
DEBUG:urllib3.connectionpool:Starting new HTTPS connection (1): kapi.kakao.com:443
DEBUG:urllib3.connectionpool:https://kapi.kakao.com:443 "POST /v2/user/me HTTP/1.1" 200 396
INFO:werkzeug:127.0.0.1 - - [03/Dec/2019 11:45:00] "GET /auth/kakao_oauth_redirect?code=PY_S7f2lKq8_ZiWgL1bTX-rfehtObyu73mLFkv81hVP-tDQiapfdAfXRGYzkuSclK8SapQoqAvQAAAFuyaWJtg HTTP/1.1" 500 -
INFO:werkzeug:127.0.0.1 - - [03/Dec/2019 11:45:00] "GET /auth/kakao_oauth_redirect?__debugger__=yes&cmd=resource&f=style.css HTTP/1.1" 200 -
INFO:werkzeug:127.0.0.1 - - [03/Dec/2019 11:45:00] "GET /auth/kakao_oauth_redirect?__debugger__=yes&cmd=resource&f=jquery.js HTTP/1.1" 200 -
INFO:werkzeug:127.0.0.1 - - [03/Dec/2019 11:45:00] "GET /auth/kakao_oauth_redirect?__debugger__=yes&cmd=resource&f=debugger.js HTTP/1.1" 200 -
INFO:werkzeug:127.0.0.1 - - [03/Dec/2019 11:45:00] "GET /auth/kakao_oauth_redirect?__debugger__=yes&cmd=resource&f=ubuntu.ttf HTTP/1.1" 200 -
INFO:werkzeug:127.0.0.1 - - [03/Dec/2019 11:45:00] "GET /auth/kakao_oauth_redirect?__debugger__=yes&cmd=resource&f=console.png HTTP/1.1" 200 -
INFO:werkzeug:127.0.0.1 - - [03/Dec/2019 11:45:01] "GET /auth/kakao_oauth_redirect?__debugger__=yes&cmd=resource&f=console.png HTTP/1.1" 200 -
INFO:werkzeug: * Detected change in 'C:\\Users\\admin\\PycharmProjects\\web_service\\views\\auth.py', reloading
INFO:werkzeug: * Restarting with stat
INFO:root:Flask Web Server Started!!!
WARNING:werkzeug: * Debugger is active!
INFO:werkzeug: * Debugger PIN: 184-035-845
INFO:werkzeug: * Running on http://localhost:8080/ (Press CTRL+C to quit)
INFO:werkzeug:127.0.0.1 - - [03/Dec/2019 11:45:44] "GET /auth/login HTTP/1.1" 200 -
INFO:werkzeug:127.0.0.1 - - [03/Dec/2019 11:45:45] "GET /auth/login HTTP/1.1" 200 -
DEBUG:urllib3.connectionpool:Starting new HTTPS connection (1): kauth.kakao.com:443
DEBUG:urllib3.connectionpool:https://kauth.kakao.com:443 "POST /oauth/token HTTP/1.1" 200 None
DEBUG:urllib3.connectionpool:Starting new HTTPS connection (1): kapi.kakao.com:443
DEBUG:urllib3.connectionpool:https://kapi.kakao.com:443 "POST /v2/user/me HTTP/1.1" 200 396
INFO:werkzeug:127.0.0.1 - - [03/Dec/2019 11:45:47] "GET /auth/kakao_oauth_redirect?code=7BxZZ0-cWRE14UOgfUrTd3XUaJPvWVL9dA8XgMw6HjKxu-PNe8fmK6lL2315wkn1XC6nHgoqAysAAAFuyaZCJA HTTP/1.1" 500 -
INFO:werkzeug:127.0.0.1 - - [03/Dec/2019 11:45:47] "GET /auth/kakao_oauth_redirect?__debugger__=yes&cmd=resource&f=style.css HTTP/1.1" 200 -
INFO:werkzeug:127.0.0.1 - - [03/Dec/2019 11:45:47] "GET /auth/kakao_oauth_redirect?__debugger__=yes&cmd=resource&f=jquery.js HTTP/1.1" 200 -
INFO:werkzeug:127.0.0.1 - - [03/Dec/2019 11:45:47] "GET /auth/kakao_oauth_redirect?__debugger__=yes&cmd=resource&f=debugger.js HTTP/1.1" 200 -
INFO:werkzeug:127.0.0.1 - - [03/Dec/2019 11:45:48] "GET /auth/kakao_oauth_redirect?__debugger__=yes&cmd=resource&f=ubuntu.ttf HTTP/1.1" 200 -
INFO:werkzeug:127.0.0.1 - - [03/Dec/2019 11:45:48] "GET /auth/kakao_oauth_redirect?__debugger__=yes&cmd=resource&f=console.png HTTP/1.1" 200 -
INFO:werkzeug:127.0.0.1 - - [03/Dec/2019 11:45:48] "GET /auth/kakao_oauth_redirect?__debugger__=yes&cmd=resource&f=console.png HTTP/1.1" 200 -
INFO:werkzeug:127.0.0.1 - - [03/Dec/2019 11:46:43] "GET /auth/login HTTP/1.1" 200 -
INFO:werkzeug:127.0.0.1 - - [03/Dec/2019 11:46:44] "GET /auth/login HTTP/1.1" 200 -
DEBUG:urllib3.connectionpool:Starting new HTTPS connection (1): kauth.kakao.com:443
DEBUG:urllib3.connectionpool:https://kauth.kakao.com:443 "POST /oauth/token HTTP/1.1" 200 None
DEBUG:urllib3.connectionpool:Starting new HTTPS connection (1): kapi.kakao.com:443
DEBUG:urllib3.connectionpool:https://kapi.kakao.com:443 "POST /v2/user/me HTTP/1.1" 200 396
INFO:werkzeug:127.0.0.1 - - [03/Dec/2019 11:46:46] "GET /auth/kakao_oauth_redirect?code=koJazV2nN7lUBuAF7XiU4CzdkymXtF3MoC0TQjQInoZxi33xOH0Mv1wcdqRpHWNTbqIkBAoqAvQAAAFuyacnyA HTTP/1.1" 500 -
INFO:werkzeug:127.0.0.1 - - [03/Dec/2019 11:46:46] "GET /auth/kakao_oauth_redirect?__debugger__=yes&cmd=resource&f=style.css HTTP/1.1" 200 -
INFO:werkzeug:127.0.0.1 - - [03/Dec/2019 11:46:46] "GET /auth/kakao_oauth_redirect?__debugger__=yes&cmd=resource&f=jquery.js HTTP/1.1" 200 -
INFO:werkzeug:127.0.0.1 - - [03/Dec/2019 11:46:46] "GET /auth/kakao_oauth_redirect?__debugger__=yes&cmd=resource&f=debugger.js HTTP/1.1" 200 -
INFO:werkzeug:127.0.0.1 - - [03/Dec/2019 11:46:47] "GET /auth/kakao_oauth_redirect?__debugger__=yes&cmd=resource&f=ubuntu.ttf HTTP/1.1" 200 -
INFO:werkzeug:127.0.0.1 - - [03/Dec/2019 11:46:47] "GET /auth/kakao_oauth_redirect?__debugger__=yes&cmd=resource&f=console.png HTTP/1.1" 200 -
INFO:werkzeug:127.0.0.1 - - [03/Dec/2019 11:46:47] "GET /auth/kakao_oauth_redirect?__debugger__=yes&cmd=resource&f=console.png HTTP/1.1" 200 -
INFO:root:Flask Web Server Started!!!
INFO:werkzeug: * Restarting with stat
INFO:root:Flask Web Server Started!!!
WARNING:werkzeug: * Debugger is active!
INFO:werkzeug: * Debugger PIN: 184-035-845
INFO:werkzeug: * Running on http://localhost:8080/ (Press CTRL+C to quit)
INFO:werkzeug:127.0.0.1 - - [03/Dec/2019 11:47:24] "GET / HTTP/1.1" 200 -
INFO:werkzeug:127.0.0.1 - - [03/Dec/2019 11:47:26] "GET /auth/login HTTP/1.1" 200 -
DEBUG:urllib3.connectionpool:Starting new HTTPS connection (1): kauth.kakao.com:443
DEBUG:urllib3.connectionpool:https://kauth.kakao.com:443 "POST /oauth/token HTTP/1.1" 200 None
DEBUG:urllib3.connectionpool:Starting new HTTPS connection (1): kapi.kakao.com:443
DEBUG:urllib3.connectionpool:https://kapi.kakao.com:443 "POST /v2/user/me HTTP/1.1" 200 396
INFO:werkzeug:127.0.0.1 - - [03/Dec/2019 11:47:28] "GET /auth/kakao_oauth_redirect?code=4hFdYE6g5xeq9UhjjTFT9nDfHg9uzyshhG8Y-A1_ioHL9xSiLPsmGtNlgj0Nm5jdH1KChwopyV8AAAFuyafNDQ HTTP/1.1" 500 -
INFO:werkzeug:127.0.0.1 - - [03/Dec/2019 11:47:28] "GET /auth/kakao_oauth_redirect?__debugger__=yes&cmd=resource&f=style.css HTTP/1.1" 200 -
INFO:werkzeug:127.0.0.1 - - [03/Dec/2019 11:47:28] "GET /auth/kakao_oauth_redirect?__debugger__=yes&cmd=resource&f=debugger.js HTTP/1.1" 200 -
INFO:werkzeug:127.0.0.1 - - [03/Dec/2019 11:47:28] "GET /auth/kakao_oauth_redirect?__debugger__=yes&cmd=resource&f=jquery.js HTTP/1.1" 200 -
INFO:werkzeug:127.0.0.1 - - [03/Dec/2019 11:47:29] "GET /auth/kakao_oauth_redirect?__debugger__=yes&cmd=resource&f=ubuntu.ttf HTTP/1.1" 200 -
INFO:werkzeug:127.0.0.1 - - [03/Dec/2019 11:47:29] "GET /auth/kakao_oauth_redirect?__debugger__=yes&cmd=resource&f=console.png HTTP/1.1" 200 -
INFO:werkzeug:127.0.0.1 - - [03/Dec/2019 11:47:29] "GET /auth/kakao_oauth_redirect?__debugger__=yes&cmd=resource&f=console.png HTTP/1.1" 200 -
INFO:werkzeug:127.0.0.1 - - [03/Dec/2019 11:50:47] "GET /auth/login HTTP/1.1" 200 -
INFO:werkzeug: * Detected change in 'C:\\Users\\admin\\PycharmProjects\\web_service\\views\\auth.py', reloading
INFO:werkzeug: * Restarting with stat
INFO:root:Flask Web Server Started!!!
WARNING:werkzeug: * Debugger is active!
INFO:werkzeug: * Debugger PIN: 184-035-845
INFO:werkzeug: * Running on http://localhost:8080/ (Press CTRL+C to quit)
INFO:werkzeug:127.0.0.1 - - [03/Dec/2019 11:52:20] "GET /auth/login HTTP/1.1" 200 -
DEBUG:urllib3.connectionpool:Starting new HTTPS connection (1): kauth.kakao.com:443
DEBUG:urllib3.connectionpool:https://kauth.kakao.com:443 "POST /oauth/token HTTP/1.1" 200 None
DEBUG:urllib3.connectionpool:Starting new HTTPS connection (1): kapi.kakao.com:443
DEBUG:urllib3.connectionpool:https://kapi.kakao.com:443 "POST /v2/user/me HTTP/1.1" 200 186
INFO:werkzeug:127.0.0.1 - - [03/Dec/2019 11:52:21] "GET /auth/kakao_oauth_redirect?code=XWPIwG3SX_5bBkPs36NEZhft_7ekHMdNA8b0fxrS18jvFWDToAuUhq64wsP1yenV5HtUNwo9dVwAAAFuyaxFoQ HTTP/1.1" 500 -
INFO:werkzeug:127.0.0.1 - - [03/Dec/2019 11:52:21] "GET /auth/kakao_oauth_redirect?__debugger__=yes&cmd=resource&f=jquery.js HTTP/1.1" 200 -
INFO:werkzeug:127.0.0.1 - - [03/Dec/2019 11:52:21] "GET /auth/kakao_oauth_redirect?__debugger__=yes&cmd=resource&f=debugger.js HTTP/1.1" 200 -
INFO:werkzeug:127.0.0.1 - - [03/Dec/2019 11:52:21] "GET /auth/kakao_oauth_redirect?__debugger__=yes&cmd=resource&f=style.css HTTP/1.1" 200 -
INFO:werkzeug:127.0.0.1 - - [03/Dec/2019 11:52:21] "GET /auth/kakao_oauth_redirect?__debugger__=yes&cmd=resource&f=ubuntu.ttf HTTP/1.1" 200 -
INFO:werkzeug:127.0.0.1 - - [03/Dec/2019 11:52:21] "GET /auth/kakao_oauth_redirect?__debugger__=yes&cmd=resource&f=console.png HTTP/1.1" 200 -
INFO:werkzeug:127.0.0.1 - - [03/Dec/2019 11:52:21] "GET /auth/kakao_oauth_redirect?__debugger__=yes&cmd=resource&f=console.png HTTP/1.1" 200 -
INFO:werkzeug: * Detected change in 'C:\\Users\\admin\\PycharmProjects\\web_service\\views\\auth.py', reloading
INFO:werkzeug: * Restarting with stat
INFO:root:Flask Web Server Started!!!
WARNING:werkzeug: * Debugger is active!
INFO:werkzeug: * Debugger PIN: 184-035-845
INFO:werkzeug: * Running on http://localhost:8080/ (Press CTRL+C to quit)
INFO:werkzeug:127.0.0.1 - - [03/Dec/2019 11:53:03] "GET /auth/login HTTP/1.1" 200 -
INFO:werkzeug: * Detected change in 'C:\\Users\\admin\\PycharmProjects\\web_service\\views\\auth.py', reloading
INFO:werkzeug: * Restarting with stat
INFO:root:Flask Web Server Started!!!
WARNING:werkzeug: * Debugger is active!
INFO:werkzeug: * Debugger PIN: 184-035-845
INFO:werkzeug: * Running on http://localhost:8080/ (Press CTRL+C to quit)
INFO:werkzeug:127.0.0.1 - - [03/Dec/2019 11:54:53] "GET /auth/login HTTP/1.1" 200 -
INFO:werkzeug:127.0.0.1 - - [03/Dec/2019 11:54:56] "GET / HTTP/1.1" 200 -
INFO:werkzeug:127.0.0.1 - - [03/Dec/2019 11:54:57] "GET / HTTP/1.1" 200 -
INFO:werkzeug:127.0.0.1 - - [03/Dec/2019 11:54:59] "GET /auth/login HTTP/1.1" 200 -
DEBUG:urllib3.connectionpool:Starting new HTTPS connection (1): kauth.kakao.com:443
DEBUG:urllib3.connectionpool:https://kauth.kakao.com:443 "POST /oauth/token HTTP/1.1" 200 None
DEBUG:urllib3.connectionpool:Starting new HTTPS connection (1): kapi.kakao.com:443
DEBUG:urllib3.connectionpool:https://kapi.kakao.com:443 "POST /v2/user/me HTTP/1.1" 200 186
INFO:werkzeug:127.0.0.1 - - [03/Dec/2019 11:55:01] "GET /auth/kakao_oauth_redirect?code=3Tj7_7RqANxhZPS0VsHJBdpuO71NGdKr7OE6PFuu0ckN0K_uTxpVuwNpyrPFtSYBuytMvwoqAvUAAAFuya624g HTTP/1.1" 500 -
INFO:werkzeug:127.0.0.1 - - [03/Dec/2019 11:55:01] "GET /auth/kakao_oauth_redirect?__debugger__=yes&cmd=resource&f=style.css HTTP/1.1" 200 -
INFO:werkzeug:127.0.0.1 - - [03/Dec/2019 11:55:01] "GET /auth/kakao_oauth_redirect?__debugger__=yes&cmd=resource&f=jquery.js HTTP/1.1" 200 -
INFO:werkzeug:127.0.0.1 - - [03/Dec/2019 11:55:01] "GET /auth/kakao_oauth_redirect?__debugger__=yes&cmd=resource&f=debugger.js HTTP/1.1" 200 -
INFO:werkzeug:127.0.0.1 - - [03/Dec/2019 11:55:02] "GET /auth/kakao_oauth_redirect?__debugger__=yes&cmd=resource&f=ubuntu.ttf HTTP/1.1" 200 -
INFO:werkzeug:127.0.0.1 - - [03/Dec/2019 11:55:02] "GET /auth/kakao_oauth_redirect?__debugger__=yes&cmd=resource&f=console.png HTTP/1.1" 200 -
INFO:werkzeug:127.0.0.1 - - [03/Dec/2019 11:55:02] "GET /auth/kakao_oauth_redirect?__debugger__=yes&cmd=resource&f=console.png HTTP/1.1" 200 -
INFO:werkzeug:127.0.0.1 - - [03/Dec/2019 11:55:03] "GET /auth/login HTTP/1.1" 200 -
INFO:werkzeug:127.0.0.1 - - [03/Dec/2019 11:55:33] "GET / HTTP/1.1" 200 -
INFO:werkzeug:127.0.0.1 - - [03/Dec/2019 11:55:41] "GET /static/assets/css/material-dashboard.css?v=2.1.1 HTTP/1.1" 200 -
INFO:werkzeug:127.0.0.1 - - [03/Dec/2019 11:55:43] "GET /auth/login HTTP/1.1" 200 -
INFO:werkzeug:127.0.0.1 - - [03/Dec/2019 11:55:44] "GET /static/images/kakao_account_login_btn_medium_narrow.png HTTP/1.1" 200 -
DEBUG:urllib3.connectionpool:Starting new HTTPS connection (1): kauth.kakao.com:443
DEBUG:urllib3.connectionpool:https://kauth.kakao.com:443 "POST /oauth/token HTTP/1.1" 200 None
DEBUG:urllib3.connectionpool:Starting new HTTPS connection (1): kapi.kakao.com:443
DEBUG:urllib3.connectionpool:https://kapi.kakao.com:443 "POST /v2/user/me HTTP/1.1" 200 186
INFO:werkzeug:127.0.0.1 - - [03/Dec/2019 11:55:57] "GET /auth/kakao_oauth_redirect?code=9JcffN13pNFVScKrDBbKbIzfNV6qk8pHvd652tDxWIBCi3WoI_q3IVliXbK82yrIrZzVNwo9d2gAAAFuya-TaQ HTTP/1.1" 500 -
INFO:werkzeug:127.0.0.1 - - [03/Dec/2019 11:55:57] "GET /auth/kakao_oauth_redirect?__debugger__=yes&cmd=resource&f=style.css HTTP/1.1" 200 -
INFO:werkzeug:127.0.0.1 - - [03/Dec/2019 11:55:58] "GET /auth/kakao_oauth_redirect?__debugger__=yes&cmd=resource&f=jquery.js HTTP/1.1" 200 -
INFO:werkzeug:127.0.0.1 - - [03/Dec/2019 11:55:58] "GET /auth/kakao_oauth_redirect?__debugger__=yes&cmd=resource&f=debugger.js HTTP/1.1" 200 -
INFO:werkzeug:127.0.0.1 - - [03/Dec/2019 11:55:58] "GET /auth/kakao_oauth_redirect?__debugger__=yes&cmd=resource&f=ubuntu.ttf HTTP/1.1" 200 -
INFO:werkzeug:127.0.0.1 - - [03/Dec/2019 11:55:58] "GET /auth/kakao_oauth_redirect?__debugger__=yes&cmd=resource&f=console.png HTTP/1.1" 200 -
INFO:werkzeug:127.0.0.1 - - [03/Dec/2019 11:55:58] "GET /auth/kakao_oauth_redirect?__debugger__=yes&cmd=resource&f=console.png HTTP/1.1" 200 -
INFO:werkzeug:127.0.0.1 - - [03/Dec/2019 11:56:10] "GET /auth/login HTTP/1.1" 200 -
DEBUG:urllib3.connectionpool:Starting new HTTPS connection (1): dapi.kakao.com:443
DEBUG:urllib3.connectionpool:https://dapi.kakao.com:443 "GET /v2/search/image?query=%EB%83%A5%EB%83%A5%EC%9D%B4 HTTP/1.1" 200 None
INFO:werkzeug:127.0.0.1 - - [03/Dec/2019 11:56:14] "GET /menus/images HTTP/1.1" 200 -
INFO:werkzeug:127.0.0.1 - - [03/Dec/2019 11:56:16] "GET / HTTP/1.1" 200 -
INFO:werkzeug:127.0.0.1 - - [03/Dec/2019 11:56:16] "GET /auth/login HTTP/1.1" 200 -
DEBUG:urllib3.connectionpool:Starting new HTTPS connection (1): kauth.kakao.com:443
DEBUG:urllib3.connectionpool:https://kauth.kakao.com:443 "POST /oauth/token HTTP/1.1" 200 None
DEBUG:urllib3.connectionpool:Starting new HTTPS connection (1): kapi.kakao.com:443
DEBUG:urllib3.connectionpool:https://kapi.kakao.com:443 "POST /v2/user/me HTTP/1.1" 200 186
INFO:werkzeug:127.0.0.1 - - [03/Dec/2019 11:56:18] "GET /auth/kakao_oauth_redirect?code=qv8QScmBBZlO4OxiDntINigBZcRvgs06UECCD15MWwae2jg_0CYplp7V9suudmLS_J05ugo9d2gAAAFuya_jPg HTTP/1.1" 500 -
INFO:werkzeug:127.0.0.1 - - [03/Dec/2019 11:56:18] "GET /auth/kakao_oauth_redirect?__debugger__=yes&cmd=resource&f=style.css HTTP/1.1" 200 -
INFO:werkzeug:127.0.0.1 - - [03/Dec/2019 11:56:18] "GET /auth/kakao_oauth_redirect?__debugger__=yes&cmd=resource&f=debugger.js HTTP/1.1" 200 -
INFO:werkzeug:127.0.0.1 - - [03/Dec/2019 11:56:18] "GET /auth/kakao_oauth_redirect?__debugger__=yes&cmd=resource&f=jquery.js HTTP/1.1" 200 -
INFO:werkzeug:127.0.0.1 - - [03/Dec/2019 11:56:18] "GET /auth/kakao_oauth_redirect?__debugger__=yes&cmd=resource&f=console.png HTTP/1.1" 200 -
INFO:werkzeug:127.0.0.1 - - [03/Dec/2019 11:56:19] "GET /auth/kakao_oauth_redirect?__debugger__=yes&cmd=resource&f=ubuntu.ttf HTTP/1.1" 200 -
INFO:werkzeug:127.0.0.1 - - [03/Dec/2019 11:56:19] "GET /auth/kakao_oauth_redirect?__debugger__=yes&cmd=resource&f=console.png HTTP/1.1" 200 -
INFO:root:Flask Web Server Started!!!
INFO:werkzeug: * Restarting with stat
INFO:root:Flask Web Server Started!!!
WARNING:werkzeug: * Debugger is active!
INFO:werkzeug: * Debugger PIN: 184-035-845
INFO:werkzeug: * Running on http://localhost:8080/ (Press CTRL+C to quit)
INFO:werkzeug:127.0.0.1 - - [03/Dec/2019 11:58:50] "GET / HTTP/1.1" 200 -
INFO:werkzeug:127.0.0.1 - - [03/Dec/2019 11:58:50] "GET /static/assets/css/material-dashboard.css?v=2.1.1 HTTP/1.1" 304 -
INFO:werkzeug:127.0.0.1 - - [03/Dec/2019 11:58:50] "GET /favicon.ico HTTP/1.1" 404 -
INFO:werkzeug:127.0.0.1 - - [03/Dec/2019 11:58:52] "GET /auth/login HTTP/1.1" 200 -
INFO:werkzeug:127.0.0.1 - - [03/Dec/2019 11:58:52] "GET /static/images/kakao_account_login_btn_medium_narrow.png HTTP/1.1" 304 -
DEBUG:urllib3.connectionpool:Starting new HTTPS connection (1): kauth.kakao.com:443
DEBUG:urllib3.connectionpool:https://kauth.kakao.com:443 "POST /oauth/token HTTP/1.1" 200 None
DEBUG:urllib3.connectionpool:Starting new HTTPS connection (1): kapi.kakao.com:443
DEBUG:urllib3.connectionpool:https://kapi.kakao.com:443 "POST /v2/user/me HTTP/1.1" 200 186
INFO:werkzeug:127.0.0.1 - - [03/Dec/2019 11:59:13] "GET /auth/kakao_oauth_redirect?code=zLV5KqHkNQc7yI7Acy-0wcHKJH3S4t07uHvs2nEBbLSLL7cK5d2aqLadgM6qDd88V1KZ1Ao9dRkAAAFuybKQaw HTTP/1.1" 500 -
INFO:werkzeug:127.0.0.1 - - [03/Dec/2019 11:59:13] "GET /auth/kakao_oauth_redirect?__debugger__=yes&cmd=resource&f=style.css HTTP/1.1" 200 -
INFO:werkzeug:127.0.0.1 - - [03/Dec/2019 11:59:14] "GET /auth/kakao_oauth_redirect?__debugger__=yes&cmd=resource&f=jquery.js HTTP/1.1" 200 -
INFO:werkzeug:127.0.0.1 - - [03/Dec/2019 11:59:14] "GET /auth/kakao_oauth_redirect?__debugger__=yes&cmd=resource&f=debugger.js HTTP/1.1" 200 -
INFO:werkzeug:127.0.0.1 - - [03/Dec/2019 11:59:14] "GET /auth/kakao_oauth_redirect?__debugger__=yes&cmd=resource&f=ubuntu.ttf HTTP/1.1" 200 -
INFO:werkzeug:127.0.0.1 - - [03/Dec/2019 11:59:14] "GET /auth/kakao_oauth_redirect?__debugger__=yes&cmd=resource&f=console.png HTTP/1.1" 200 -
INFO:werkzeug:127.0.0.1 - - [03/Dec/2019 11:59:14] "GET /auth/kakao_oauth_redirect?__debugger__=yes&cmd=resource&f=console.png HTTP/1.1" 200 -
INFO:werkzeug:127.0.0.1 - - [03/Dec/2019 11:59:30] "GET / HTTP/1.1" 200 -
INFO:werkzeug:127.0.0.1 - - [03/Dec/2019 11:59:31] "GET /static/assets/css/material-dashboard.css?v=2.1.1 HTTP/1.1" 200 -
INFO:werkzeug:127.0.0.1 - - [03/Dec/2019 11:59:34] "GET /auth/login HTTP/1.1" 200 -
INFO:werkzeug:127.0.0.1 - - [03/Dec/2019 11:59:34] "GET /static/images/kakao_account_login_btn_medium_narrow.png HTTP/1.1" 200 -
INFO:werkzeug:127.0.0.1 - - [03/Dec/2019 11:59:37] "GET /auth/login HTTP/1.1" 200 -
INFO:werkzeug:127.0.0.1 - - [03/Dec/2019 12:03:11] "GET /auth/login HTTP/1.1" 200 -
DEBUG:urllib3.connectionpool:Starting new HTTPS connection (1): kauth.kakao.com:443
DEBUG:urllib3.connectionpool:https://kauth.kakao.com:443 "POST /oauth/token HTTP/1.1" 200 None
DEBUG:urllib3.connectionpool:Starting new HTTPS connection (1): kapi.kakao.com:443
DEBUG:urllib3.connectionpool:https://kapi.kakao.com:443 "POST /v2/user/me HTTP/1.1" 200 675
INFO:werkzeug:127.0.0.1 - - [03/Dec/2019 12:03:34] "GET /auth/kakao_oauth_redirect?code=H_o6EKwPNVwcHuvlHPDKh6O4Km2pBfI81w-m0RquFNTbnq3Ijh_3hWC7QNP9WwNhfVxungo9dZsAAAFuybaKmw HTTP/1.1" 500 -
INFO:werkzeug:127.0.0.1 - - [03/Dec/2019 12:03:34] "GET /auth/kakao_oauth_redirect?__debugger__=yes&cmd=resource&f=style.css HTTP/1.1" 200 -
INFO:werkzeug:127.0.0.1 - - [03/Dec/2019 12:03:34] "GET /auth/kakao_oauth_redirect?__debugger__=yes&cmd=resource&f=jquery.js HTTP/1.1" 200 -
INFO:werkzeug:127.0.0.1 - - [03/Dec/2019 12:03:34] "GET /auth/kakao_oauth_redirect?__debugger__=yes&cmd=resource&f=debugger.js HTTP/1.1" 200 -
INFO:werkzeug:127.0.0.1 - - [03/Dec/2019 12:03:35] "GET /auth/kakao_oauth_redirect?__debugger__=yes&cmd=resource&f=ubuntu.ttf HTTP/1.1" 200 -
INFO:werkzeug:127.0.0.1 - - [03/Dec/2019 12:03:35] "GET /auth/kakao_oauth_redirect?__debugger__=yes&cmd=resource&f=console.png HTTP/1.1" 200 -
DEBUG:urllib3.connectionpool:Starting new HTTPS connection (1): kauth.kakao.com:443
DEBUG:urllib3.connectionpool:https://kauth.kakao.com:443 "POST /oauth/token HTTP/1.1" 200 None
DEBUG:urllib3.connectionpool:Starting new HTTPS connection (1): kapi.kakao.com:443
DEBUG:urllib3.connectionpool:https://kapi.kakao.com:443 "POST /v2/user/me HTTP/1.1" 200 675
INFO:werkzeug:127.0.0.1 - - [03/Dec/2019 12:04:04] "GET /auth/kakao_oauth_redirect?code=R1bK2SqBUzjsZcokPJGz6lj_v97r7hSZcKTLWiSVCbxnnvgWLzTeEoxDCUiFHRuCnKejqgo9dZsAAAFuybb_sA HTTP/1.1" 500 -
INFO:werkzeug:127.0.0.1 - - [03/Dec/2019 12:04:04] "GET /auth/kakao_oauth_redirect?__debugger__=yes&cmd=resource&f=console.png HTTP/1.1" 200 -
INFO:werkzeug:127.0.0.1 - - [03/Dec/2019 12:04:06] "GET /auth/kakao_oauth_redirect?__debugger__=yes&cmd=resource&f=console.png HTTP/1.1" 200 -
INFO:werkzeug: * Detected change in 'C:\\Users\\admin\\PycharmProjects\\web_service\\views\\auth.py', reloading
INFO:werkzeug: * Restarting with stat
INFO:root:Flask Web Server Started!!!
WARNING:werkzeug: * Debugger is active!
INFO:werkzeug: * Debugger PIN: 184-035-845
INFO:werkzeug: * Running on http://localhost:8080/ (Press CTRL+C to quit)
DEBUG:urllib3.connectionpool:Starting new HTTPS connection (1): kauth.kakao.com:443
DEBUG:urllib3.connectionpool:https://kauth.kakao.com:443 "POST /oauth/token HTTP/1.1" 400 None
INFO:werkzeug:127.0.0.1 - - [03/Dec/2019 12:06:02] "GET /auth/kakao_oauth_redirect?code=H_o6EKwPNVwcHuvlHPDKh6O4Km2pBfI81w-m0RquFNTbnq3Ijh_3hWC7QNP9WwNhfVxungo9dZsAAAFuybaKmw HTTP/1.1" 500 -
INFO:werkzeug:127.0.0.1 - - [03/Dec/2019 12:06:02] "GET /auth/kakao_oauth_redirect?__debugger__=yes&cmd=resource&f=style.css HTTP/1.1" 200 -
INFO:werkzeug:127.0.0.1 - - [03/Dec/2019 12:06:03] "GET /auth/kakao_oauth_redirect?__debugger__=yes&cmd=resource&f=jquery.js HTTP/1.1" 200 -
INFO:werkzeug:127.0.0.1 - - [03/Dec/2019 12:06:03] "GET /auth/kakao_oauth_redirect?__debugger__=yes&cmd=resource&f=debugger.js HTTP/1.1" 200 -
INFO:werkzeug:127.0.0.1 - - [03/Dec/2019 12:06:03] "GET /auth/kakao_oauth_redirect?__debugger__=yes&cmd=resource&f=ubuntu.ttf HTTP/1.1" 200 -
INFO:werkzeug:127.0.0.1 - - [03/Dec/2019 12:06:03] "GET /auth/kakao_oauth_redirect?__debugger__=yes&cmd=resource&f=console.png HTTP/1.1" 200 -
DEBUG:urllib3.connectionpool:Starting new HTTPS connection (1): kauth.kakao.com:443
DEBUG:urllib3.connectionpool:https://kauth.kakao.com:443 "POST /oauth/token HTTP/1.1" 400 None
INFO:werkzeug:127.0.0.1 - - [03/Dec/2019 12:06:03] "GET /auth/kakao_oauth_redirect?code=H_o6EKwPNVwcHuvlHPDKh6O4Km2pBfI81w-m0RquFNTbnq3Ijh_3hWC7QNP9WwNhfVxungo9dZsAAAFuybaKmw HTTP/1.1" 500 -
INFO:werkzeug:127.0.0.1 - - [03/Dec/2019 12:06:04] "GET /auth/kakao_oauth_redirect?__debugger__=yes&cmd=resource&f=style.css HTTP/1.1" 200 -
INFO:werkzeug:127.0.0.1 - - [03/Dec/2019 12:06:04] "GET /auth/kakao_oauth_redirect?__debugger__=yes&cmd=resource&f=jquery.js HTTP/1.1" 200 -
INFO:werkzeug:127.0.0.1 - - [03/Dec/2019 12:06:04] "GET /auth/kakao_oauth_redirect?__debugger__=yes&cmd=resource&f=debugger.js HTTP/1.1" 200 -
INFO:werkzeug:127.0.0.1 - - [03/Dec/2019 12:06:04] "GET /auth/kakao_oauth_redirect?__debugger__=yes&cmd=resource&f=ubuntu.ttf HTTP/1.1" 200 -
INFO:werkzeug:127.0.0.1 - - [03/Dec/2019 12:06:04] "GET /auth/kakao_oauth_redirect?__debugger__=yes&cmd=resource&f=console.png HTTP/1.1" 200 -
INFO:werkzeug:127.0.0.1 - - [03/Dec/2019 12:06:05] "GET / HTTP/1.1" 200 -
INFO:werkzeug:127.0.0.1 - - [03/Dec/2019 12:06:07] "GET /auth/login HTTP/1.1" 200 -
DEBUG:urllib3.connectionpool:Starting new HTTPS connection (1): kauth.kakao.com:443
DEBUG:urllib3.connectionpool:https://kauth.kakao.com:443 "POST /oauth/token HTTP/1.1" 200 None
DEBUG:urllib3.connectionpool:Starting new HTTPS connection (1): kapi.kakao.com:443
DEBUG:urllib3.connectionpool:https://kapi.kakao.com:443 "POST /v2/user/me HTTP/1.1" 200 675
INFO:werkzeug:127.0.0.1 - - [03/Dec/2019 12:06:08] "GET /auth/kakao_oauth_redirect?code=l4h9yS0KQUjZuAUaLXeW8NVgsWiJrSWqFoWUEWgrTStXdFJb62CFrqHzx9hwOFAQsnzKBAoqAvQAAAFuybjlWg HTTP/1.1" 302 -
INFO:werkzeug:127.0.0.1 - - [03/Dec/2019 12:06:08] "GET / HTTP/1.1" 200 -
INFO:werkzeug:127.0.0.1 - - [03/Dec/2019 12:07:09] "GET /auth/my_page HTTP/1.1" 200 -
INFO:werkzeug: * Detected change in 'C:\\Users\\admin\\PycharmProjects\\web_service\\views\\auth.py', reloading
INFO:werkzeug: * Restarting with stat
INFO:root:Flask Web Server Started!!!
WARNING:werkzeug: * Debugger is active!
INFO:werkzeug: * Debugger PIN: 184-035-845
INFO:werkzeug: * Running on http://localhost:8080/ (Press CTRL+C to quit)
INFO:werkzeug:127.0.0.1 - - [03/Dec/2019 12:07:38] "GET /auth/my_page HTTP/1.1" 401 -
INFO:werkzeug:127.0.0.1 - - [03/Dec/2019 12:07:44] "GET / HTTP/1.1" 200 -
INFO:werkzeug:127.0.0.1 - - [03/Dec/2019 12:07:46] "GET /auth/login HTTP/1.1" 200 -
DEBUG:urllib3.connectionpool:Starting new HTTPS connection (1): kauth.kakao.com:443
DEBUG:urllib3.connectionpool:https://kauth.kakao.com:443 "POST /oauth/token HTTP/1.1" 200 None
DEBUG:urllib3.connectionpool:Starting new HTTPS connection (1): kapi.kakao.com:443
DEBUG:urllib3.connectionpool:https://kapi.kakao.com:443 "POST /v2/user/me HTTP/1.1" 200 675
INFO:werkzeug:127.0.0.1 - - [03/Dec/2019 12:07:48] "GET /auth/kakao_oauth_redirect?code=s6k0gvbOmrV_tMFSg3j1WfLi9ehGb7sYzBwoqBUTzDrckKBowPbkkD-vf-KF_dkqeVh32go9dRkAAAFuybpqAw HTTP/1.1" 302 -
INFO:werkzeug:127.0.0.1 - - [03/Dec/2019 12:07:48] "GET / HTTP/1.1" 200 -
DEBUG:urllib3.connectionpool:Starting new HTTPS connection (1): dapi.kakao.com:443
DEBUG:urllib3.connectionpool:https://dapi.kakao.com:443 "GET /v2/search/image?query=%EB%83%A5%EB%83%A5%EC%9D%B4 HTTP/1.1" 200 None
INFO:werkzeug:127.0.0.1 - - [03/Dec/2019 12:27:59] "GET /menus/images HTTP/1.1" 200 -
DEBUG:urllib3.connectionpool:Starting new HTTPS connection (1): dapi.kakao.com:443
DEBUG:urllib3.connectionpool:https://dapi.kakao.com:443 "GET /v3/search/book?target=title&query=%EB%AF%B8%EC%9B%80%EB%B0%9B%EC%9D%84%20%EC%9A%A9%EA%B8%B0 HTTP/1.1" 200 None
INFO:werkzeug:127.0.0.1 - - [03/Dec/2019 12:28:00] "GET /menus/books HTTP/1.1" 200 -
DEBUG:urllib3.connectionpool:Starting new HTTPS connection (1): kapi.kakao.com:443
DEBUG:urllib3.connectionpool:https://kapi.kakao.com:443 "POST /v1/user/logout HTTP/1.1" 200 17
INFO:werkzeug:127.0.0.1 - - [03/Dec/2019 12:28:06] "GET /auth/logout HTTP/1.1" 302 -
INFO:werkzeug:127.0.0.1 - - [03/Dec/2019 12:28:06] "GET / HTTP/1.1" 200 -
INFO:werkzeug: * Detected change in 'C:\\Users\\admin\\PycharmProjects\\web_service\\views\\auth.py', reloading
INFO:werkzeug: * Restarting with stat
INFO:root:Flask Web Server Started!!!
WARNING:werkzeug: * Debugger is active!
INFO:werkzeug: * Debugger PIN: 184-035-845
INFO:werkzeug: * Running on http://localhost:8080/ (Press CTRL+C to quit)
